Archive member included because of file (symbol)

c:/program files (x86)/gnu tools arm embedded/4.9 2015q3/bin/../lib/gcc/arm-none-eabi/4.9.3/../../../../arm-none-eabi/lib/armv7e-m/fpu\libc_nano.a(lib_a-exit.o)
                              c:/program files (x86)/gnu tools arm embedded/4.9 2015q3/bin/../lib/gcc/arm-none-eabi/4.9.3/../../../../arm-none-eabi/lib/armv7e-m/fpu/crt0.o (exit)
c:/program files (x86)/gnu tools arm embedded/4.9 2015q3/bin/../lib/gcc/arm-none-eabi/4.9.3/../../../../arm-none-eabi/lib/armv7e-m/fpu\libc_nano.a(lib_a-impure.o)
                              c:/program files (x86)/gnu tools arm embedded/4.9 2015q3/bin/../lib/gcc/arm-none-eabi/4.9.3/../../../../arm-none-eabi/lib/armv7e-m/fpu\libc_nano.a(lib_a-exit.o) (_global_impure_ptr)
c:/program files (x86)/gnu tools arm embedded/4.9 2015q3/bin/../lib/gcc/arm-none-eabi/4.9.3/../../../../arm-none-eabi/lib/armv7e-m/fpu\libc_nano.a(lib_a-init.o)
                              c:/program files (x86)/gnu tools arm embedded/4.9 2015q3/bin/../lib/gcc/arm-none-eabi/4.9.3/../../../../arm-none-eabi/lib/armv7e-m/fpu/crt0.o (__libc_init_array)
c:/program files (x86)/gnu tools arm embedded/4.9 2015q3/bin/../lib/gcc/arm-none-eabi/4.9.3/../../../../arm-none-eabi/lib/armv7e-m/fpu\libc_nano.a(lib_a-memset.o)
                              c:/program files (x86)/gnu tools arm embedded/4.9 2015q3/bin/../lib/gcc/arm-none-eabi/4.9.3/../../../../arm-none-eabi/lib/armv7e-m/fpu/crt0.o (memset)
c:/program files (x86)/gnu tools arm embedded/4.9 2015q3/bin/../lib/gcc/arm-none-eabi/4.9.3/../../../../arm-none-eabi/lib/armv7e-m/fpu\libnosys.a(_exit.o)
                              c:/program files (x86)/gnu tools arm embedded/4.9 2015q3/bin/../lib/gcc/arm-none-eabi/4.9.3/../../../../arm-none-eabi/lib/armv7e-m/fpu\libc_nano.a(lib_a-exit.o) (_exit)
c:/program files (x86)/gnu tools arm embedded/4.9 2015q3/bin/../lib/gcc/arm-none-eabi/4.9.3/../../../../arm-none-eabi/lib/armv7e-m/fpu\libc_nano.a(lib_a-memcmp.o)
                              _build/id_manager.o (memcmp)
c:/program files (x86)/gnu tools arm embedded/4.9 2015q3/bin/../lib/gcc/arm-none-eabi/4.9.3/../../../../arm-none-eabi/lib/armv7e-m/fpu\libc_nano.a(lib_a-memcpy.o)
                              _build/SEGGER_RTT.o (memcpy)
c:/program files (x86)/gnu tools arm embedded/4.9 2015q3/bin/../lib/gcc/arm-none-eabi/4.9.3/../../../../arm-none-eabi/lib/armv7e-m/fpu\libc_nano.a(lib_a-strcpy.o)
                              _build/SEGGER_RTT.o (strcpy)
c:/program files (x86)/gnu tools arm embedded/4.9 2015q3/bin/../lib/gcc/arm-none-eabi/4.9.3/../../../../arm-none-eabi/lib/armv7e-m/fpu\libc_nano.a(lib_a-strlen.o)
                              _build/SEGGER_RTT.o (strlen)
c:/program files (x86)/gnu tools arm embedded/4.9 2015q3/bin/../lib/gcc/arm-none-eabi/4.9.3/../../../../arm-none-eabi/lib/armv7e-m/fpu\libc_nano.a(lib_a-vprintf.o)
                              _build/nrf_log.o (vprintf)
c:/program files (x86)/gnu tools arm embedded/4.9 2015q3/bin/../lib/gcc/arm-none-eabi/4.9.3/../../../../arm-none-eabi/lib/armv7e-m/fpu\libc_nano.a(lib_a-findfp.o)
                              c:/program files (x86)/gnu tools arm embedded/4.9 2015q3/bin/../lib/gcc/arm-none-eabi/4.9.3/../../../../arm-none-eabi/lib/armv7e-m/fpu\libc_nano.a(lib_a-vprintf.o) (__sinit)
c:/program files (x86)/gnu tools arm embedded/4.9 2015q3/bin/../lib/gcc/arm-none-eabi/4.9.3/../../../../arm-none-eabi/lib/armv7e-m/fpu\libc_nano.a(lib_a-fwalk.o)
                              c:/program files (x86)/gnu tools arm embedded/4.9 2015q3/bin/../lib/gcc/arm-none-eabi/4.9.3/../../../../arm-none-eabi/lib/armv7e-m/fpu\libc_nano.a(lib_a-findfp.o) (_fwalk)
c:/program files (x86)/gnu tools arm embedded/4.9 2015q3/bin/../lib/gcc/arm-none-eabi/4.9.3/../../../../arm-none-eabi/lib/armv7e-m/fpu\libc_nano.a(lib_a-nano-mallocr.o)
                              c:/program files (x86)/gnu tools arm embedded/4.9 2015q3/bin/../lib/gcc/arm-none-eabi/4.9.3/../../../../arm-none-eabi/lib/armv7e-m/fpu\libc_nano.a(lib_a-findfp.o) (_malloc_r)
c:/program files (x86)/gnu tools arm embedded/4.9 2015q3/bin/../lib/gcc/arm-none-eabi/4.9.3/../../../../arm-none-eabi/lib/armv7e-m/fpu\libc_nano.a(lib_a-nano-vfprintf.o)
                              c:/program files (x86)/gnu tools arm embedded/4.9 2015q3/bin/../lib/gcc/arm-none-eabi/4.9.3/../../../../arm-none-eabi/lib/armv7e-m/fpu\libc_nano.a(lib_a-vprintf.o) (_vfprintf_r)
c:/program files (x86)/gnu tools arm embedded/4.9 2015q3/bin/../lib/gcc/arm-none-eabi/4.9.3/../../../../arm-none-eabi/lib/armv7e-m/fpu\libc_nano.a(lib_a-nano-vfprintf_i.o)
                              c:/program files (x86)/gnu tools arm embedded/4.9 2015q3/bin/../lib/gcc/arm-none-eabi/4.9.3/../../../../arm-none-eabi/lib/armv7e-m/fpu\libc_nano.a(lib_a-nano-vfprintf.o) (_printf_i)
c:/program files (x86)/gnu tools arm embedded/4.9 2015q3/bin/../lib/gcc/arm-none-eabi/4.9.3/../../../../arm-none-eabi/lib/armv7e-m/fpu\libc_nano.a(lib_a-sbrkr.o)
[...]
Memory Configuration

Name             Origin             Length             Attributes
FLASH            0x0001c000         0x00064000         xr
RAM              0x20002080         0x0000df80         xrw
*default*        0x00000000         0xffffffff

Linker script and memory map


.text           0x0001c000     0xf7d8
 *(.isr_vector)
 .isr_vector    0x0001c000      0x400 _build/gcc_startup_nrf52.o
                0x0001c000                __isr_vector
 *(.text*)
 .text          0x0001c400       0x5c c:/program files (x86)/gnu tools arm embedded/4.9 2015q3/bin/../lib/gcc/arm-none-eabi/4.9.3/armv7e-m/fpu/crtbegin.o
 .text          0x0001c45c       0x74 c:/program files (x86)/gnu tools arm embedded/4.9 2015q3/bin/../lib/gcc/arm-none-eabi/4.9.3/../../../../arm-none-eabi/lib/armv7e-m/fpu/crt0.o
                0x0001c45c                _start
                0x0001c45c                _mainCRTStartup
 .text.exit     0x0001c4d0       0x28 c:/program files (x86)/gnu tools arm embedded/4.9 2015q3/bin/../lib/gcc/arm-none-eabi/4.9.3/../../../../arm-none-eabi/lib/armv7e-m/fpu\libc_nano.a(lib_a-exit.o)
                0x0001c4d0                exit
 .text.__libc_init_array
                0x0001c4f8       0x4c c:/program files (x86)/gnu tools arm embedded/4.9 2015q3/bin/../lib/gcc/arm-none-eabi/4.9.3/../../../../arm-none-eabi/lib/armv7e-m/fpu\libc_nano.a(lib_a-init.o)
                0x0001c4f8                __libc_init_array
 .text.memset   0x0001c544       0x10 c:/program files (x86)/gnu tools arm embedded/4.9 2015q3/bin/../lib/gcc/arm-none-eabi/4.9.3/../../../../arm-none-eabi/lib/armv7e-m/fpu\libc_nano.a(lib_a-memset.o)
                0x0001c544                memset
 .text._exit    0x0001c554        0x4 c:/program files (x86)/gnu tools arm embedded/4.9 2015q3/bin/../lib/gcc/arm-none-eabi/4.9.3/../../../../arm-none-eabi/lib/armv7e-m/fpu\libnosys.a(_exit.o)
                0x0001c554                _exit
 .text.detection_delay_timeout_handler
                0x0001c558       0xa4 _build/app_button.o
 .text.gpiote_event_handler
                0x0001c5fc       0x5c _build/app_button.o
 .text.app_button_init
                0x0001c658       0xb0 _build/app_button.o
                0x0001c658                app_button_init
 .text.app_button_enable
                0x0001c708       0x2c _build/app_button.o
                0x0001c708                app_button_enable
 .text.app_error_handler_bare
                0x0001c734       0x20 _build/app_error.o
                0x0001c734                app_error_handler_bare
 .text.app_error_fault_handler
                0x0001c754       0x24 _build/app_error_weak.o
                0x0001c754                app_error_fault_handler
 .text.app_fifo_init
                0x0001c778       0x20 _build/app_fifo.o
                0x0001c778                app_fifo_init
 .text.app_fifo_put
                0x0001c798       0x30 _build/app_fifo.o
                0x0001c798                app_fifo_put
 .text.app_fifo_get
                0x0001c7c8       0x2c _build/app_fifo.o
                0x0001c7c8                app_fifo_get
 .text.rtc1_stop
                0x0001c7f4      0x134 _build/app_timer.o
 .text.RTC1_IRQHandler
                0x0001c928       0xc4 _build/app_timer.o
                0x0001c928                RTC1_IRQHandler
 .text.SWI0_EGU0_IRQHandler
                0x0001c9ec      0x4c4 _build/app_timer.o
                0x0001c9ec                SWI0_EGU0_IRQHandler
 .text.app_timer_init
                0x0001ceb0       0xdc _build/app_timer.o
                0x0001ceb0                app_timer_init
 .text.app_timer_create
                0x0001cf8c       0x24 _build/app_timer.o
                0x0001cf8c                app_timer_create
 .text.app_timer_start
                0x0001cfb0       0xd4 _build/app_timer.o
                0x0001cfb0                app_timer_start
 .text.app_timer_stop
                0x0001d084       0xa8 _build/app_timer.o
                0x0001d084                app_timer_stop
 .text.app_util_critical_region_enter
                0x0001d12c       0x50 _build/app_util_platform.o
                0x0001d12c                app_util_critical_region_enter
 .text.app_util_critical_region_exit
                0x0001d17c       0x30 _build/app_util_platform.o
                0x0001d17c                app_util_critical_region_exit
 .text.write_space_reserve
                0x0001d1ac       0x60 _build/fds.o
 .text.record_find_by_desc
                0x0001d20c       0xd4 _build/fds.o
 .text.queue_process
                0x0001d2e0      0x99c _build/fds.o
 .text.fs_event_handler
                0x0001dc7c        0x8 _build/fds.o
 .text.fds_register
                0x0001dc84       0x28 _build/fds.o
                0x0001dc84                fds_register
 .text.fds_init
                0x0001dcac      0x2b4 _build/fds.o
                0x0001dcac                fds_init
 .text.fds_record_open
                0x0001df60       0x48 _build/fds.o
                0x0001df60                fds_record_open
 .text.fds_record_close
                0x0001dfa8       0x48 _build/fds.o
                0x0001dfa8                fds_record_close
 .text.fds_reserve
                0x0001dff0       0x80 _build/fds.o
                0x0001dff0                fds_reserve
 .text.fds_reserve_cancel
                0x0001e070       0x5c _build/fds.o
                0x0001e070                fds_reserve_cancel
 .text.fds_record_write
                0x0001e0cc      0x20c _build/fds.o
                0x0001e0cc                fds_record_write
 .text.fds_record_write_reserved
                0x0001e2d8      0x18c _build/fds.o
                0x0001e2d8                fds_record_write_reserved
 .text.fds_record_update
                0x0001e464      0x1c4 _build/fds.o
                0x0001e464                fds_record_update
 .text.fds_record_delete
                0x0001e628       0x7c _build/fds.o
                0x0001e628                fds_record_delete
 .text.fds_file_delete
                0x0001e6a4       0x80 _build/fds.o
                0x0001e6a4                fds_file_delete
 .text.fds_gc   0x0001e724       0x70 _build/fds.o
                0x0001e724                fds_gc
 .text.fds_record_find
                0x0001e794       0xd4 _build/fds.o
                0x0001e794                fds_record_find
 .text.fds_record_find_by_key
                0x0001e868       0xd0 _build/fds.o
                0x0001e868                fds_record_find_by_key
 .text.fds_record_find_in_file
                0x0001e938       0xd0 _build/fds.o
                0x0001e938                fds_record_find_in_file
 .text.fds_descriptor_from_rec_id
                0x0001ea08       0x1c _build/fds.o
                0x0001ea08                fds_descriptor_from_rec_id
 .text.fds_record_id_from_desc
                0x0001ea24       0x10 _build/fds.o
                0x0001ea24                fds_record_id_from_desc
 .text.sd_flash_write
                0x0001ea34        0x4 _build/fstorage.o
 .text.sd_flash_page_erase
                0x0001ea38        0x4 _build/fstorage.o
 .text.unlikely.queue_get_next_free
                0x0001ea3c       0x38 _build/fstorage.o
 .text.unlikely.queue_start
                0x0001ea74       0xd0 _build/fstorage.o
 .text.fs_init  0x0001eb44       0x90 _build/fstorage.o
                0x0001eb44                fs_init
 .text.fs_store
                0x0001ebd4       0x90 _build/fstorage.o
                0x0001ebd4                fs_store
 .text.fs_erase
                0x0001ec64       0x88 _build/fstorage.o
                0x0001ec64                fs_erase
 .text.fs_queued_op_count_get
                0x0001ecec       0x14 _build/fstorage.o
                0x0001ecec                fs_queued_op_count_get
 .text.fs_sys_event_handler
                0x0001ed00      0x294 _build/fstorage.o
                0x0001ed00                fs_sys_event_handler
 .text.uart_error_cb
                0x0001ef94       0x14 _build/nrf_log.o
                0x0001ef94                uart_error_cb
 .text.log_uart_init
                0x0001efa8       0x54 _build/nrf_log.o
                0x0001efa8                log_uart_init
 .text.log_uart_printf
                0x0001effc       0x1c _build/nrf_log.o
                0x0001effc                log_uart_printf
 .text.log_uart_write_string_many
                0x0001f018       0x3c _build/nrf_log.o
                0x0001f018                log_uart_write_string_many
 .text._write   0x0001f054       0x1c _build/retarget.o
                0x0001f054                _write
 .text._read    0x0001f070       0x14 _build/retarget.o
                0x0001f070                _read
 .text.sdk_mapped_flags_first_key_index_get
                0x0001f084       0x48 _build/sdk_mapped_flags.o
                0x0001f084                sdk_mapped_flags_first_key_index_get
 .text.sdk_mapped_flags_update_by_key
                0x0001f0cc       0x90 _build/sdk_mapped_flags.o
                0x0001f0cc                sdk_mapped_flags_update_by_key
 .text.sdk_mapped_flags_bulk_update_by_key
                0x0001f15c      0x210 _build/sdk_mapped_flags.o
                0x0001f15c                sdk_mapped_flags_bulk_update_by_key
 .text.sdk_mapped_flags_get_by_key
                0x0001f36c       0x5c _build/sdk_mapped_flags.o
                0x0001f36c                sdk_mapped_flags_get_by_key
 .text.sdk_mapped_flags_key_list_get
                0x0001f3c8       0x80 _build/sdk_mapped_flags.o
                0x0001f3c8                sdk_mapped_flags_key_list_get
 .text.uart_event_handler
                0x0001f448       0xc0 _build/app_uart_fifo.o
 .text.app_uart_init
                0x0001f508       0xcc _build/app_uart_fifo.o
                0x0001f508                app_uart_init
 .text.app_uart_get
                0x0001f5d4       0x38 _build/app_uart_fifo.o
                0x0001f5d4                app_uart_get
 .text.app_uart_put
                0x0001f60c       0x3c _build/app_uart_fifo.o
                0x0001f60c                app_uart_put
 .text.nrf_drv_common_irq_enable
                0x0001f648       0x50 _build/nrf_drv_common.o
                0x0001f648                nrf_drv_common_irq_enable
 .text.nrf_drv_gpiote_init
                0x0001f698       0x70 _build/nrf_drv_gpiote.o
                0x0001f698                nrf_drv_gpiote_init
 .text.nrf_drv_gpiote_is_init
                0x0001f708       0x14 _build/nrf_drv_gpiote.o
                0x0001f708                nrf_drv_gpiote_is_init
 .text.nrf_drv_gpiote_in_init
                0x0001f71c      0x194 _build/nrf_drv_gpiote.o
                0x0001f71c                nrf_drv_gpiote_in_init
 .text.nrf_drv_gpiote_in_event_enable
                0x0001f8b0       0xc4 _build/nrf_drv_gpiote.o
                0x0001f8b0                nrf_drv_gpiote_in_event_enable
 .text.nrf_drv_gpiote_in_is_set
                0x0001f974       0x14 _build/nrf_drv_gpiote.o
                0x0001f974                nrf_drv_gpiote_in_is_set
 .text.GPIOTE_IRQHandler
                0x0001f988      0x3d0 _build/nrf_drv_gpiote.o
                0x0001f988                GPIOTE_IRQHandler
 .text.SAADC_IRQHandler
                0x0001fd58       0xcc _build/nrf_drv_saadc.o
                0x0001fd58                SAADC_IRQHandler
 .text.nrf_drv_saadc_init
                0x0001fe24       0x70 _build/nrf_drv_saadc.o
                0x0001fe24                nrf_drv_saadc_init
 .text.nrf_drv_saadc_channel_init
                0x0001fe94       0x5c _build/nrf_drv_saadc.o
                0x0001fe94                nrf_drv_saadc_channel_init
 .text.nrf_drv_saadc_buffer_convert
                0x0001fef0       0x7c _build/nrf_drv_saadc.o
                0x0001fef0                nrf_drv_saadc_buffer_convert
 .text.nrf_drv_saadc_sample
                0x0001ff6c       0x20 _build/nrf_drv_saadc.o
                0x0001ff6c                nrf_drv_saadc_sample
 .text.nrf_drv_uart_init
                0x0001ff8c      0x190 _build/nrf_drv_uart.o
                0x0001ff8c                nrf_drv_uart_init
 .text.nrf_drv_uart_tx
                0x0002011c      0x128 _build/nrf_drv_uart.o
                0x0002011c                nrf_drv_uart_tx
 .text.nrf_drv_uart_tx_in_progress
                0x00020244       0x10 _build/nrf_drv_uart.o
                0x00020244                nrf_drv_uart_tx_in_progress
 .text.nrf_drv_uart_rx
                0x00020254      0x1dc _build/nrf_drv_uart.o
                0x00020254                nrf_drv_uart_rx
 .text.nrf_drv_uart_rx_enable
                0x00020430       0x34 _build/nrf_drv_uart.o
                0x00020430                nrf_drv_uart_rx_enable
 .text.UARTE0_UART0_IRQHandler
                0x00020464      0x2c0 _build/nrf_drv_uart.o
                0x00020464                UARTE0_UART0_IRQHandler
 .text.nrf_saadc_channel_init
                0x00020724       0x58 _build/nrf_saadc.o
                0x00020724                nrf_saadc_channel_init
 .text.pstorage_access_status_get
                0x0002077c       0x24 _build/pstorage.o
                0x0002077c                pstorage_access_status_get
 .text.alert_timer_handler
                0x000207a0       0x1c _build/bsp.o
 .text.bsp_button_event_handler
                0x000207bc       0xc4 _build/bsp.o
 .text.leds_timer_handler
                0x00020880      0x3b4 _build/bsp.o
 .text.button_timer_handler
                0x00020c34       0x44 _build/bsp.o
 .text.bsp_button_is_pressed
                0x00020c78       0x30 _build/bsp.o
                0x00020c78                bsp_button_is_pressed
 .text.bsp_indication_set
                0x00020ca8      0x404 _build/bsp.o
                0x00020ca8                bsp_indication_set
 .text.bsp_init
                0x000210ac       0xbc _build/bsp.o
                0x000210ac                bsp_init
 .text.bsp_event_to_button_action_assign
                0x00021168       0x50 _build/bsp.o
                0x00021168                bsp_event_to_button_action_assign
 .text.bsp_wakeup_buttons_set
                0x000211b8       0x88 _build/bsp.o
                0x000211b8                bsp_wakeup_buttons_set
 .text.bsp_btn_ble_sleep_mode_prepare
                0x00021240       0x14 _build/bsp_btn_ble.o
                0x00021240                bsp_btn_ble_sleep_mode_prepare
 .text.bsp_btn_ble_on_ble_evt
                0x00021254       0xb0 _build/bsp_btn_ble.o
                0x00021254                bsp_btn_ble_on_ble_evt
 .text.bsp_btn_ble_init
                0x00021304       0x8c _build/bsp_btn_ble.o
                0x00021304                bsp_btn_ble_init
 .text.sd_ble_gap_disconnect
                0x00021390        0x4 _build/main.o
 .text.sd_ble_gap_tx_power_set
                0x00021394        0x4 _build/main.o
 .text.sd_ble_gap_appearance_set
                0x00021398        0x4 _build/main.o
 .text.sd_ble_gap_ppcp_set
                0x0002139c        0x4 _build/main.o
 .text.sd_ble_gap_device_name_set
                0x000213a0        0x4 _build/main.o
 .text.sd_ble_gatts_rw_authorize_reply
                0x000213a4        0x4 _build/main.o
 .text.sd_ble_user_mem_reply
                0x000213a8        0x4 _build/main.o
 .text.sd_power_system_off
                0x000213ac        0x4 _build/main.o
 .text.sd_app_evt_wait
                0x000213b0        0x4 _build/main.o
 .text.service_error_handler
                0x000213b4        0x4 _build/main.o
 .text.conn_params_error_handler
                0x000213b8        0x4 _build/main.o
 .text.battery_level_meas_timeout_handler
                0x000213bc       0x14 _build/main.o
 .text.sys_evt_dispatch
                0x000213d0       0x14 _build/main.o
 .text.ble_evt_dispatch
                0x000213e4      0x118 _build/main.o
 .text.db_disc_handler
                0x000214fc        0xc _build/main.o
 .text.my_fds_evt_handler
                0x00021508       0x14 _build/main.o
 .text.saadc_event_handler
                0x0002151c      0x114 _build/main.o
                0x0002151c                saadc_event_handler
 .text.on_lls_evt
                0x00021630       0x40 _build/main.o
 .text.bsp_event_handler
                0x00021670       0xac _build/main.o
 .text.on_bas_evt
                0x0002171c       0x30 _build/main.o
 .text.on_ias_c_evt
                0x0002174c       0x38 _build/main.o
 .text.pm_evt_handler
                0x00021784       0x98 _build/main.o
 .text.on_ias_evt
                0x0002181c       0x40 _build/main.o
 .text.on_adv_evt
                0x0002185c       0x3c _build/main.o
 .text.startup.main
                0x00021898      0x580 _build/main.o
                0x00021898                main
 .text.sd_ble_gap_address_get
                0x00021e18        0x4 _build/ble_advdata.o
 .text.sd_ble_gap_adv_data_set
                0x00021e1c        0x4 _build/ble_advdata.o
 .text.sd_ble_gap_appearance_get
                0x00021e20        0x4 _build/ble_advdata.o
 .text.sd_ble_gap_device_name_get
                0x00021e24        0x4 _build/ble_advdata.o
 .text.sd_ble_uuid_encode
                0x00021e28        0x4 _build/ble_advdata.o
 .text.name_encode
                0x00021e2c       0x90 _build/ble_advdata.o
 .text.uuid_list_sized_encode
                0x00021ebc       0xc0 _build/ble_advdata.o
 .text.adv_data_encode
                0x00021f7c      0x554 _build/ble_advdata.o
                0x00021f7c                adv_data_encode
 .text.ble_advdata_set
                0x000224d0      0x5b8 _build/ble_advdata.o
                0x000224d0                ble_advdata_set
 .text.sd_ble_gap_adv_start
                0x00022a88        0x4 _build/ble_advertising.o
 .text.ble_advertising_init
                0x00022a8c      0x188 _build/ble_advertising.o
                0x00022a8c                ble_advertising_init
 .text.ble_advertising_start
                0x00022c14      0x340 _build/ble_advertising.o
                0x00022c14                ble_advertising_start
 .text.ble_advertising_on_ble_evt
                0x00022f54       0xe8 _build/ble_advertising.o
                0x00022f54                ble_advertising_on_ble_evt
 .text.ble_advertising_on_sys_evt
                0x0002303c       0x38 _build/ble_advertising.o
                0x0002303c                ble_advertising_on_sys_evt
 .text.sd_ble_gatts_service_add
                0x00023074        0x4 _build/ble_bas.o
 .text.sd_ble_gatts_characteristic_add
                0x00023078        0x4 _build/ble_bas.o
 .text.sd_ble_gatts_descriptor_add
                0x0002307c        0x4 _build/ble_bas.o
 .text.sd_ble_gatts_value_set
                0x00023080        0x4 _build/ble_bas.o
 .text.sd_ble_gatts_hvx
                0x00023084        0x4 _build/ble_bas.o
 .text.ble_bas_on_ble_evt
                0x00023088       0x58 _build/ble_bas.o
                0x00023088                ble_bas_on_ble_evt
 .text.ble_bas_init
                0x000230e0      0x1a8 _build/ble_bas.o
                0x000230e0                ble_bas_init
 .text.ble_bas_battery_level_update
                0x00023288       0x84 _build/ble_bas.o
                0x00023288                ble_bas_battery_level_update
 .text.sd_ble_gap_conn_param_update
                0x0002330c        0x4 _build/ble_conn_params.o
 .text.sd_ble_gap_disconnect
                0x00023310        0x4 _build/ble_conn_params.o
 .text.sd_ble_gap_ppcp_set
                0x00023314        0x4 _build/ble_conn_params.o
 .text.sd_ble_gap_ppcp_get
                0x00023318        0x4 _build/ble_conn_params.o
 .text.update_timeout_handler
                0x0002331c       0x74 _build/ble_conn_params.o
 .text.conn_params_negotiation
                0x00023390       0x94 _build/ble_conn_params.o
 .text.ble_conn_params_init
                0x00023424       0x74 _build/ble_conn_params.o
                0x00023424                ble_conn_params_init
 .text.ble_conn_params_on_ble_evt
                0x00023498       0xb4 _build/ble_conn_params.o
                0x00023498                ble_conn_params_on_ble_evt
 .text.ble_conn_state_on_ble_evt
                0x0002354c      0x10c _build/ble_conn_state.o
                0x0002354c                ble_conn_state_on_ble_evt
 .text.ble_conn_state_role
                0x00023658       0x2c _build/ble_conn_state.o
                0x00023658                ble_conn_state_role
 .text.ble_conn_state_encrypted
                0x00023684       0x10 _build/ble_conn_state.o
                0x00023684                ble_conn_state_encrypted
 .text.ble_conn_state_mitm_protected
                0x00023694       0x10 _build/ble_conn_state.o
                0x00023694                ble_conn_state_mitm_protected
 .text.ble_conn_state_conn_handles
                0x000236a4       0x18 _build/ble_conn_state.o
                0x000236a4                ble_conn_state_conn_handles
 .text.ble_conn_state_user_flag_acquire
                0x000236bc       0x30 _build/ble_conn_state.o
                0x000236bc                ble_conn_state_user_flag_acquire
 .text.ble_conn_state_user_flag_get
                0x000236ec       0x28 _build/ble_conn_state.o
                0x000236ec                ble_conn_state_user_flag_get
 .text.ble_conn_state_user_flag_set
                0x00023714       0x28 _build/ble_conn_state.o
                0x00023714                ble_conn_state_user_flag_set
 .text.ble_conn_state_user_flag_collection
                0x0002373c       0x18 _build/ble_conn_state.o
                0x0002373c                ble_conn_state_user_flag_collection
 .text.sd_ble_gattc_primary_services_discover
                0x00023754        0x4 _build/ble_db_discovery.o
 .text.sd_ble_gattc_characteristics_discover
                0x00023758        0x4 _build/ble_db_discovery.o
 .text.sd_ble_gattc_descriptors_discover
                0x0002375c        0x4 _build/ble_db_discovery.o
 .text.descriptors_discover
                0x00023760       0xc8 _build/ble_db_discovery.o
 .text.on_srv_disc_completion
                0x00023828      0x144 _build/ble_db_discovery.o
 .text.ble_db_discovery_init
                0x0002396c       0x34 _build/ble_db_discovery.o
                0x0002396c                ble_db_discovery_init
 .text.ble_db_discovery_evt_register
                0x000239a0       0xd0 _build/ble_db_discovery.o
                0x000239a0                ble_db_discovery_evt_register
 .text.ble_db_discovery_start
                0x00023a70       0x64 _build/ble_db_discovery.o
                0x00023a70                ble_db_discovery_start
 .text.ble_db_discovery_on_ble_evt
                0x00023ad4      0xb8c _build/ble_db_discovery.o
                0x00023ad4                ble_db_discovery_on_ble_evt
 .text.sd_ble_gatts_service_add
                0x00024660        0x4 _build/ble_ias.o
 .text.sd_ble_gatts_characteristic_add
                0x00024664        0x4 _build/ble_ias.o
 .text.ble_ias_on_ble_evt
                0x00024668       0x3c _build/ble_ias.o
                0x00024668                ble_ias_on_ble_evt
 .text.ble_ias_init
                0x000246a4       0xf0 _build/ble_ias.o
                0x000246a4                ble_ias_init
 .text.sd_ble_gattc_write
                0x00024794        0x4 _build/ble_ias_c.o
 .text.ble_ias_c_on_db_disc_evt
                0x00024798       0x84 _build/ble_ias_c.o
                0x00024798                ble_ias_c_on_db_disc_evt
 .text.ble_ias_c_init
                0x0002481c       0x3c _build/ble_ias_c.o
                0x0002481c                ble_ias_c_init
 .text.ble_ias_c_on_ble_evt
                0x00024858       0x2c _build/ble_ias_c.o
                0x00024858                ble_ias_c_on_ble_evt
 .text.ble_ias_c_send_alert_level
                0x00024884       0x48 _build/ble_ias_c.o
                0x00024884                ble_ias_c_send_alert_level
 .text.ble_ias_c_handles_assign
                0x000248cc       0x10 _build/ble_ias_c.o
                0x000248cc                ble_ias_c_handles_assign
 .text.sd_ble_gatts_service_add
                0x000248dc        0x4 _build/ble_lls.o
 .text.sd_ble_gatts_characteristic_add
                0x000248e0        0x4 _build/ble_lls.o
 .text.sd_ble_gatts_value_get
                0x000248e4        0x4 _build/ble_lls.o
 .text.ble_lls_on_ble_evt
                0x000248e8       0x8c _build/ble_lls.o
                0x000248e8                ble_lls_on_ble_evt
 .text.ble_lls_init
                0x00024974       0xe4 _build/ble_lls.o
                0x00024974                ble_lls_init
 .text.ble_srv_report_ref_encode
                0x00024a58        0xc _build/ble_srv_common.o
                0x00024a58                ble_srv_report_ref_encode
 .text.sd_ble_gatts_service_add
                0x00024a64        0x4 _build/ble_tps.o
 .text.sd_ble_gatts_characteristic_add
                0x00024a68        0x4 _build/ble_tps.o
 .text.ble_tps_on_ble_evt
                0x00024a6c        0xc _build/ble_tps.o
                0x00024a6c                ble_tps_on_ble_evt
 .text.ble_tps_init
                0x00024a78       0xcc _build/ble_tps.o
                0x00024a78                ble_tps_init
 .text.gccm_evt_handler
                0x00024b44        0x4 _build/gatt_cache_manager.o
 .text.local_db_update_in_evt
                0x00024b48       0x8c _build/gatt_cache_manager.o
 .text.local_db_apply_in_evt.part.1
                0x00024bd4       0x80 _build/gatt_cache_manager.o
 .text.im_evt_handler
                0x00024c54       0x38 _build/gatt_cache_manager.o
 .text.service_changed_pending_flags_check
                0x00024c8c      0x10c _build/gatt_cache_manager.o
 .text.gscm_evt_handler
                0x00024d98       0x7c _build/gatt_cache_manager.o
 .text.smd_evt_handler
                0x00024e14       0xa0 _build/gatt_cache_manager.o
 .text.gcm_init
                0x00024eb4       0x90 _build/gatt_cache_manager.o
                0x00024eb4                gcm_init
 .text.gcm_ble_evt_handler
                0x00024f44      0x108 _build/gatt_cache_manager.o
                0x00024f44                gcm_ble_evt_handler
 .text.gcm_local_database_has_changed
                0x0002504c       0x60 _build/gatt_cache_manager.o
                0x0002504c                gcm_local_database_has_changed
 .text.pdb_evt_handler
                0x000250ac       0x24 _build/gattc_cache_manager.o
 .text.gccm_init
                0x000250d0       0x34 _build/gattc_cache_manager.o
                0x000250d0                gccm_init
 .text.sd_ble_gatts_service_changed
                0x00025104        0x4 _build/gatts_cache_manager.o
 .text.sd_ble_gatts_sys_attr_set
                0x00025108        0x4 _build/gatts_cache_manager.o
 .text.sd_ble_gatts_sys_attr_get
                0x0002510c        0x4 _build/gatts_cache_manager.o
 .text.pdb_evt_handler
                0x00025110       0x94 _build/gatts_cache_manager.o
 .text.gscm_init
                0x000251a4       0x3c _build/gatts_cache_manager.o
                0x000251a4                gscm_init
 .text.gscm_local_db_cache_update
                0x000251e0       0x98 _build/gatts_cache_manager.o
                0x000251e0                gscm_local_db_cache_update
 .text.gscm_local_db_cache_apply
                0x00025278       0x94 _build/gatts_cache_manager.o
                0x00025278                gscm_local_db_cache_apply
 .text.gscm_local_database_has_changed
                0x0002530c       0x64 _build/gatts_cache_manager.o
                0x0002530c                gscm_local_database_has_changed
 .text.gscm_service_changed_ind_needed
                0x00025370       0x20 _build/gatts_cache_manager.o
                0x00025370                gscm_service_changed_ind_needed
 .text.gscm_service_changed_ind_send
                0x00025390       0x2c _build/gatts_cache_manager.o
                0x00025390                gscm_service_changed_ind_send
 .text.gscm_db_change_notification_done
                0x000253bc       0x30 _build/gatts_cache_manager.o
                0x000253bc                gscm_db_change_notification_done
 .text.sd_ecb_block_encrypt
                0x000253ec        0x4 _build/id_manager.o
 .text.pdb_evt_handler
                0x000253f0      0x1d0 _build/id_manager.o
 .text.im_ble_evt_handler
                0x000255c0      0x380 _build/id_manager.o
                0x000255c0                im_ble_evt_handler
 .text.im_register
                0x00025940       0x7c _build/id_manager.o
                0x00025940                im_register
 .text.im_peer_id_get_by_conn_handle
                0x000259bc       0x88 _build/id_manager.o
                0x000259bc                im_peer_id_get_by_conn_handle
 .text.im_ble_addr_get
                0x00025a44       0x9c _build/id_manager.o
                0x00025a44                im_ble_addr_get
 .text.im_master_ids_compare
                0x00025ae0       0x48 _build/id_manager.o
                0x00025ae0                im_master_ids_compare
 .text.im_peer_id_get_by_master_id
                0x00025b28       0xf4 _build/id_manager.o
                0x00025b28                im_peer_id_get_by_master_id
 .text.im_conn_handle_get
                0x00025c1c       0x6c _build/id_manager.o
                0x00025c1c                im_conn_handle_get
 .text.im_master_id_is_valid
                0x00025c88       0x30 _build/id_manager.o
                0x00025c88                im_master_id_is_valid
 .text.im_new_peer_id
                0x00025cb8       0x7c _build/id_manager.o
                0x00025cb8                im_new_peer_id
 .text.im_peer_free
                0x00025d34      0x10c _build/id_manager.o
                0x00025d34                im_peer_free
 .text.peer_data_parts_get
                0x00025e40       0x1c _build/peer_data.o
                0x00025e40                peer_data_parts_get
 .text.peer_data_deserialize
                0x00025e5c       0x30 _build/peer_data.o
                0x00025e5c                peer_data_deserialize
 .text.peer_data_clear
                0x00025e8c       0x98 _build/peer_data_storage.o
 .text.fds_evt_handler
                0x00025f24       0xf8 _build/peer_data_storage.o
 .text.pds_register
                0x0002601c       0x54 _build/peer_data_storage.o
                0x0002601c                pds_register
 .text.pds_peer_data_read_ptr_get
                0x00026070       0x8c _build/peer_data_storage.o
                0x00026070                pds_peer_data_read_ptr_get
 .text.pds_peer_data_read
                0x000260fc       0x5c _build/peer_data_storage.o
                0x000260fc                pds_peer_data_read
 .text.pds_peer_data_write_prepare
                0x00026158       0x54 _build/peer_data_storage.o
                0x00026158                pds_peer_data_write_prepare
 .text.pds_peer_data_write_prepare_cancel
                0x000261ac       0x38 _build/peer_data_storage.o
                0x000261ac                pds_peer_data_write_prepare_cancel
 .text.pds_peer_data_write_prepared
                0x000261e4       0x90 _build/peer_data_storage.o
                0x000261e4                pds_peer_data_write_prepared
 .text.pds_peer_data_write
                0x00026274       0x90 _build/peer_data_storage.o
                0x00026274                pds_peer_data_write
 .text.pds_peer_data_update
                0x00026304       0xa4 _build/peer_data_storage.o
                0x00026304                pds_peer_data_update
 .text.pds_peer_id_allocate
                0x000263a8       0x60 _build/peer_data_storage.o
                0x000263a8                pds_peer_id_allocate
 .text.pds_peer_id_free
                0x00026408       0x70 _build/peer_data_storage.o
                0x00026408                pds_peer_id_free
 .text.pds_peer_id_is_allocated
                0x00026478       0x60 _build/peer_data_storage.o
                0x00026478                pds_peer_id_is_allocated
 .text.pds_next_peer_id_get
                0x000264d8       0x60 _build/peer_data_storage.o
                0x000264d8                pds_next_peer_id_get
 .text.pds_evt_handler
                0x00026538      0x92c _build/peer_database.o
 .text.pdb_register
                0x00026e64      0x1c4 _build/peer_database.o
                0x00026e64                pdb_register
 .text.pdb_peer_allocate
                0x00027028       0x14 _build/peer_database.o
                0x00027028                pdb_peer_allocate
 .text.pdb_peer_free
                0x0002703c      0x458 _build/peer_database.o
                0x0002703c                pdb_peer_free
 .text.pdb_read_buf_get
                0x00027494       0x1c _build/peer_database.o
                0x00027494                pdb_read_buf_get
 .text.pdb_write_buf_get
                0x000274b0      0x514 _build/peer_database.o
                0x000274b0                pdb_write_buf_get
 .text.pdb_write_buf_release
                0x000279c4      0x2a0 _build/peer_database.o
                0x000279c4                pdb_write_buf_release
 .text.pdb_write_buf_store_prepare
                0x00027c64      0x2a4 _build/peer_database.o
                0x00027c64                pdb_write_buf_store_prepare
 .text.pdb_write_buf_store
                0x00027f08      0x394 _build/peer_database.o
                0x00027f08                pdb_write_buf_store
 .text.pdb_next_peer_id_get
                0x0002829c       0x14 _build/peer_database.o
                0x0002829c                pdb_next_peer_id_get
 .text.pdb_raw_read
                0x000282b0       0x20 _build/peer_database.o
                0x000282b0                pdb_raw_read
 .text.pdb_raw_store
                0x000282d0       0x64 _build/peer_database.o
                0x000282d0                pdb_raw_store
 .text.peer_id_init
                0x00028334       0x2c _build/peer_id.o
                0x00028334                peer_id_init
 .text.peer_id_allocate
                0x00028360       0x40 _build/peer_id.o
                0x00028360                peer_id_allocate
 .text.peer_id_delete
                0x000283a0       0x28 _build/peer_id.o
                0x000283a0                peer_id_delete
 .text.peer_id_free
                0x000283c8       0x28 _build/peer_id.o
                0x000283c8                peer_id_free
 .text.peer_id_is_allocated
                0x000283f0       0x14 _build/peer_id.o
                0x000283f0                peer_id_is_allocated
 .text.peer_id_get_next_used
                0x00028404       0x3c _build/peer_id.o
                0x00028404                peer_id_get_next_used
 .text.peer_id_get_next_deleted
                0x00028440       0x3c _build/peer_id.o
                0x00028440                peer_id_get_next_deleted
 .text.gcm_evt_handler
                0x0002847c       0xb8 _build/peer_manager.o
 .text.sm_evt_handler
                0x00028534      0x1ac _build/peer_manager.o
 .text.pdb_evt_handler
                0x000286e0      0x1fc _build/peer_manager.o
 .text.im_evt_handler
                0x000288dc       0x68 _build/peer_manager.o
 .text.pm_on_ble_evt
                0x00028944       0x28 _build/peer_manager.o
                0x00028944                pm_on_ble_evt
 .text.pm_init  0x0002896c       0x88 _build/peer_manager.o
                0x0002896c                pm_init
 .text.pm_register
                0x000289f4       0x28 _build/peer_manager.o
                0x000289f4                pm_register
 .text.pm_sec_params_set
                0x00028a1c       0x20 _build/peer_manager.o
                0x00028a1c                pm_sec_params_set
 .text.pm_conn_secure
                0x00028a3c       0x14 _build/peer_manager.o
                0x00028a3c                pm_conn_secure
 .text.pm_conn_sec_config_reply
                0x00028a50        0x4 _build/peer_manager.o
                0x00028a50                pm_conn_sec_config_reply
 .text.pm_local_database_has_changed
                0x00028a54       0x14 _build/peer_manager.o
                0x00028a54                pm_local_database_has_changed
 .text.pm_peers_delete
                0x00028a68       0x50 _build/peer_manager.o
                0x00028a68                pm_peers_delete
 .text.pm_peer_rank_highest
                0x00028ab8      0x178 _build/peer_manager.o
                0x00028ab8                pm_peer_rank_highest
 .text.pm_buffer_init
                0x00028c30       0x54 _build/pm_buffer.o
                0x00028c30                pm_buffer_init
 .text.pm_buffer_block_acquire
                0x00028c84       0xa0 _build/pm_buffer.o
                0x00028c84                pm_buffer_block_acquire
 .text.pm_buffer_ptr_get
                0x00028d24       0x30 _build/pm_buffer.o
                0x00028d24                pm_buffer_ptr_get
 .text.pm_buffer_release
                0x00028d54       0x2c _build/pm_buffer.o
                0x00028d54                pm_buffer_release
 .text.pm_mutex_init
                0x00028d80       0x10 _build/pm_mutex.o
                0x00028d80                pm_mutex_init
 .text.pm_mutex_lock
                0x00028d90       0x54 _build/pm_mutex.o
                0x00028d90                pm_mutex_lock
 .text.pm_mutex_unlock
                0x00028de4       0x3c _build/pm_mutex.o
                0x00028de4                pm_mutex_unlock
 .text.pm_mutex_lock_first_available
                0x00028e20       0x74 _build/pm_mutex.o
                0x00028e20                pm_mutex_lock_first_available
 .text.pm_mutex_lock_status_get
                0x00028e94       0x1c _build/pm_mutex.o
                0x00028e94                pm_mutex_lock_status_get
 .text.sd_ble_gap_authenticate
                0x00028eb0        0x4 _build/security_dispatcher.o
 .text.sd_ble_gap_sec_params_reply
                0x00028eb4        0x4 _build/security_dispatcher.o
 .text.sd_ble_gap_encrypt
                0x00028eb8        0x4 _build/security_dispatcher.o
 .text.sd_ble_gap_sec_info_reply
                0x00028ebc        0x4 _build/security_dispatcher.o
 .text.pairing_failure
                0x00028ec0       0x8c _build/security_dispatcher.o
 .text.pdb_evt_handler
                0x00028f4c       0x4c _build/security_dispatcher.o
 .text.smd_register
                0x00028f98       0x6c _build/security_dispatcher.o
                0x00028f98                smd_register
 .text.smd_params_reply
                0x00029004      0x1e4 _build/security_dispatcher.o
                0x00029004                smd_params_reply
 .text.smd_link_secure
                0x000291e8      0x23c _build/security_dispatcher.o
                0x000291e8                smd_link_secure
 .text.smd_ble_evt_handler
                0x00029424      0x464 _build/security_dispatcher.o
                0x00029424                smd_ble_evt_handler
 .text.link_secure.part.1
                0x00029888      0x158 _build/security_manager.o
 .text.smd_params_reply_perform
                0x000299e0      0x174 _build/security_manager.o
 .text.smd_evt_handler
                0x00029b54       0x90 _build/security_manager.o
 .text.pdb_evt_handler
                0x00029be4      0x18c _build/security_manager.o
 .text.sm_register
                0x00029d70       0xc8 _build/security_manager.o
                0x00029d70                sm_register
 .text.sm_ble_evt_handler
                0x00029e38       0x84 _build/security_manager.o
                0x00029e38                sm_ble_evt_handler
 .text.sm_sec_params_set
                0x00029ebc       0x88 _build/security_manager.o
                0x00029ebc                sm_sec_params_set
 .text.sm_conn_sec_config_reply
                0x00029f44       0x14 _build/security_manager.o
                0x00029f44                sm_conn_sec_config_reply
 .text.sm_link_secure
                0x00029f58       0xbc _build/security_manager.o
                0x00029f58                sm_link_secure
 .text.SystemInit
                0x0002a014      0x2b0 _build/system_nrf52.o
                0x0002a014                SystemInit
 .text.sd_evt_get
                0x0002a2c4        0x4 _build/softdevice_handler.o
 .text.sd_softdevice_enable
                0x0002a2c8        0x4 _build/softdevice_handler.o
 .text.sd_ble_enable
                0x0002a2cc        0x4 _build/softdevice_handler.o
 .text.sd_ble_evt_get
                0x0002a2d0        0x4 _build/softdevice_handler.o
 .text.softdevice_fault_handler
                0x0002a2d4        0x8 _build/softdevice_handler.o
                0x0002a2d4                softdevice_fault_handler
 .text.intern_softdevice_events_execute.part.0
                0x0002a2dc       0xc8 _build/softdevice_handler.o
 .text.softdevice_handler_init
                0x0002a3a4       0x7c _build/softdevice_handler.o
                0x0002a3a4                softdevice_handler_init
 .text.softdevice_ble_evt_handler_set
                0x0002a420       0x14 _build/softdevice_handler.o
                0x0002a420                softdevice_ble_evt_handler_set
 .text.softdevice_sys_evt_handler_set
                0x0002a434       0x14 _build/softdevice_handler.o
                0x0002a434                softdevice_sys_evt_handler_set
 .text.SWI2_EGU2_IRQHandler
                0x0002a448       0x30 _build/softdevice_handler.o
                0x0002a448                SWI2_EGU2_IRQHandler
 .text.softdevice_enable_get_default_config
                0x0002a478       0x30 _build/softdevice_handler.o
                0x0002a478                softdevice_enable_get_default_config
 .text.sd_check_ram_start
                0x0002a4a8       0x14 _build/softdevice_handler.o
                0x0002a4a8                sd_check_ram_start
 .text.softdevice_enable
                0x0002a4bc       0x20 _build/softdevice_handler.o
                0x0002a4bc                softdevice_enable
 .text          0x0002a4dc       0x3c _build/gcc_startup_nrf52.o
                0x0002a4dc                Reset_Handler
                0x0002a504                NMI_Handler
                0x0002a506                HardFault_Handler
                0x0002a508                MemoryManagement_Handler
                0x0002a50a                BusFault_Handler
                0x0002a50c                UsageFault_Handler
                0x0002a50e                SVC_Handler
                0x0002a510                DebugMonitor_Handler
                0x0002a512                PendSV_Handler
                0x0002a514                SysTick_Handler
                0x0002a516                TEMP_IRQHandler
                0x0002a516                QDEC_IRQHandler
                0x0002a516                TIMER3_IRQHandler
                0x0002a516                FPU_IRQHandler
                0x0002a516                PDM_IRQHandler
                0x0002a516                POWER_CLOCK_IRQHandler
                0x0002a516                TIMER4_IRQHandler
                0x0002a516                I2S_IRQHandler
                0x0002a516                SWI4_EGU4_IRQHandler
                0x0002a516                TIMER0_IRQHandler
                0x0002a516                SPIM0_SPIS0_TWIM0_TWIS0_SPI0_TWI0_IRQHandler
                0x0002a516                TIMER1_IRQHandler
                0x0002a516                PWM2_IRQHandler
                0x0002a516                ECB_IRQHandler
                0x0002a516                SPIM1_SPIS1_TWIM1_TWIS1_SPI1_TWI1_IRQHandler
                0x0002a516                Default_Handler
                0x0002a516                CCM_AAR_IRQHandler
                0x0002a516                WDT_IRQHandler
                0x0002a516                PWM1_IRQHandler
                0x0002a516                SWI5_EGU5_IRQHandler
                0x0002a516                RNG_IRQHandler
                0x0002a516                RTC2_IRQHandler
                0x0002a516                PWM0_IRQHandler
                0x0002a516                SWI3_EGU3_IRQHandler
                0x0002a516                SWI1_EGU1_IRQHandler
                0x0002a516                SPIM2_SPIS2_SPI2_IRQHandler
                0x0002a516                NFCT_IRQHandler
                0x0002a516                RADIO_IRQHandler
                0x0002a516                MWU_IRQHandler
                0x0002a516                RTC0_IRQHandler
                0x0002a516                TIMER2_IRQHandler
                0x0002a516                COMP_LPCOMP_IRQHandler
 .text.memcmp   0x0002a518       0x20 c:/program files (x86)/gnu tools arm embedded/4.9 2015q3/bin/../lib/gcc/arm-none-eabi/4.9.3/../../../../arm-none-eabi/lib/armv7e-m/fpu\libc_nano.a(lib_a-memcmp.o)
                0x0002a518                memcmp
 .text.memcpy   0x0002a538       0x16 c:/program files (x86)/gnu tools arm embedded/4.9 2015q3/bin/../lib/gcc/arm-none-eabi/4.9.3/../../../../arm-none-eabi/lib/armv7e-m/fpu\libc_nano.a(lib_a-memcpy.o)
                0x0002a538                memcpy
 .text.strlen   0x0002a54e       0x10 c:/program files (x86)/gnu tools arm embedded/4.9 2015q3/bin/../lib/gcc/arm-none-eabi/4.9.3/../../../../arm-none-eabi/lib/armv7e-m/fpu\libc_nano.a(lib_a-strlen.o)
                0x0002a54e                strlen
 *fill*         0x0002a55e        0x2 
 .text.vprintf  0x0002a560       0x2c c:/program files (x86)/gnu tools arm embedded/4.9 2015q3/bin/../lib/gcc/arm-none-eabi/4.9.3/../../../../arm-none-eabi/lib/armv7e-m/fpu\libc_nano.a(lib_a-vprintf.o)
                0x0002a560                viprintf
                0x0002a560                vprintf
 .text._cleanup_r
                0x0002a58c        0xc c:/program files (x86)/gnu tools arm embedded/4.9 2015q3/bin/../lib/gcc/arm-none-eabi/4.9.3/../../../../arm-none-eabi/lib/armv7e-m/fpu\libc_nano.a(lib_a-findfp.o)
                0x0002a58c                _cleanup_r
 .text.std.isra.0
                0x0002a598       0x48 c:/program files (x86)/gnu tools arm embedded/4.9 2015q3/bin/../lib/gcc/arm-none-eabi/4.9.3/../../../../arm-none-eabi/lib/armv7e-m/fpu\libc_nano.a(lib_a-findfp.o)
 .text.__sfmoreglue
                0x0002a5e0       0x2c c:/program files (x86)/gnu tools arm embedded/4.9 2015q3/bin/../lib/gcc/arm-none-eabi/4.9.3/../../../../arm-none-eabi/lib/armv7e-m/fpu\libc_nano.a(lib_a-findfp.o)
                0x0002a5e0                __sfmoreglue
 .text.__sinit  0x0002a60c       0x60 c:/program files (x86)/gnu tools arm embedded/4.9 2015q3/bin/../lib/gcc/arm-none-eabi/4.9.3/../../../../arm-none-eabi/lib/armv7e-m/fpu\libc_nano.a(lib_a-findfp.o)
                0x0002a60c                __sinit
 .text.__sfp    0x0002a66c       0x74 c:/program files (x86)/gnu tools arm embedded/4.9 2015q3/bin/../lib/gcc/arm-none-eabi/4.9.3/../../../../arm-none-eabi/lib/armv7e-m/fpu\libc_nano.a(lib_a-findfp.o)
                0x0002a66c                __sfp
 .text._fwalk_reent
                0x0002a6e0       0x3c c:/program files (x86)/gnu tools arm embedded/4.9 2015q3/bin/../lib/gcc/arm-none-eabi/4.9.3/../../../../arm-none-eabi/lib/armv7e-m/fpu\libc_nano.a(lib_a-fwalk.o)
                0x0002a6e0                _fwalk_reent
 .text._malloc_r
                0x0002a71c       0xac c:/program files (x86)/gnu tools arm embedded/4.9 2015q3/bin/../lib/gcc/arm-none-eabi/4.9.3/../../../../arm-none-eabi/lib/armv7e-m/fpu\libc_nano.a(lib_a-nano-mallocr.o)
                0x0002a71c                _malloc_r
 .text.__sfputc_r
                0x0002a7c8       0x2c c:/program files (x86)/gnu tools arm embedded/4.9 2015q3/bin/../lib/gcc/arm-none-eabi/4.9.3/../../../../arm-none-eabi/lib/armv7e-m/fpu\libc_nano.a(lib_a-nano-vfprintf.o)
 .text.__sfputs_r
                0x0002a7f4       0x24 c:/program files (x86)/gnu tools arm embedded/4.9 2015q3/bin/../lib/gcc/arm-none-eabi/4.9.3/../../../../arm-none-eabi/lib/armv7e-m/fpu\libc_nano.a(lib_a-nano-vfprintf.o)
                0x0002a7f4                __sfputs_r
 .text._vfprintf_r
                0x0002a818      0x210 c:/program files (x86)/gnu tools arm embedded/4.9 2015q3/bin/../lib/gcc/arm-none-eabi/4.9.3/../../../../arm-none-eabi/lib/armv7e-m/fpu\libc_nano.a(lib_a-nano-vfprintf.o)
                0x0002a818                _vfprintf_r
                0x0002a818                _vfiprintf_r
 .text._printf_common
                0x0002aa28       0xea c:/program files (x86)/gnu tools arm embedded/4.9 2015q3/bin/../lib/gcc/arm-none-eabi/4.9.3/../../../../arm-none-eabi/lib/armv7e-m/fpu\libc_nano.a(lib_a-nano-vfprintf_i.o)
                0x0002aa28                _printf_common
 *fill*         0x0002ab12        0x2 
 .text._printf_i
                0x0002ab14      0x240 c:/program files (x86)/gnu tools arm embedded/4.9 2015q3/bin/../lib/gcc/arm-none-eabi/4.9.3/../../../../arm-none-eabi/lib/armv7e-m/fpu\libc_nano.a(lib_a-nano-vfprintf_i.o)
                0x0002ab14                _printf_i
 .text._sbrk_r  0x0002ad54       0x20 c:/program files (x86)/gnu tools arm embedded/4.9 2015q3/bin/../lib/gcc/arm-none-eabi/4.9.3/../../../../arm-none-eabi/lib/armv7e-m/fpu\libc_nano.a(lib_a-sbrkr.o)
                0x0002ad54                _sbrk_r
 .text.__sread  0x0002ad74       0x22 c:/program files (x86)/gnu tools arm embedded/4.9 2015q3/bin/../lib/gcc/arm-none-eabi/4.9.3/../../../../arm-none-eabi/lib/armv7e-m/fpu\libc_nano.a(lib_a-stdio.o)
                0x0002ad74                __sread
 .text.__swrite
                0x0002ad96       0x38 c:/program files (x86)/gnu tools arm embedded/4.9 2015q3/bin/../lib/gcc/arm-none-eabi/4.9.3/../../../../arm-none-eabi/lib/armv7e-m/fpu\libc_nano.a(lib_a-stdio.o)
                0x0002ad96                __swrite
 .text.__sseek  0x0002adce       0x24 c:/program files (x86)/gnu tools arm embedded/4.9 2015q3/bin/../lib/gcc/arm-none-eabi/4.9.3/../../../../arm-none-eabi/lib/armv7e-m/fpu\libc_nano.a(lib_a-stdio.o)
                0x0002adce                __sseek
 .text.__sclose
                0x0002adf2        0x8 c:/program files (x86)/gnu tools arm embedded/4.9 2015q3/bin/../lib/gcc/arm-none-eabi/4.9.3/../../../../arm-none-eabi/lib/armv7e-m/fpu\libc_nano.a(lib_a-stdio.o)
                0x0002adf2                __sclose
 *fill*         0x0002adfa        0x2 
 .text.__swbuf_r
                0x0002adfc       0xa8 c:/program files (x86)/gnu tools arm embedded/4.9 2015q3/bin/../lib/gcc/arm-none-eabi/4.9.3/../../../../arm-none-eabi/lib/armv7e-m/fpu\libc_nano.a(lib_a-wbuf.o)
                0x0002adfc                __swbuf_r
 .text._write_r
                0x0002aea4       0x24 c:/program files (x86)/gnu tools arm embedded/4.9 2015q3/bin/../lib/gcc/arm-none-eabi/4.9.3/../../../../arm-none-eabi/lib/armv7e-m/fpu\libc_nano.a(lib_a-writer.o)
                0x0002aea4                _write_r
 .text.__swsetup_r
                0x0002aec8       0xd8 c:/program files (x86)/gnu tools arm embedded/4.9 2015q3/bin/../lib/gcc/arm-none-eabi/4.9.3/../../../../arm-none-eabi/lib/armv7e-m/fpu\libc_nano.a(lib_a-wsetup.o)
                0x0002aec8                __swsetup_r
 .text._close_r
                0x0002afa0       0x20 c:/program files (x86)/gnu tools arm embedded/4.9 2015q3/bin/../lib/gcc/arm-none-eabi/4.9.3/../../../../arm-none-eabi/lib/armv7e-m/fpu\libc_nano.a(lib_a-closer.o)
                0x0002afa0                _close_r
 .text.__sflush_r
                0x0002afc0      0x108 c:/program files (x86)/gnu tools arm embedded/4.9 2015q3/bin/../lib/gcc/arm-none-eabi/4.9.3/../../../../arm-none-eabi/lib/armv7e-m/fpu\libc_nano.a(lib_a-fflush.o)
                0x0002afc0                __sflush_r
 .text._fflush_r
                0x0002b0c8       0x54 c:/program files (x86)/gnu tools arm embedded/4.9 2015q3/bin/../lib/gcc/arm-none-eabi/4.9.3/../../../../arm-none-eabi/lib/armv7e-m/fpu\libc_nano.a(lib_a-fflush.o)
                0x0002b0c8                _fflush_r
 .text._lseek_r
                0x0002b11c       0x24 c:/program files (x86)/gnu tools arm embedded/4.9 2015q3/bin/../lib/gcc/arm-none-eabi/4.9.3/../../../../arm-none-eabi/lib/armv7e-m/fpu\libc_nano.a(lib_a-lseekr.o)
                0x0002b11c                _lseek_r
 .text.__smakebuf_r
                0x0002b140       0x9c c:/program files (x86)/gnu tools arm embedded/4.9 2015q3/bin/../lib/gcc/arm-none-eabi/4.9.3/../../../../arm-none-eabi/lib/armv7e-m/fpu\libc_nano.a(lib_a-makebuf.o)
                0x0002b140                __smakebuf_r
 .text.memchr   0x0002b1dc       0x1e c:/program files (x86)/gnu tools arm embedded/4.9 2015q3/bin/../lib/gcc/arm-none-eabi/4.9.3/../../../../arm-none-eabi/lib/armv7e-m/fpu\libc_nano.a(lib_a-memchr.o)
                0x0002b1dc                memchr
 *fill*         0x0002b1fa        0x2 
 .text._free_r  0x0002b1fc       0x88 c:/program files (x86)/gnu tools arm embedded/4.9 2015q3/bin/../lib/gcc/arm-none-eabi/4.9.3/../../../../arm-none-eabi/lib/armv7e-m/fpu\libc_nano.a(lib_a-nano-freer.o)
                0x0002b1fc                _free_r
 .text._read_r  0x0002b284       0x24 c:/program files (x86)/gnu tools arm embedded/4.9 2015q3/bin/../lib/gcc/arm-none-eabi/4.9.3/../../../../arm-none-eabi/lib/armv7e-m/fpu\libc_nano.a(lib_a-readr.o)
                0x0002b284                _read_r
 .text._fstat_r
                0x0002b2a8       0x24 c:/program files (x86)/gnu tools arm embedded/4.9 2015q3/bin/../lib/gcc/arm-none-eabi/4.9.3/../../../../arm-none-eabi/lib/armv7e-m/fpu\libc_nano.a(lib_a-fstatr.o)
                0x0002b2a8                _fstat_r
 .text._isatty_r
                0x0002b2cc       0x20 c:/program files (x86)/gnu tools arm embedded/4.9 2015q3/bin/../lib/gcc/arm-none-eabi/4.9.3/../../../../arm-none-eabi/lib/armv7e-m/fpu\libc_nano.a(lib_a-isattyr.o)
                0x0002b2cc                _isatty_r
 .text._close   0x0002b2ec       0x10 c:/program files (x86)/gnu tools arm embedded/4.9 2015q3/bin/../lib/gcc/arm-none-eabi/4.9.3/../../../../arm-none-eabi/lib/armv7e-m/fpu\libnosys.a(close.o)
                0x0002b2ec                _close
 .text._fstat   0x0002b2fc       0x10 c:/program files (x86)/gnu tools arm embedded/4.9 2015q3/bin/../lib/gcc/arm-none-eabi/4.9.3/../../../../arm-none-eabi/lib/armv7e-m/fpu\libnosys.a(fstat.o)
                0x0002b2fc                _fstat
 .text._isatty  0x0002b30c       0x10 c:/program files (x86)/gnu tools arm embedded/4.9 2015q3/bin/../lib/gcc/arm-none-eabi/4.9.3/../../../../arm-none-eabi/lib/armv7e-m/fpu\libnosys.a(isatty.o)
                0x0002b30c                _isatty
 .text._lseek   0x0002b31c       0x10 c:/program files (x86)/gnu tools arm embedded/4.9 2015q3/bin/../lib/gcc/arm-none-eabi/4.9.3/../../../../arm-none-eabi/lib/armv7e-m/fpu\libnosys.a(lseek.o)
                0x0002b31c                _lseek
 .text._sbrk    0x0002b32c       0x1c c:/program files (x86)/gnu tools arm embedded/4.9 2015q3/bin/../lib/gcc/arm-none-eabi/4.9.3/../../../../arm-none-eabi/lib/armv7e-m/fpu\libnosys.a(sbrk.o)
                0x0002b32c                _sbrk
 *(.init)
 .init          0x0002b348        0x4 c:/program files (x86)/gnu tools arm embedded/4.9 2015q3/bin/../lib/gcc/arm-none-eabi/4.9.3/armv7e-m/fpu/crti.o
                0x0002b348                _init
 .init          0x0002b34c        0x8 c:/program files (x86)/gnu tools arm embedded/4.9 2015q3/bin/../lib/gcc/arm-none-eabi/4.9.3/armv7e-m/fpu/crtn.o
 *(.fini)
 .fini          0x0002b354        0x4 c:/program files (x86)/gnu tools arm embedded/4.9 2015q3/bin/../lib/gcc/arm-none-eabi/4.9.3/armv7e-m/fpu/crti.o
                0x0002b354                _fini
 .fini          0x0002b358        0x8 c:/program files (x86)/gnu tools arm embedded/4.9 2015q3/bin/../lib/gcc/arm-none-eabi/4.9.3/armv7e-m/fpu/crtn.o
 *crtbegin.o(.ctors)
 *crtbegin?.o(.ctors)
 *(EXCLUDE_FILE(*crtend.o *crtend?.o) .ctors)
 *(SORT(.ctors.*))
 *(.ctors)
 *crtbegin.o(.dtors)
 *crtbegin?.o(.dtors)
 *(EXCLUDE_FILE(*crtend.o *crtend?.o) .dtors)
 *(SORT(.dtors.*))
 *(.dtors)
 *(.rodata*)
 .rodata.str1.1
                0x0002b360        0x2 c:/program files (x86)/gnu tools arm embedded/4.9 2015q3/bin/../lib/gcc/arm-none-eabi/4.9.3/../../../../arm-none-eabi/lib/armv7e-m/fpu\libc_nano.a(lib_a-impure.o)
 *fill*         0x0002b362        0x2 
 .rodata._global_impure_ptr
                0x0002b364        0x4 c:/program files (x86)/gnu tools arm embedded/4.9 2015q3/bin/../lib/gcc/arm-none-eabi/4.9.3/../../../../arm-none-eabi/lib/armv7e-m/fpu\libc_nano.a(lib_a-impure.o)
                0x0002b364                _global_impure_ptr
 .rodata.m_detection_delay_timer_id
                0x0002b368        0x4 _build/app_button.o
 .rodata.m_fds_tl_dirty
                0x0002b36c        0x4 _build/fds.o
 .rodata.page_tag_data.6541
                0x0002b370        0x8 _build/fds.o
 .rodata.page_tag_swap.6537
                0x0002b378        0x8 _build/fds.o
 .rodata        0x0002b380        0xc _build/nrf_log.o
 .rodata        0x0002b38c       0x20 _build/app_uart_fifo.o
 .rodata.m_default_config
                0x0002b3ac        0x3 _build/nrf_drv_saadc.o
 *fill*         0x0002b3af        0x1 
 .rodata.m_default_config
                0x0002b3b0       0x20 _build/nrf_drv_uart.o
 .rodata.m_button_timer_id
                0x0002b3d0        0x4 _build/bsp.o
 .rodata.m_buttons_list
                0x0002b3d4       0x10 _build/bsp.o
 .rodata.m_leds_timer_id
                0x0002b3e4        0x4 _build/bsp.o
 .rodata.app_buttons
                0x0002b3e8       0x20 _build/bsp.o
 .rodata.m_alert_timer_id
                0x0002b408        0x4 _build/bsp.o
 .rodata        0x0002b40c        0xc _build/main.o
 .rodata.m_deadbeef.10884
                0x0002b418        0x8 _build/main.o
 .rodata.m_battery_timer_id
                0x0002b420        0x4 _build/main.o
 .rodata.str1.4
                0x0002b424       0x83 _build/main.o
                                 0x87 (size before relaxing)
 *fill*         0x0002b4a7        0x1 
 .rodata.str1.4
                0x0002b4a8      0x278 _build/ble_advertising.o
 .rodata.m_conn_params_timer_id
                0x0002b720        0x4 _build/ble_conn_params.o
 .rodata        0x0002b724       0x10 _build/gatts_cache_manager.o
 .rodata.service_changed_pending.8710
                0x0002b734        0x1 _build/gatts_cache_manager.o
 .rodata.service_changed_pending.8781
                0x0002b735        0x1 _build/gatts_cache_manager.o
 *fill*         0x0002b736        0x2 
 .rodata        0x0002b738        0x8 _build/peer_manager.o
 .rodata.__sf_fake_stdin
                0x0002b740       0x20 c:/program files (x86)/gnu tools arm embedded/4.9 2015q3/bin/../lib/gcc/arm-none-eabi/4.9.3/../../../../arm-none-eabi/lib/armv7e-m/fpu\libc_nano.a(lib_a-findfp.o)
                0x0002b740                __sf_fake_stdin
 .rodata.__sf_fake_stdout
                0x0002b760       0x20 c:/program files (x86)/gnu tools arm embedded/4.9 2015q3/bin/../lib/gcc/arm-none-eabi/4.9.3/../../../../arm-none-eabi/lib/armv7e-m/fpu\libc_nano.a(lib_a-findfp.o)
                0x0002b760                __sf_fake_stdout
 .rodata.__sf_fake_stderr
                0x0002b780       0x20 c:/program files (x86)/gnu tools arm embedded/4.9 2015q3/bin/../lib/gcc/arm-none-eabi/4.9.3/../../../../arm-none-eabi/lib/armv7e-m/fpu\libc_nano.a(lib_a-findfp.o)
                0x0002b780                __sf_fake_stderr
 .rodata.str1.1
                0x0002b7a0       0x11 c:/program files (x86)/gnu tools arm embedded/4.9 2015q3/bin/../lib/gcc/arm-none-eabi/4.9.3/../../../../arm-none-eabi/lib/armv7e-m/fpu\libc_nano.a(lib_a-nano-vfprintf.o)
 .rodata.str1.1
                0x0002b7b1       0x22 c:/program files (x86)/gnu tools arm embedded/4.9 2015q3/bin/../lib/gcc/arm-none-eabi/4.9.3/../../../../arm-none-eabi/lib/armv7e-m/fpu\libc_nano.a(lib_a-nano-vfprintf_i.o)
 *(.eh_frame*)
 *fill*         0x0002b7d3        0x1 
 .eh_frame      0x0002b7d4        0x0 c:/program files (x86)/gnu tools arm embedded/4.9 2015q3/bin/../lib/gcc/arm-none-eabi/4.9.3/armv7e-m/fpu/crtbegin.o
 .eh_frame      0x0002b7d4        0x4 c:/program files (x86)/gnu tools arm embedded/4.9 2015q3/bin/../lib/gcc/arm-none-eabi/4.9.3/armv7e-m/fpu/crtend.o

.glue_7         0x0002b7d8        0x0
 .glue_7        0x00000000        0x0 linker stubs

.glue_7t        0x0002b7d8        0x0
 .glue_7t       0x00000000        0x0 linker stubs

.vfp11_veneer   0x0002b7d8        0x0
 .vfp11_veneer  0x00000000        0x0 linker stubs

.v4_bx          0x0002b7d8        0x0
 .v4_bx         0x00000000        0x0 linker stubs

.iplt           0x0002b7d8        0x0
 .iplt          0x00000000        0x0 c:/program files (x86)/gnu tools arm embedded/4.9 2015q3/bin/../lib/gcc/arm-none-eabi/4.9.3/armv7e-m/fpu/crtbegin.o

.ARM.extab
 *(.ARM.extab* .gnu.linkonce.armextab.*)
                0x0002b7d8                __exidx_start = .

.ARM.exidx      0x0002b7d8        0x8
 *(.ARM.exidx* .gnu.linkonce.armexidx.*)
 .ARM.exidx     0x0002b7d8        0x8 c:/program files (x86)/gnu tools arm embedded/4.9 2015q3/bin/../lib/gcc/arm-none-eabi/4.9.3/../../../../arm-none-eabi/lib/armv7e-m/fpu/crt0.o
                0x0002b7e0                __exidx_end = .
                0x0002b7e0                __etext = .

.rel.dyn        0x0002b7e0        0x0
 .rel.iplt      0x00000000        0x0 c:/program files (x86)/gnu tools arm embedded/4.9 2015q3/bin/../lib/gcc/arm-none-eabi/4.9.3/armv7e-m/fpu/crtbegin.o

.data           0x20002080      0x100 load address 0x0002b7e0
                0x20002080                __data_start__ = .
 *(vtable)
 *(.data*)
 .data.impure_data
                0x20002080       0x60 c:/program files (x86)/gnu tools arm embedded/4.9 2015q3/bin/../lib/gcc/arm-none-eabi/4.9.3/../../../../arm-none-eabi/lib/armv7e-m/fpu\libc_nano.a(lib_a-impure.o)
 .data._impure_ptr
                0x200020e0        0x4 c:/program files (x86)/gnu tools arm embedded/4.9 2015q3/bin/../lib/gcc/arm-none-eabi/4.9.3/../../../../arm-none-eabi/lib/armv7e-m/fpu\libc_nano.a(lib_a-impure.o)
                0x200020e0                _impure_ptr
 .data.m_adv_uuids
                0x200020e4       0x10 _build/main.o
 .data.current_slave_link_conn_handle.7744
                0x200020f4        0x2 _build/ble_advertising.o
 *fill*         0x200020f6        0x2 
 .data.m_gscm   0x200020f8        0x8 _build/gatts_cache_manager.o
 .data.m_smd    0x20002100       0x50 _build/security_dispatcher.o
 .data.m_sm     0x20002150       0x20 _build/security_manager.o
 .data.SystemCoreClock
                0x20002170        0x4 _build/system_nrf52.o
                0x20002170                SystemCoreClock
                0x20002174                . = ALIGN (0x4)
                0x20002174                PROVIDE (__preinit_array_start, .)
 *(.preinit_array)
                0x20002174                PROVIDE (__preinit_array_end, .)
                0x20002174                . = ALIGN (0x4)
                0x20002174                PROVIDE (__init_array_start, .)
 *(SORT(.init_array.*))
 *(.init_array)
 .init_array    0x20002174        0x4 c:/program files (x86)/gnu tools arm embedded/4.9 2015q3/bin/../lib/gcc/arm-none-eabi/4.9.3/armv7e-m/fpu/crtbegin.o
                0x20002178                PROVIDE (__init_array_end, .)
                0x20002178                . = ALIGN (0x4)
                0x20002178                PROVIDE (__fini_array_start, .)
 *(SORT(.fini_array.*))
 *(.fini_array)
 .fini_array    0x20002178        0x4 c:/program files (x86)/gnu tools arm embedded/4.9 2015q3/bin/../lib/gcc/arm-none-eabi/4.9.3/armv7e-m/fpu/crtbegin.o
                0x2000217c                PROVIDE (__fini_array_end, .)
 *(.jcr*)
 .jcr           0x2000217c        0x0 c:/program files (x86)/gnu tools arm embedded/4.9 2015q3/bin/../lib/gcc/arm-none-eabi/4.9.3/armv7e-m/fpu/crtbegin.o
 .jcr           0x2000217c        0x4 c:/program files (x86)/gnu tools arm embedded/4.9 2015q3/bin/../lib/gcc/arm-none-eabi/4.9.3/armv7e-m/fpu/crtend.o
                0x20002180                . = ALIGN (0x4)
                0x20002180                __data_end__ = .
LOAD c:/program files (x86)/gnu tools arm embedded/4.9 2015q3/bin/../lib/gcc/arm-none-eabi/4.9.3/armv7e-m/fpu/crti.o
LOAD c:/program files (x86)/gnu tools arm embedded/4.9 2015q3/bin/../lib/gcc/arm-none-eabi/4.9.3/armv7e-m/fpu/crtbegin.o
LOAD c:/program files (x86)/gnu tools arm embedded/4.9 2015q3/bin/../lib/gcc/arm-none-eabi/4.9.3/../../../../arm-none-eabi/lib/armv7e-m/fpu/crt0.o
LOAD c:/program files (x86)/gnu tools arm embedded/4.9 2015q3/bin/../lib/gcc/arm-none-eabi/4.9.3/../../../../arm-none-eabi/lib/armv7e-m/fpu\libc_nano.a
LOAD c:/program files (x86)/gnu tools arm embedded/4.9 2015q3/bin/../lib/gcc/arm-none-eabi/4.9.3/../../../../arm-none-eabi/lib/armv7e-m/fpu\libnosys.a
LOAD _build/app_button.o
LOAD _build/app_error.o
LOAD _build/app_error_weak.o
LOAD _build/app_fifo.o
LOAD _build/app_timer.o
LOAD _build/app_util_platform.o
LOAD _build/crc16.o
LOAD _build/fds.o
LOAD _build/fstorage.o
LOAD _build/nrf_assert.o
LOAD _build/nrf_log.o
LOAD _build/retarget.o
LOAD _build/sdk_mapped_flags.o
LOAD _build/sensorsim.o
LOAD _build/RTT_Syscalls_GCC.o
LOAD _build/SEGGER_RTT.o
LOAD _build/SEGGER_RTT_printf.o
LOAD _build/app_uart_fifo.o
LOAD _build/nrf_delay.o
LOAD _build/nrf_drv_common.o
LOAD _build/nrf_drv_gpiote.o
LOAD _build/nrf_drv_saadc.o
LOAD _build/nrf_drv_uart.o
LOAD _build/nrf_saadc.o
LOAD _build/pstorage.o
LOAD _build/bsp.o
LOAD _build/bsp_btn_ble.o
LOAD _build/main.o
LOAD _build/ble_advdata.o
LOAD _build/ble_advertising.o
LOAD _build/ble_bas.o
LOAD _build/ble_conn_params.o
LOAD _build/ble_conn_state.o
LOAD _build/ble_db_discovery.o
LOAD _build/ble_ias.o
LOAD _build/ble_ias_c.o
LOAD _build/ble_lls.o
LOAD _build/ble_srv_common.o
LOAD _build/ble_tps.o
LOAD _build/gatt_cache_manager.o
LOAD _build/gattc_cache_manager.o
LOAD _build/gatts_cache_manager.o
LOAD _build/id_manager.o
LOAD _build/peer_data.o
LOAD _build/peer_data_storage.o
LOAD _build/peer_database.o
LOAD _build/peer_id.o
LOAD _build/peer_manager.o
LOAD _build/pm_buffer.o
LOAD _build/pm_mutex.o
LOAD _build/security_dispatcher.o
LOAD _build/security_manager.o
LOAD _build/system_nrf52.o
LOAD _build/softdevice_handler.o
LOAD _build/gcc_startup_nrf52.o
LOAD c:/program files (x86)/gnu tools arm embedded/4.9 2015q3/bin/../lib/gcc/arm-none-eabi/4.9.3/../../../../arm-none-eabi/lib/armv7e-m/fpu\libm.a
START GROUP
LOAD c:/program files (x86)/gnu tools arm embedded/4.9 2015q3/bin/../lib/gcc/arm-none-eabi/4.9.3/armv7e-m/fpu\libgcc.a
LOAD c:/program files (x86)/gnu tools arm embedded/4.9 2015q3/bin/../lib/gcc/arm-none-eabi/4.9.3/../../../../arm-none-eabi/lib/armv7e-m/fpu\libc_nano.a
END GROUP
START GROUP
LOAD c:/program files (x86)/gnu tools arm embedded/4.9 2015q3/bin/../lib/gcc/arm-none-eabi/4.9.3/armv7e-m/fpu\libgcc.a
LOAD c:/program files (x86)/gnu tools arm embedded/4.9 2015q3/bin/../lib/gcc/arm-none-eabi/4.9.3/../../../../arm-none-eabi/lib/armv7e-m/fpu\libc_nano.a
END GROUP
LOAD c:/program files (x86)/gnu tools arm embedded/4.9 2015q3/bin/../lib/gcc/arm-none-eabi/4.9.3/armv7e-m/fpu/crtend.o
LOAD c:/program files (x86)/gnu tools arm embedded/4.9 2015q3/bin/../lib/gcc/arm-none-eabi/4.9.3/armv7e-m/fpu/crtn.o
START GROUP
LOAD c:/program files (x86)/gnu tools arm embedded/4.9 2015q3/bin/../lib/gcc/arm-none-eabi/4.9.3/armv7e-m/fpu\libgcc.a
LOAD c:/program files (x86)/gnu tools arm embedded/4.9 2015q3/bin/../lib/gcc/arm-none-eabi/4.9.3/../../../../arm-none-eabi/lib/armv7e-m/fpu\libc.a
LOAD c:/program files (x86)/gnu tools arm embedded/4.9 2015q3/bin/../lib/gcc/arm-none-eabi/4.9.3/../../../../arm-none-eabi/lib/armv7e-m/fpu\libnosys.a
END GROUP

.igot.plt       0x20002180        0x0 load address 0x0002b8e0
 .igot.plt      0x00000000        0x0 c:/program files (x86)/gnu tools arm embedded/4.9 2015q3/bin/../lib/gcc/arm-none-eabi/4.9.3/armv7e-m/fpu/crtbegin.o

.fs_data        0x20002180       0x10 load address 0x0002b8e0
                0x20002180                PROVIDE (__start_fs_data, .)
 *(.fs_data)
 .fs_data       0x20002180       0x10 _build/fds.o
                0x20002190                PROVIDE (__stop_fs_data, .)

.bss            0x20002190     0x1410 load address 0x0002b8f0
                0x20002190                . = ALIGN (0x4)
                0x20002190                __bss_start__ = .
 *(.bss*)
 .bss           0x20002190       0x1c c:/program files (x86)/gnu tools arm embedded/4.9 2015q3/bin/../lib/gcc/arm-none-eabi/4.9.3/armv7e-m/fpu/crtbegin.o
 .bss.m_detection_delay
                0x200021ac        0x4 _build/app_button.o
 .bss.mp_buttons
                0x200021b0        0x4 _build/app_button.o
 .bss.m_button_count
                0x200021b4        0x1 _build/app_button.o
 *fill*         0x200021b5        0x3 
 .bss.m_detection_delay_timer_id_data
                0x200021b8       0x20 _build/app_button.o
 .bss.m_pin_state
                0x200021d8        0x4 _build/app_button.o
 .bss.m_pin_transition
                0x200021dc        0x4 _build/app_button.o
 .bss.m_ticks_latest
                0x200021e0        0x4 _build/app_timer.o
 .bss.mp_timer_id_head
                0x200021e4        0x4 _build/app_timer.o
 .bss.m_evt_schedule_func
                0x200021e8        0x4 _build/app_timer.o
 .bss.m_user_array_size
                0x200021ec        0x1 _build/app_timer.o
 *fill*         0x200021ed        0x3 
 .bss.mp_users  0x200021f0        0x4 _build/app_timer.o
 .bss.m_ticks_elapsed_q_read_ind
                0x200021f4        0x1 _build/app_timer.o
 .bss.m_ticks_elapsed_q_write_ind
                0x200021f5        0x1 _build/app_timer.o
 .bss.m_rtc1_reset
                0x200021f6        0x1 _build/app_timer.o
 *fill*         0x200021f7        0x1 
 .bss.m_ticks_elapsed
                0x200021f8        0x8 _build/app_timer.o
 .bss.m_rtc1_running
                0x20002200        0x1 _build/app_timer.o
 *fill*         0x20002201        0x3 
 .bss.m_chunk_queue
                0x20002204       0x48 _build/fds.o
 .bss.m_latest_rec_id
                0x2000224c        0x4 _build/fds.o
 .bss.m_users   0x20002250        0x1 _build/fds.o
 *fill*         0x20002251        0x3 
 .bss.desc.6768
                0x20002254        0xc _build/fds.o
 .bss.m_pages   0x20002260       0x20 _build/fds.o
 .bss.m_gc      0x20002280       0x10 _build/fds.o
 .bss.m_op_queue
                0x20002290       0x78 _build/fds.o
 .bss.m_swap_page
                0x20002308        0x8 _build/fds.o
 .bss.m_flags   0x20002310        0x1 _build/fds.o
 *fill*         0x20002311        0x3 
 .bss.tok.6674  0x20002314        0x8 _build/fds.o
 .bss.m_cb_table
                0x2000231c        0xc _build/fds.o
 .bss.m_flags   0x20002328        0x1 _build/fstorage.o
 *fill*         0x20002329        0x3 
 .bss.m_queue   0x2000232c       0x58 _build/fstorage.o
 .bss.m_retry_count
                0x20002384        0x1 _build/fstorage.o
 *fill*         0x20002385        0x3 
 .bss.rx_buf.7722
                0x20002388        0x1 _build/nrf_log.o
 *fill*         0x20002389        0x3 
 .bss.tx_buf.7723
                0x2000238c      0x200 _build/nrf_log.o
 .bss.initialized.7718
                0x2000258c        0x1 _build/nrf_log.o
 *fill*         0x2000258d        0x3 
 .bss.tx_buffer
                0x20002590        0x1 _build/app_uart_fifo.o
 *fill*         0x20002591        0x3 
 .bss.m_event_handler
                0x20002594        0x4 _build/app_uart_fifo.o
 .bss.rx_buffer
                0x20002598        0x1 _build/app_uart_fifo.o
 *fill*         0x20002599        0x3 
 .bss.m_tx_fifo
                0x2000259c       0x10 _build/app_uart_fifo.o
 .bss.m_rx_fifo
                0x200025ac       0x10 _build/app_uart_fifo.o
 .bss.m_cb      0x200025bc       0x58 _build/nrf_drv_gpiote.o
 .bss.m_cb      0x20002614       0x2c _build/nrf_drv_saadc.o
 .bss.m_cb      0x20002640       0x20 _build/nrf_drv_uart.o
 .bss.m_cmd_queue
                0x20002660       0xcc _build/pstorage.o
 .bss.m_flags   0x2000272c        0x4 _build/pstorage.o
 .bss.m_leds_timer_id_data
                0x20002730       0x20 _build/bsp.o
 .bss.m_alert_mask
                0x20002750        0x4 _build/bsp.o
 .bss.release_event_at_push.7198
                0x20002754        0x4 _build/bsp.o
 .bss.m_indication_type
                0x20002758        0x4 _build/bsp.o
 .bss.m_app_ticks_per_100ms
                0x2000275c        0x4 _build/bsp.o
 .bss.m_registered_callback
                0x20002760        0x4 _build/bsp.o
 .bss.m_button_timer_id_data
                0x20002764       0x20 _build/bsp.o
 .bss.m_stable_state
                0x20002784        0x1 _build/bsp.o
 *fill*         0x20002785        0x3 
 .bss.m_alert_timer_id_data
                0x20002788       0x20 _build/bsp.o
 .bss.current_long_push_pin_no.7197
                0x200027a8        0x1 _build/bsp.o
 *fill*         0x200027a9        0x3 
 .bss.m_events_list
                0x200027ac        0xc _build/bsp.o
 .bss.m_error_handler
                0x200027b8        0x4 _build/bsp_btn_ble.o
 .bss.m_num_connections
                0x200027bc        0x4 _build/bsp_btn_ble.o
 .bss.m_is_ias_present
                0x200027c0        0x1 _build/main.o
 .bss.write_flag
                0x200027c1        0x1 _build/main.o
 *fill*         0x200027c2        0x2 
 .bss.adc_buf   0x200027c4        0x4 _build/main.o
 .bss.m_ias_c   0x200027c8       0x18 _build/main.o
 .bss.BLE_EVT_BUFFER.10826
                0x200027e0       0x48 _build/main.o
 .bss.m_is_high_alert_signalled
                0x20002828        0x1 _build/main.o
 *fill*         0x20002829        0x3 
 .bss.m_ias     0x2000282c       0x10 _build/main.o
 .bss.APP_TIMER_BUF.10664
                0x2000283c      0x258 _build/main.o
 .bss.m_lls     0x20002a94       0x14 _build/main.o
 .bss.m_ble_db_discovery
                0x20002aa8      0x1ac _build/main.o
 .bss.m_tps     0x20002c54        0xc _build/main.o
 .bss.m_battery_timer_id_data
                0x20002c60       0x20 _build/main.o
 .bss.m_bas     0x20002c80       0x18 _build/main.o
 .bss.m_advdata
                0x20002c98       0x38 _build/ble_advertising.o
 .bss.m_manuf_specific_data
                0x20002cd0        0xc _build/ble_advertising.o
 .bss.m_evt_handler
                0x20002cdc        0x4 _build/ble_advertising.o
 .bss.m_advertising_start_pending
                0x20002ce0        0x1 _build/ble_advertising.o
 *fill*         0x20002ce1        0x3 
 .bss.m_manuf_data_array
                0x20002ce4       0x1f _build/ble_advertising.o
 .bss.m_whitelist_temporarily_disabled
                0x20002d03        0x1 _build/ble_advertising.o
 .bss.m_error_handler
                0x20002d04        0x4 _build/ble_advertising.o
 .bss.m_peer_address
                0x20002d08        0x7 _build/ble_advertising.o
 *fill*         0x20002d0f        0x1 
 .bss.m_adv_modes_config
                0x20002d10       0x24 _build/ble_advertising.o
 .bss.mp_whitelist_addr
                0x20002d34       0x20 _build/ble_advertising.o
 .bss.m_tx_power_level
                0x20002d54        0x1 _build/ble_advertising.o
 *fill*         0x20002d55        0x3 
 .bss.m_whitelist
                0x20002d58       0x10 _build/ble_advertising.o
 .bss.m_adv_evt
                0x20002d68        0x1 _build/ble_advertising.o
 *fill*         0x20002d69        0x3 
 .bss.m_service_data_array
                0x20002d6c       0x1f _build/ble_advertising.o
 .bss.m_whitelist_reply_expected
                0x20002d8b        0x1 _build/ble_advertising.o
 .bss.mp_whitelist_irk
                0x20002d8c       0x20 _build/ble_advertising.o
 .bss.m_adv_mode_current
                0x20002dac        0x1 _build/ble_advertising.o
 .bss.m_peer_addr_reply_expected
                0x20002dad        0x1 _build/ble_advertising.o
 *fill*         0x20002dae        0x2 
 .bss.m_slave_conn_int
                0x20002db0        0x4 _build/ble_advertising.o
 .bss.m_service_data
                0x20002db4        0xc _build/ble_advertising.o
 .bss.m_change_param
                0x20002dc0        0x1 _build/ble_conn_params.o
 *fill*         0x20002dc1        0x3 
 .bss.m_current_conn_params
                0x20002dc4        0x8 _build/ble_conn_params.o
 .bss.m_update_count
                0x20002dcc        0x1 _build/ble_conn_params.o
 *fill*         0x20002dcd        0x3 
 .bss.m_conn_params_config
                0x20002dd0       0x1c _build/ble_conn_params.o
 .bss.m_conn_params_timer_id_data
                0x20002dec       0x20 _build/ble_conn_params.o
 .bss.m_conn_handle
                0x20002e0c        0x2 _build/ble_conn_params.o
 *fill*         0x20002e0e        0x2 
 .bss.m_preferred_conn_params
                0x20002e10        0x8 _build/ble_conn_params.o
 .bss.m_bcs     0x20002e18       0x34 _build/ble_conn_state.o
 .bss.m_evt_handler
                0x20002e4c        0x4 _build/ble_db_discovery.o
 .bss.m_pending_user_evts
                0x20002e50      0x1e0 _build/ble_db_discovery.o
 .bss.m_pending_usr_evt_index
                0x20003030        0x4 _build/ble_db_discovery.o
 .bss.m_registered_handlers
                0x20003034       0x18 _build/ble_db_discovery.o
 .bss.m_initialized
                0x2000304c        0x1 _build/ble_db_discovery.o
 *fill*         0x2000304d        0x3 
 .bss.m_num_of_handlers_reg
                0x20003050        0x4 _build/ble_db_discovery.o
 .bss.m_gcm     0x20003054        0x8 _build/gatt_cache_manager.o
 .bss.m_gccm    0x2000305c        0x4 _build/gattc_cache_manager.o
 .bss.start_handle.8773
                0x20003060        0x2 _build/gatts_cache_manager.o
 *fill*         0x20003062        0x2 
 .bss.m_im      0x20003064      0x138 _build/id_manager.o
 .bss.m_pds     0x2000319c       0x20 _build/peer_data_storage.o
 .bss.m_pdb     0x200031bc       0xd0 _build/peer_database.o
 .bss.mutex_memory.8714
                0x2000328c        0x1 _build/peer_database.o
 *fill*         0x2000328d        0x3 
 .bss.buffer_memory.8713
                0x20003290      0x280 _build/peer_database.o
 .bss.m_pi      0x20003510       0x40 _build/peer_id.o
 .bss.m_pm      0x20003550       0x20 _build/peer_manager.o
 .bss.m_softdevice_enabled
                0x20003570        0x1 _build/softdevice_handler.o
 *fill*         0x20003571        0x1 
 .bss.m_ble_evt_buffer_size
                0x20003572        0x2 _build/softdevice_handler.o
 .bss.mp_ble_evt_buffer
                0x20003574        0x4 _build/softdevice_handler.o
 .bss.m_sys_evt_handler
                0x20003578        0x4 _build/softdevice_handler.o
 .bss.m_ble_evt_handler
                0x2000357c        0x4 _build/softdevice_handler.o
 .bss.m_evt_schedule_func
                0x20003580        0x4 _build/softdevice_handler.o
 .bss.__malloc_sbrk_start
                0x20003584        0x4 c:/program files (x86)/gnu tools arm embedded/4.9 2015q3/bin/../lib/gcc/arm-none-eabi/4.9.3/../../../../arm-none-eabi/lib/armv7e-m/fpu\libc_nano.a(lib_a-nano-mallocr.o)
                0x20003584                __malloc_sbrk_start
 .bss.__malloc_free_list
                0x20003588        0x4 c:/program files (x86)/gnu tools arm embedded/4.9 2015q3/bin/../lib/gcc/arm-none-eabi/4.9.3/../../../../arm-none-eabi/lib/armv7e-m/fpu\libc_nano.a(lib_a-nano-mallocr.o)
                0x20003588                __malloc_free_list
 .bss.heap_end.4079
                0x2000358c        0x4 c:/program files (x86)/gnu tools arm embedded/4.9 2015q3/bin/../lib/gcc/arm-none-eabi/4.9.3/../../../../arm-none-eabi/lib/armv7e-m/fpu\libnosys.a(sbrk.o)
 *(COMMON)
 COMMON         0x20003590        0xc _build/softdevice_handler.o
                0x20003590                nrf_nvic_state
 COMMON         0x2000359c        0x4 c:/program files (x86)/gnu tools arm embedded/4.9 2015q3/bin/../lib/gcc/arm-none-eabi/4.9.3/../../../../arm-none-eabi/lib/armv7e-m/fpu\libc_nano.a(lib_a-reent.o)
                0x2000359c                errno
                0x200035a0                . = ALIGN (0x4)
                0x200035a0                __bss_end__ = .

.heap           0x200035a0     0x2000
                0x200035a0                __end__ = .
                0x200035a0                PROVIDE (end, .)
 *(.heap*)
 .heap          0x200035a0     0x2000 _build/gcc_startup_nrf52.o
                0x200035a0                __HeapBase
                0x200055a0                __HeapLimit = .

.stack_dummy    0x200035a0     0x2000
 *(.stack*)
 .stack         0x200035a0     0x2000 _build/gcc_startup_nrf52.o
                0x20010000                __StackTop = (ORIGIN (RAM) + 0xdf80)
                0x2000e000                __StackLimit = (__StackTop - SIZEOF (.stack_dummy))
                0x20010000                PROVIDE (__stack, __StackTop)
                0x00000001                ASSERT ((__StackLimit >= __HeapLimit), region RAM overflowed with stack)
OUTPUT(_build/nrf52832_xxaa_s132.out elf32-littlearm)

.ARM.attributes
                0x00000000       0x30
 .ARM.attributes
                0x00000000       0x22 c:/program files (x86)/gnu tools arm embedded/4.9 2015q3/bin/../lib/gcc/arm-none-eabi/4.9.3/armv7e-m/fpu/crti.o
 .ARM.attributes
                0x00000022       0x34 c:/program files (x86)/gnu tools arm embedded/4.9 2015q3/bin/../lib/gcc/arm-none-eabi/4.9.3/armv7e-m/fpu/crtbegin.o
 .ARM.attributes
                0x00000056       0x20 c:/program files (x86)/gnu tools arm embedded/4.9 2015q3/bin/../lib/gcc/arm-none-eabi/4.9.3/../../../../arm-none-eabi/lib/armv7e-m/fpu/crt0.o
 .ARM.attributes
                0x00000076       0x34 c:/program files (x86)/gnu tools arm embedded/4.9 2015q3/bin/../lib/gcc/arm-none-eabi/4.9.3/../../../../arm-none-eabi/lib/armv7e-m/fpu\libc_nano.a(lib_a-exit.o)
 .ARM.attributes
                0x000000aa       0x34 c:/program files (x86)/gnu tools arm embedded/4.9 2015q3/bin/../lib/gcc/arm-none-eabi/4.9.3/../../../../arm-none-eabi/lib/armv7e-m/fpu\libc_nano.a(lib_a-impure.o)
 .ARM.attributes
                0x000000de       0x34 c:/program files (x86)/gnu tools arm embedded/4.9 2015q3/bin/../lib/gcc/arm-none-eabi/4.9.3/../../../../arm-none-eabi/lib/armv7e-m/fpu\libc_nano.a(lib_a-init.o)
 .ARM.attributes
                0x00000112       0x34 c:/program files (x86)/gnu tools arm embedded/4.9 2015q3/bin/../lib/gcc/arm-none-eabi/4.9.3/../../../../arm-none-eabi/lib/armv7e-m/fpu\libc_nano.a(lib_a-memset.o)
 .ARM.attributes
                0x00000146       0x34 c:/program files (x86)/gnu tools arm embedded/4.9 2015q3/bin/../lib/gcc/arm-none-eabi/4.9.3/../../../../arm-none-eabi/lib/armv7e-m/fpu\libnosys.a(_exit.o)
 .ARM.attributes
                0x0000017a       0x39 _build/app_button.o
 .ARM.attributes
                0x000001b3       0x39 _build/app_error.o
 .ARM.attributes
                0x000001ec       0x39 _build/app_error_weak.o
 .ARM.attributes
                0x00000225       0x39 _build/app_fifo.o
 .ARM.attributes
                0x0000025e       0x39 _build/app_timer.o
 .ARM.attributes
                0x00000297       0x39 _build/app_util_platform.o
 .ARM.attributes
                0x000002d0       0x39 _build/fds.o
 .ARM.attributes
                0x00000309       0x39 _build/fstorage.o
 .ARM.attributes
                0x00000342       0x39 _build/nrf_log.o
 .ARM.attributes
                0x0000037b       0x39 _build/retarget.o
 .ARM.attributes
                0x000003b4       0x39 _build/sdk_mapped_flags.o
 .ARM.attributes
                0x000003ed       0x39 _build/app_uart_fifo.o
 .ARM.attributes
                0x00000426       0x39 _build/nrf_drv_common.o
 .ARM.attributes
                0x0000045f       0x39 _build/nrf_drv_gpiote.o
 .ARM.attributes
                0x00000498       0x39 _build/nrf_drv_saadc.o
 .ARM.attributes
                0x000004d1       0x39 _build/nrf_drv_uart.o
 .ARM.attributes
                0x0000050a       0x39 _build/nrf_saadc.o
 .ARM.attributes
                0x00000543       0x39 _build/pstorage.o
 .ARM.attributes
                0x0000057c       0x39 _build/bsp.o
 .ARM.attributes
                0x000005b5       0x39 _build/bsp_btn_ble.o
 .ARM.attributes
                0x000005ee       0x39 _build/main.o
 .ARM.attributes
                0x00000627       0x39 _build/ble_advdata.o
 .ARM.attributes
                0x00000660       0x39 _build/ble_advertising.o
 .ARM.attributes
                0x00000699       0x39 _build/ble_bas.o
 .ARM.attributes
                0x000006d2       0x39 _build/ble_conn_params.o
 .ARM.attributes
                0x0000070b       0x39 _build/ble_conn_state.o
 .ARM.attributes
                0x00000744       0x39 _build/ble_db_discovery.o
 .ARM.attributes
                0x0000077d       0x39 _build/ble_ias.o
 .ARM.attributes
                0x000007b6       0x39 _build/ble_ias_c.o
 .ARM.attributes
                0x000007ef       0x39 _build/ble_lls.o
 .ARM.attributes
                0x00000828       0x39 _build/ble_srv_common.o
 .ARM.attributes
                0x00000861       0x39 _build/ble_tps.o
 .ARM.attributes
                0x0000089a       0x39 _build/gatt_cache_manager.o
 .ARM.attributes
                0x000008d3       0x39 _build/gattc_cache_manager.o
 .ARM.attributes
                0x0000090c       0x39 _build/gatts_cache_manager.o
 .ARM.attributes
                0x00000945       0x39 _build/id_manager.o
 .ARM.attributes
                0x0000097e       0x39 _build/peer_data.o
 .ARM.attributes
                0x000009b7       0x39 _build/peer_data_storage.o
 .ARM.attributes
                0x000009f0       0x39 _build/peer_database.o
 .ARM.attributes
                0x00000a29       0x39 _build/peer_id.o
 .ARM.attributes
                0x00000a62       0x39 _build/peer_manager.o
 .ARM.attributes
                0x00000a9b       0x39 _build/pm_buffer.o
 .ARM.attributes
                0x00000ad4       0x39 _build/pm_mutex.o
 .ARM.attributes
                0x00000b0d       0x39 _build/security_dispatcher.o
 .ARM.attributes
                0x00000b46       0x39 _build/security_manager.o
 .ARM.attributes
                0x00000b7f       0x39 _build/system_nrf52.o
 .ARM.attributes
                0x00000bb8       0x39 _build/softdevice_handler.o
 .ARM.attributes
                0x00000bf1       0x1c _build/gcc_startup_nrf52.o
 .ARM.attributes
                0x00000c0d       0x34 c:/program files (x86)/gnu tools arm embedded/4.9 2015q3/bin/../lib/gcc/arm-none-eabi/4.9.3/../../../../arm-none-eabi/lib/armv7e-m/fpu\libc_nano.a(lib_a-memcmp.o)
 .ARM.attributes
                0x00000c41       0x34 c:/program files (x86)/gnu tools arm embedded/4.9 2015q3/bin/../lib/gcc/arm-none-eabi/4.9.3/../../../../arm-none-eabi/lib/armv7e-m/fpu\libc_nano.a(lib_a-memcpy.o)
 .ARM.attributes
                0x00000c75       0x34 c:/program files (x86)/gnu tools arm embedded/4.9 2015q3/bin/../lib/gcc/arm-none-eabi/4.9.3/../../../../arm-none-eabi/lib/armv7e-m/fpu\libc_nano.a(lib_a-strlen.o)
 .ARM.attributes
                0x00000ca9       0x34 c:/program files (x86)/gnu tools arm embedded/4.9 2015q3/bin/../lib/gcc/arm-none-eabi/4.9.3/../../../../arm-none-eabi/lib/armv7e-m/fpu\libc_nano.a(lib_a-vprintf.o)
 .ARM.attributes
                0x00000cdd       0x34 c:/program files (x86)/gnu tools arm embedded/4.9 2015q3/bin/../lib/gcc/arm-none-eabi/4.9.3/../../../../arm-none-eabi/lib/armv7e-m/fpu\libc_nano.a(lib_a-findfp.o)
 .ARM.attributes
                0x00000d11       0x34 c:/program files (x86)/gnu tools arm embedded/4.9 2015q3/bin/../lib/gcc/arm-none-eabi/4.9.3/../../../../arm-none-eabi/lib/armv7e-m/fpu\libc_nano.a(lib_a-fwalk.o)
 .ARM.attributes
                0x00000d45       0x34 c:/program files (x86)/gnu tools arm embedded/4.9 2015q3/bin/../lib/gcc/arm-none-eabi/4.9.3/../../../../arm-none-eabi/lib/armv7e-m/fpu\libc_nano.a(lib_a-nano-mallocr.o)
 .ARM.attributes
                0x00000d79       0x34 c:/program files (x86)/gnu tools arm embedded/4.9 2015q3/bin/../lib/gcc/arm-none-eabi/4.9.3/../../../../arm-none-eabi/lib/armv7e-m/fpu\libc_nano.a(lib_a-nano-vfprintf.o)
 .ARM.attributes
                0x00000dad       0x34 c:/program files (x86)/gnu tools arm embedded/4.9 2015q3/bin/../lib/gcc/arm-none-eabi/4.9.3/../../../../arm-none-eabi/lib/armv7e-m/fpu\libc_nano.a(lib_a-nano-vfprintf_i.o)
 .ARM.attributes
                0x00000de1       0x34 c:/program files (x86)/gnu tools arm embedded/4.9 2015q3/bin/../lib/gcc/arm-none-eabi/4.9.3/../../../../arm-none-eabi/lib/armv7e-m/fpu\libc_nano.a(lib_a-sbrkr.o)
 .ARM.attributes
                0x00000e15       0x34 c:/program files (x86)/gnu tools arm embedded/4.9 2015q3/bin/../lib/gcc/arm-none-eabi/4.9.3/../../../../arm-none-eabi/lib/armv7e-m/fpu\libc_nano.a(lib_a-stdio.o)
 .ARM.attributes
                0x00000e49       0x34 c:/program files (x86)/gnu tools arm embedded/4.9 2015q3/bin/../lib/gcc/arm-none-eabi/4.9.3/../../../../arm-none-eabi/lib/armv7e-m/fpu\libc_nano.a(lib_a-wbuf.o)
 .ARM.attributes
                0x00000e7d       0x34 c:/program files (x86)/gnu tools arm embedded/4.9 2015q3/bin/../lib/gcc/arm-none-eabi/4.9.3/../../../../arm-none-eabi/lib/armv7e-m/fpu\libc_nano.a(lib_a-writer.o)
 .ARM.attributes
                0x00000eb1       0x34 c:/program files (x86)/gnu tools arm embedded/4.9 2015q3/bin/../lib/gcc/arm-none-eabi/4.9.3/../../../../arm-none-eabi/lib/armv7e-m/fpu\libc_nano.a(lib_a-wsetup.o)
 .ARM.attributes
                0x00000ee5       0x34 c:/program files (x86)/gnu tools arm embedded/4.9 2015q3/bin/../lib/gcc/arm-none-eabi/4.9.3/../../../../arm-none-eabi/lib/armv7e-m/fpu\libc_nano.a(lib_a-closer.o)
 .ARM.attributes
                0x00000f19       0x34 c:/program files (x86)/gnu tools arm embedded/4.9 2015q3/bin/../lib/gcc/arm-none-eabi/4.9.3/../../../../arm-none-eabi/lib/armv7e-m/fpu\libc_nano.a(lib_a-fflush.o)
 .ARM.attributes
                0x00000f4d       0x34 c:/program files (x86)/gnu tools arm embedded/4.9 2015q3/bin/../lib/gcc/arm-none-eabi/4.9.3/../../../../arm-none-eabi/lib/armv7e-m/fpu\libc_nano.a(lib_a-lseekr.o)
 .ARM.attributes
                0x00000f81       0x34 c:/program files (x86)/gnu tools arm embedded/4.9 2015q3/bin/../lib/gcc/arm-none-eabi/4.9.3/../../../../arm-none-eabi/lib/armv7e-m/fpu\libc_nano.a(lib_a-makebuf.o)
 .ARM.attributes
                0x00000fb5       0x34 c:/program files (x86)/gnu tools arm embedded/4.9 2015q3/bin/../lib/gcc/arm-none-eabi/4.9.3/../../../../arm-none-eabi/lib/armv7e-m/fpu\libc_nano.a(lib_a-memchr.o)
 .ARM.attributes
                0x00000fe9       0x34 c:/program files (x86)/gnu tools arm embedded/4.9 2015q3/bin/../lib/gcc/arm-none-eabi/4.9.3/../../../../arm-none-eabi/lib/armv7e-m/fpu\libc_nano.a(lib_a-nano-freer.o)
 .ARM.attributes
                0x0000101d       0x34 c:/program files (x86)/gnu tools arm embedded/4.9 2015q3/bin/../lib/gcc/arm-none-eabi/4.9.3/../../../../arm-none-eabi/lib/armv7e-m/fpu\libc_nano.a(lib_a-readr.o)
 .ARM.attributes
                0x00001051       0x34 c:/program files (x86)/gnu tools arm embedded/4.9 2015q3/bin/../lib/gcc/arm-none-eabi/4.9.3/../../../../arm-none-eabi/lib/armv7e-m/fpu\libc_nano.a(lib_a-reent.o)
 .ARM.attributes
                0x00001085       0x34 c:/program files (x86)/gnu tools arm embedded/4.9 2015q3/bin/../lib/gcc/arm-none-eabi/4.9.3/../../../../arm-none-eabi/lib/armv7e-m/fpu\libc_nano.a(lib_a-fstatr.o)
 .ARM.attributes
                0x000010b9       0x34 c:/program files (x86)/gnu tools arm embedded/4.9 2015q3/bin/../lib/gcc/arm-none-eabi/4.9.3/../../../../arm-none-eabi/lib/armv7e-m/fpu\libc_nano.a(lib_a-isattyr.o)
 .ARM.attributes
                0x000010ed       0x34 c:/program files (x86)/gnu tools arm embedded/4.9 2015q3/bin/../lib/gcc/arm-none-eabi/4.9.3/armv7e-m/fpu/crtend.o
 .ARM.attributes
                0x00001121       0x22 c:/program files (x86)/gnu tools arm embedded/4.9 2015q3/bin/../lib/gcc/arm-none-eabi/4.9.3/armv7e-m/fpu/crtn.o
 .ARM.attributes
                0x00001143       0x34 c:/program files (x86)/gnu tools arm embedded/4.9 2015q3/bin/../lib/gcc/arm-none-eabi/4.9.3/../../../../arm-none-eabi/lib/armv7e-m/fpu\libnosys.a(close.o)
 .ARM.attributes
                0x00001177       0x34 c:/program files (x86)/gnu tools arm embedded/4.9 2015q3/bin/../lib/gcc/arm-none-eabi/4.9.3/../../../../arm-none-eabi/lib/armv7e-m/fpu\libnosys.a(fstat.o)
 .ARM.attributes
                0x000011ab       0x34 c:/program files (x86)/gnu tools arm embedded/4.9 2015q3/bin/../lib/gcc/arm-none-eabi/4.9.3/../../../../arm-none-eabi/lib/armv7e-m/fpu\libnosys.a(isatty.o)
 .ARM.attributes
                0x000011df       0x34 c:/program files (x86)/gnu tools arm embedded/4.9 2015q3/bin/../lib/gcc/arm-none-eabi/4.9.3/../../../../arm-none-eabi/lib/armv7e-m/fpu\libnosys.a(lseek.o)
 .ARM.attributes
                0x00001213       0x34 c:/program files (x86)/gnu tools arm embedded/4.9 2015q3/bin/../lib/gcc/arm-none-eabi/4.9.3/../../../../arm-none-eabi/lib/armv7e-m/fpu\libnosys.a(sbrk.o)

.comment        0x00000000       0x70
 .comment       0x00000000       0x70 _build/app_button.o
                                 0x71 (size before relaxing)
 .comment       0x00000000       0x71 _build/app_error.o
 .comment       0x00000000       0x71 _build/app_error_weak.o
 .comment       0x00000000       0x71 _build/app_fifo.o
 .comment       0x00000000       0x71 _build/app_timer.o
 .comment       0x00000000       0x71 _build/app_util_platform.o
 .comment       0x00000000       0x71 _build/fds.o
 .comment       0x00000000       0x71 _build/fstorage.o
 .comment       0x00000000       0x71 _build/nrf_log.o
 .comment       0x00000000       0x71 _build/retarget.o
 .comment       0x00000000       0x71 _build/sdk_mapped_flags.o
 .comment       0x00000000       0x71 _build/app_uart_fifo.o
 .comment       0x00000000       0x71 _build/nrf_drv_common.o
 .comment       0x00000000       0x71 _build/nrf_drv_gpiote.o
 .comment       0x00000000       0x71 _build/nrf_drv_saadc.o
 .comment       0x00000000       0x71 _build/nrf_drv_uart.o
 .comment       0x00000000       0x71 _build/nrf_saadc.o
 .comment       0x00000000       0x71 _build/pstorage.o
 .comment       0x00000000       0x71 _build/bsp.o
 .comment       0x00000000       0x71 _build/bsp_btn_ble.o
 .comment       0x00000000       0x71 _build/main.o
 .comment       0x00000000       0x71 _build/ble_advdata.o
 .comment       0x00000000       0x71 _build/ble_advertising.o
 .comment       0x00000000       0x71 _build/ble_bas.o
 .comment       0x00000000       0x71 _build/ble_conn_params.o
 .comment       0x00000000       0x71 _build/ble_conn_state.o
 .comment       0x00000000       0x71 _build/ble_db_discovery.o
 .comment       0x00000000       0x71 _build/ble_ias.o
 .comment       0x00000000       0x71 _build/ble_ias_c.o
 .comment       0x00000000       0x71 _build/ble_lls.o
 .comment       0x00000000       0x71 _build/ble_srv_common.o
 .comment       0x00000000       0x71 _build/ble_tps.o
 .comment       0x00000000       0x71 _build/gatt_cache_manager.o
 .comment       0x00000000       0x71 _build/gattc_cache_manager.o
 .comment       0x00000000       0x71 _build/gatts_cache_manager.o