Component: ARM Compiler 5.06 update 3 (build 300) Tool: armlink [4d35c9]

==============================================================================

Section Cross References

    main.o(i.adc_event_handler) refers to nrf_drv_adc.o(i.nrf_drv_adc_buffer_convert) for nrf_drv_adc_buffer_convert
    main.o(i.adc_event_handler) refers to app_error.o(i.app_error_handler_bare) for app_error_handler_bare
    main.o(i.adc_event_handler) refers to main.o(i.battery_level_in_percent) for battery_level_in_percent
    main.o(i.adc_event_handler) refers to ble_bas.o(i.ble_bas_battery_level_update) for ble_bas_battery_level_update
    main.o(i.adc_event_handler) refers to main.o(.bss) for .bss
    main.o(i.advertising_start) refers to ble_advertising.o(i.ble_advertising_start) for ble_advertising_start
    main.o(i.advertising_start) refers to app_error.o(i.app_error_handler_bare) for app_error_handler_bare
    main.o(i.alert_signal) refers to app_error.o(i.app_error_handler_bare) for app_error_handler_bare
    main.o(i.alert_signal) refers to bsp.o(i.bsp_indication_set) for bsp_indication_set
    main.o(i.assert_nrf_callback) refers to app_error.o(i.app_error_handler) for app_error_handler
    main.o(i.bas_init) refers to memseta.o(.text) for __aeabi_memclr4
    main.o(i.bas_init) refers to ble_bas.o(i.ble_bas_init) for ble_bas_init
    main.o(i.bas_init) refers to app_error.o(i.app_error_handler_bare) for app_error_handler_bare
    main.o(i.bas_init) refers to main.o(i.on_bas_evt) for on_bas_evt
    main.o(i.bas_init) refers to main.o(.bss) for .bss
    main.o(i.battery_level_in_percent) refers to idiv.o(.text) for __aeabi_idivmod
    main.o(i.battery_level_meas_timeout_handler) refers to nrf_drv_adc.o(i.nrf_drv_adc_sample) for nrf_drv_adc_sample
    main.o(i.ble_evt_dispatch) refers to ble_conn_state.o(i.ble_conn_state_on_ble_evt) for ble_conn_state_on_ble_evt
    main.o(i.ble_evt_dispatch) refers to peer_manager.o(i.pm_on_ble_evt) for pm_on_ble_evt
    main.o(i.ble_evt_dispatch) refers to ble_db_discovery.o(i.ble_db_discovery_on_ble_evt) for ble_db_discovery_on_ble_evt
    main.o(i.ble_evt_dispatch) refers to ble_conn_params.o(i.ble_conn_params_on_ble_evt) for ble_conn_params_on_ble_evt
    main.o(i.ble_evt_dispatch) refers to ble_ias.o(i.ble_ias_on_ble_evt) for ble_ias_on_ble_evt
    main.o(i.ble_evt_dispatch) refers to ble_lls.o(i.ble_lls_on_ble_evt) for ble_lls_on_ble_evt
    main.o(i.ble_evt_dispatch) refers to ble_bas.o(i.ble_bas_on_ble_evt) for ble_bas_on_ble_evt
    main.o(i.ble_evt_dispatch) refers to ble_ias_c.o(i.ble_ias_c_on_ble_evt) for ble_ias_c_on_ble_evt
    main.o(i.ble_evt_dispatch) refers to ble_tps.o(i.ble_tps_on_ble_evt) for ble_tps_on_ble_evt
    main.o(i.ble_evt_dispatch) refers to bsp_btn_ble.o(i.bsp_btn_ble_on_ble_evt) for bsp_btn_ble_on_ble_evt
    main.o(i.ble_evt_dispatch) refers to main.o(i.on_ble_evt) for on_ble_evt
    main.o(i.ble_evt_dispatch) refers to ble_advertising.o(i.ble_advertising_on_ble_evt) for ble_advertising_on_ble_evt
    main.o(i.ble_evt_dispatch) refers to main.o(.bss) for .bss
    main.o(i.ble_stack_init) refers to softdevice_handler.o(i.softdevice_handler_init) for softdevice_handler_init
    main.o(i.ble_stack_init) refers to app_error.o(i.app_error_handler_bare) for app_error_handler_bare
    main.o(i.ble_stack_init) refers to softdevice_handler.o(i.softdevice_enable_get_default_config) for softdevice_enable_get_default_config
    main.o(i.ble_stack_init) refers to softdevice_handler.o(i.sd_check_ram_start) for sd_check_ram_start
    main.o(i.ble_stack_init) refers to softdevice_handler.o(i.softdevice_enable) for softdevice_enable
    main.o(i.ble_stack_init) refers to softdevice_handler.o(i.softdevice_ble_evt_handler_set) for softdevice_ble_evt_handler_set
    main.o(i.ble_stack_init) refers to softdevice_handler.o(i.softdevice_sys_evt_handler_set) for softdevice_sys_evt_handler_set
    main.o(i.ble_stack_init) refers to main.o(.constdata) for .constdata
    main.o(i.ble_stack_init) refers to main.o(.bss) for .bss
    main.o(i.ble_stack_init) refers to main.o(i.ble_evt_dispatch) for ble_evt_dispatch
    main.o(i.ble_stack_init) refers to main.o(i.sys_evt_dispatch) for sys_evt_dispatch
    main.o(i.bsp_event_handler) refers to bsp.o(i.bsp_indication_set) for bsp_indication_set
    main.o(i.bsp_event_handler) refers to main.o(i.sleep_mode_enter) for sleep_mode_enter
    main.o(i.bsp_event_handler) refers to ble_ias_c.o(i.ble_ias_c_send_alert_level) for ble_ias_c_send_alert_level
    main.o(i.bsp_event_handler) refers to app_error.o(i.app_error_handler_bare) for app_error_handler_bare
    main.o(i.bsp_event_handler) refers to main.o(.bss) for .bss
    main.o(i.bsp_event_handler) refers to main.o(.data) for .data
    main.o(i.conn_params_error_handler) refers to app_error.o(i.app_error_handler_bare) for app_error_handler_bare
    main.o(i.db_disc_handler) refers to ble_ias_c.o(i.ble_ias_c_on_db_disc_evt) for ble_ias_c_on_db_disc_evt
[...]
    m_gc                                     0x2000329c   Data          16  fds.o(.bss)
    .bss                                     0x200032ac   Section       88  fstorage.o(.bss)
    m_queue                                  0x200032ac   Data          88  fstorage.o(.bss)
    .bss                                     0x20003304   Section      523  nrf_log.o(.bss)
    tx_buf                                   0x20003304   Data         512  nrf_log.o(.bss)
    hex_string                               0x20003504   Data          11  nrf_log.o(.bss)
    STACK                                    0x20003510   Section     2048  arm_startup_nrf51.o(STACK)

    Global Symbols

    Symbol Name                              Value     Ov Type        Size  Object(Section)

    BuildAttributes$$THM_ISAv3M$S$PE$A:L22$X:L11$S22$IEEE1$IW$USESV6$~STKCKD$USESV7$~SHL$OSPACE$ROPI$EBA8$MICROLIB$REQ8$PRES8$EABIv2 0x00000000   Number         0  anon$$obj.o ABSOLUTE
    __ARM_use_no_argv                        0x00000000   Number         0  main.o ABSOLUTE
    __cpp_initialize__aeabi_                  - Undefined Weak Reference
    __cxa_finalize                            - Undefined Weak Reference
    _clock_init                               - Undefined Weak Reference
    _microlib_exit                            - Undefined Weak Reference
    __Vectors_Size                           0x000000c0   Number         0  arm_startup_nrf51.o ABSOLUTE
    __Vectors                                0x0001b000   Data           4  arm_startup_nrf51.o(RESET)
    __Vectors_End                            0x0001b0c0   Data           0  arm_startup_nrf51.o(RESET)
    __main                                   0x0001b0c1   Thumb Code     0  entry.o(.ARM.Collect$$$$00000000)
    _main_stk                                0x0001b0c1   Thumb Code     0  entry2.o(.ARM.Collect$$$$00000001)
    _main_scatterload                        0x0001b0c5   Thumb Code     0  entry5.o(.ARM.Collect$$$$00000004)
    __main_after_scatterload                 0x0001b0c9   Thumb Code     0  entry5.o(.ARM.Collect$$$$00000004)
    _main_clock                              0x0001b0c9   Thumb Code     0  entry7b.o(.ARM.Collect$$$$00000008)
    _main_cpp_init                           0x0001b0c9   Thumb Code     0  entry8b.o(.ARM.Collect$$$$0000000A)
    _main_init                               0x0001b0c9   Thumb Code     0  entry9a.o(.ARM.Collect$$$$0000000B)
    __rt_final_cpp                           0x0001b0d1   Thumb Code     0  entry10a.o(.ARM.Collect$$$$0000000D)
    __rt_final_exit                          0x0001b0d1   Thumb Code     0  entry11a.o(.ARM.Collect$$$$0000000F)
    __asm___11_app_timer_c_cd27f9c3__nrf_delay_us 0x0001b0d5   Thumb Code    30  app_timer.o(.emb_text)
    Reset_Handler                            0x0001b0f5   Thumb Code    26  arm_startup_nrf51.o(.text)
    NMI_Handler                              0x0001b10f   Thumb Code     2  arm_startup_nrf51.o(.text)
    HardFault_Handler                        0x0001b111   Thumb Code     2  arm_startup_nrf51.o(.text)
    SVC_Handler                              0x0001b113   Thumb Code     2  arm_startup_nrf51.o(.text)
    PendSV_Handler                           0x0001b115   Thumb Code     2  arm_startup_nrf51.o(.text)
    SysTick_Handler                          0x0001b117   Thumb Code     2  arm_startup_nrf51.o(.text)
    CCM_AAR_IRQHandler                       0x0001b119   Thumb Code     0  arm_startup_nrf51.o(.text)
    ECB_IRQHandler                           0x0001b119   Thumb Code     0  arm_startup_nrf51.o(.text)
    LPCOMP_IRQHandler                        0x0001b119   Thumb Code     0  arm_startup_nrf51.o(.text)
    POWER_CLOCK_IRQHandler                   0x0001b119   Thumb Code     0  arm_startup_nrf51.o(.text)
    QDEC_IRQHandler                          0x0001b119   Thumb Code     0  arm_startup_nrf51.o(.text)
    RADIO_IRQHandler                         0x0001b119   Thumb Code     0  arm_startup_nrf51.o(.text)
    RNG_IRQHandler                           0x0001b119   Thumb Code     0  arm_startup_nrf51.o(.text)
    RTC0_IRQHandler                          0x0001b119   Thumb Code     0  arm_startup_nrf51.o(.text)
    SPI0_TWI0_IRQHandler                     0x0001b119   Thumb Code     0  arm_startup_nrf51.o(.text)
    SPI1_TWI1_IRQHandler                     0x0001b119   Thumb Code     0  arm_startup_nrf51.o(.text)
    SWI1_IRQHandler                          0x0001b119   Thumb Code     0  arm_startup_nrf51.o(.text)
    SWI3_IRQHandler                          0x0001b119   Thumb Code     0  arm_startup_nrf51.o(.text)
    SWI4_IRQHandler                          0x0001b119   Thumb Code     0  arm_startup_nrf51.o(.text)
    SWI5_IRQHandler                          0x0001b119   Thumb Code     0  arm_startup_nrf51.o(.text)
    TEMP_IRQHandler                          0x0001b119   Thumb Code     0  arm_startup_nrf51.o(.text)
    TIMER0_IRQHandler                        0x0001b119   Thumb Code     0  arm_startup_nrf51.o(.text)
    TIMER1_IRQHandler                        0x0001b119   Thumb Code     0  arm_startup_nrf51.o(.text)
    TIMER2_IRQHandler                        0x0001b119   Thumb Code     0  arm_startup_nrf51.o(.text)
    WDT_IRQHandler                           0x0001b119   Thumb Code     0  arm_startup_nrf51.o(.text)
    __aeabi_uidiv                            0x0001b12d   Thumb Code     0  uidiv.o(.text)
    __aeabi_uidivmod                         0x0001b12d   Thumb Code    44  uidiv.o(.text)
    __aeabi_idiv                             0x0001b159   Thumb Code     0  idiv.o(.text)
    __aeabi_idivmod                          0x0001b159   Thumb Code    40  idiv.o(.text)
    __aeabi_memcpy                           0x0001b181   Thumb Code    36  memcpya.o(.text)
    __aeabi_memcpy4                          0x0001b181   Thumb Code     0  memcpya.o(.text)
    __aeabi_memcpy8                          0x0001b181   Thumb Code     0  memcpya.o(.text)
    __aeabi_memset                           0x0001b1a5   Thumb Code    14  memseta.o(.text)
    __aeabi_memset4                          0x0001b1a5   Thumb Code     0  memseta.o(.text)
    __aeabi_memset8                          0x0001b1a5   Thumb Code     0  memseta.o(.text)
    __aeabi_memclr                           0x0001b1b3   Thumb Code     4  memseta.o(.text)
    __aeabi_memclr4                          0x0001b1b3   Thumb Code     0  memseta.o(.text)
    __aeabi_memclr8                          0x0001b1b3   Thumb Code     0  memseta.o(.text)
    _memset$wrapper                          0x0001b1b7   Thumb Code    18  memseta.o(.text)
    memcmp                                   0x0001b1c9   Thumb Code    26  memcmp.o(.text)
    __aeabi_uldivmod                         0x0001b1e3   Thumb Code    96  uldiv.o(.text)
    __I$use$fp                               0x0001b243   Thumb Code     0  iusefp.o(.text)
    __aeabi_dadd                             0x0001b245   Thumb Code   328  dadd.o(.text)
    __aeabi_dsub                             0x0001b38d   Thumb Code    12  dadd.o(.text)
    __aeabi_drsub                            0x0001b399   Thumb Code    12  dadd.o(.text)
    __aeabi_dmul                             0x0001b3a9   Thumb Code   202  dmul.o(.text)
    __aeabi_ddiv                             0x0001b479   Thumb Code   234  ddiv.o(.text)
    __aeabi_d2ulz                            0x0001b569   Thumb Code    54  dfixul.o(.text)
    __aeabi_cdrcmple                         0x0001b5a9   Thumb Code    38  cdrcmple.o(.text)
    __scatterload                            0x0001b5d1   Thumb Code    28  init.o(.text)
    __scatterload_rt2                        0x0001b5d1   Thumb Code     0  init.o(.text)
    __aeabi_llsl                             0x0001b5f5   Thumb Code    32  llshl.o(.text)
    _ll_shift_l                              0x0001b5f5   Thumb Code     0  llshl.o(.text)
    __aeabi_llsr                             0x0001b615   Thumb Code    34  llushr.o(.text)
    _ll_ushift_r                             0x0001b615   Thumb Code     0  llushr.o(.text)
    __aeabi_lasr                             0x0001b637   Thumb Code    38  llsshr.o(.text)
    _ll_sshift_r                             0x0001b637   Thumb Code     0  llsshr.o(.text)
    _double_round                            0x0001b65d   Thumb Code    26  depilogue.o(.text)
    _double_epilogue                         0x0001b677   Thumb Code   164  depilogue.o(.text)
    __decompress                             0x0001b71b   Thumb Code     0  __dczerorl2.o(.text)
    __decompress1                            0x0001b71b   Thumb Code    86  __dczerorl2.o(.text)
    ADC_IRQHandler                           0x0001b771   Thumb Code    78  nrf_drv_adc.o(i.ADC_IRQHandler)
    GPIOTE_IRQHandler                        0x0001b7d1   Thumb Code   312  nrf_drv_gpiote.o(i.GPIOTE_IRQHandler)
    RTC1_IRQHandler                          0x0001b969   Thumb Code    28  app_timer.o(i.RTC1_IRQHandler)
    SWI0_IRQHandler                          0x0001b989   Thumb Code     8  app_timer.o(i.SWI0_IRQHandler)
    SWI2_IRQHandler                          0x0001b991   Thumb Code    28  softdevice_handler.o(i.SWI2_IRQHandler)
    SystemInit                               0x0001b9b1   Thumb Code   130  system_nrf51.o(i.SystemInit)
    UART0_IRQHandler                         0x0001ba51   Thumb Code     8  nrf_drv_uart.o(i.UART0_IRQHandler)
    __0vprintf                               0x0001ba59   Thumb Code    12  printfa.o(i.__0vprintf)
    __1vprintf                               0x0001ba59   Thumb Code     0  printfa.o(i.__0vprintf)
    __2vprintf                               0x0001ba59   Thumb Code     0  printfa.o(i.__0vprintf)
    __c89vprintf                             0x0001ba59   Thumb Code     0  printfa.o(i.__0vprintf)
    vprintf                                  0x0001ba59   Thumb Code     0  printfa.o(i.__0vprintf)
    __ARM_clz                                0x0001ba6d   Thumb Code    46  depilogue.o(i.__ARM_clz)
    __ARM_common_switch8                     0x0001ba9b   Thumb Code    26  main.o(i.__ARM_common_switch8)
    __scatterload_copy                       0x0001bab5   Thumb Code    14  handlers.o(i.__scatterload_copy)
    __scatterload_null                       0x0001bac3   Thumb Code     2  handlers.o(i.__scatterload_null)
    __scatterload_zeroinit                   0x0001bac5   Thumb Code    14  handlers.o(i.__scatterload_zeroinit)
    adc_event_handler                        0x0001c381   Thumb Code    88  main.o(i.adc_event_handler)
    addr_compare                             0x0001c445   Thumb Code    40  id_manager.o(i.addr_compare)
    adv_data_encode                          0x0001c46d   Thumb Code   534  ble_advdata.o(i.adv_data_encode)
    ah                                       0x0001c6d1   Thumb Code    78  id_manager.o(i.ah)
    app_button_enable                        0x0001c871   Thumb Code    32  app_button.o(i.app_button_enable)
    app_button_init                          0x0001c895   Thumb Code   100  app_button.o(i.app_button_init)
    app_error_fault_handler                  0x0001c909   Thumb Code    18  app_error_weak.o(i.app_error_fault_handler)
    app_error_handler_bare                   0x0001c925   Thumb Code    20  app_error.o(i.app_error_handler_bare)
    app_fifo_get                             0x0001c93d   Thumb Code    22  app_fifo.o(i.app_fifo_get)
    app_fifo_init                            0x0001c953   Thumb Code    36  app_fifo.o(i.app_fifo_init)
    app_fifo_put                             0x0001c977   Thumb Code    26  app_fifo.o(i.app_fifo_put)
    app_timer_create                         0x0001c991   Thumb Code    40  app_timer.o(i.app_timer_create)
    app_timer_init                           0x0001c9bd   Thumb Code   126  app_timer.o(i.app_timer_init)
    app_timer_start                          0x0001ca4d   Thumb Code   114  app_timer.o(i.app_timer_start)
    app_timer_stop                           0x0001cac9   Thumb Code    78  app_timer.o(i.app_timer_stop)
    app_uart_init                            0x0001cb1d   Thumb Code   144  app_uart_fifo.o(i.app_uart_init)
    app_uart_put                             0x0001cbbd   Thumb Code    48  app_uart_fifo.o(i.app_uart_put)
    app_util_critical_region_enter           0x0001cbf5   Thumb Code    48  app_util_platform.o(i.app_util_critical_region_enter)
    app_util_critical_region_exit            0x0001cc31   Thumb Code    36  app_util_platform.o(i.app_util_critical_region_exit)
    ble_advdata_set                          0x0001cf25   Thumb Code   104  ble_advdata.o(i.ble_advdata_set)
    ble_advertising_init                     0x0001cf8d   Thumb Code   284  ble_advertising.o(i.ble_advertising_init)
    ble_advertising_on_ble_evt               0x0001d0b1   Thumb Code   118  ble_advertising.o(i.ble_advertising_on_ble_evt)
    ble_advertising_on_sys_evt               0x0001d12d   Thumb Code    42  ble_advertising.o(i.ble_advertising_on_sys_evt)
    ble_advertising_start                    0x0001d16d   Thumb Code   482  ble_advertising.o(i.ble_advertising_start)
    ble_bas_battery_level_update             0x0001d359   Thumb Code   112  ble_bas.o(i.ble_bas_battery_level_update)
    ble_bas_init                             0x0001d3cd   Thumb Code    66  ble_bas.o(i.ble_bas_init)
    ble_bas_on_ble_evt                       0x0001d415   Thumb Code    94  ble_bas.o(i.ble_bas_on_ble_evt)
    ble_conn_params_init                     0x0001d475   Thumb Code    68  ble_conn_params.o(i.ble_conn_params_init)
    ble_conn_params_on_ble_evt               0x0001d4c9   Thumb Code   132  ble_conn_params.o(i.ble_conn_params_on_ble_evt)
    ble_conn_state_conn_handles              0x0001d559   Thumb Code    14  ble_conn_state.o(i.ble_conn_state_conn_handles)
    ble_conn_state_encrypted                 0x0001d56d   Thumb Code    16  ble_conn_state.o(i.ble_conn_state_encrypted)
    ble_conn_state_mitm_protected            0x0001d581   Thumb Code    16  ble_conn_state.o(i.ble_conn_state_mitm_protected)
    ble_conn_state_on_ble_evt                0x0001d595   Thumb Code   238  ble_conn_state.o(i.ble_conn_state_on_ble_evt)
    ble_conn_state_role                      0x0001d68d   Thumb Code    46  ble_conn_state.o(i.ble_conn_state_role)
    ble_conn_state_user_flag_acquire         0x0001d6c1   Thumb Code    42  ble_conn_state.o(i.ble_conn_state_user_flag_acquire)
    ble_conn_state_user_flag_collection      0x0001d6f1   Thumb Code    20  ble_conn_state.o(i.ble_conn_state_user_flag_collection)
    ble_conn_state_user_flag_get             0x0001d709   Thumb Code    32  ble_conn_state.o(i.ble_conn_state_user_flag_get)
    ble_conn_state_user_flag_set             0x0001d72d   Thumb Code    36  ble_conn_state.o(i.ble_conn_state_user_flag_set)
    ble_db_discovery_evt_register            0x0001d755   Thumb Code    66  ble_db_discovery.o(i.ble_db_discovery_evt_register)
    ble_db_discovery_init                    0x0001d7a1   Thumb Code    26  ble_db_discovery.o(i.ble_db_discovery_init)
    ble_db_discovery_on_ble_evt              0x0001d7c1   Thumb Code    82  ble_db_discovery.o(i.ble_db_discovery_on_ble_evt)
    ble_db_discovery_start                   0x0001d819   Thumb Code    90  ble_db_discovery.o(i.ble_db_discovery_start)
    ble_ias_c_handles_assign                 0x0001d945   Thumb Code    16  ble_ias_c.o(i.ble_ias_c_handles_assign)
    ble_ias_c_init                           0x0001d955   Thumb Code    58  ble_ias_c.o(i.ble_ias_c_init)
    ble_ias_c_on_ble_evt                     0x0001d9a3   Thumb Code    44  ble_ias_c.o(i.ble_ias_c_on_ble_evt)
    ble_ias_c_on_db_disc_evt                 0x0001d9d1   Thumb Code   116  ble_ias_c.o(i.ble_ias_c_on_db_disc_evt)
    ble_ias_c_send_alert_level               0x0001da4d   Thumb Code    54  ble_ias_c.o(i.ble_ias_c_send_alert_level)
    ble_ias_init                             0x0001da85   Thumb Code    46  ble_ias.o(i.ble_ias_init)
    ble_ias_on_ble_evt                       0x0001dab9   Thumb Code    52  ble_ias.o(i.ble_ias_on_ble_evt)
    ble_lls_alert_level_get                  0x0001daed   Thumb Code    26  ble_lls.o(i.ble_lls_alert_level_get)
    ble_lls_init                             0x0001db09   Thumb Code    56  ble_lls.o(i.ble_lls_init)
    ble_lls_on_ble_evt                       0x0001db45   Thumb Code    84  ble_lls.o(i.ble_lls_on_ble_evt)
    ble_srv_report_ref_encode                0x0001db99   Thumb Code    12  ble_srv_common.o(i.ble_srv_report_ref_encode)
    ble_tps_init                             0x0001dc25   Thumb Code    38  ble_tps.o(i.ble_tps_init)
    ble_tps_on_ble_evt                       0x0001dc51   Thumb Code    12  ble_tps.o(i.ble_tps_on_ble_evt)
    bsp_btn_ble_init                         0x0001dc5d   Thumb Code    80  bsp_btn_ble.o(i.bsp_btn_ble_init)
    bsp_btn_ble_on_ble_evt                   0x0001dcb1   Thumb Code   114  bsp_btn_ble.o(i.bsp_btn_ble_on_ble_evt)
    bsp_btn_ble_sleep_mode_prepare           0x0001dd29   Thumb Code    20  bsp_btn_ble.o(i.bsp_btn_ble_sleep_mode_prepare)
    bsp_button_is_pressed                    0x0001dddd   Thumb Code    34  bsp.o(i.bsp_button_is_pressed)
    bsp_event_to_button_action_assign        0x0001de89   Thumb Code    66  bsp.o(i.bsp_event_to_button_action_assign)
    bsp_indication_set                       0x0001ded1   Thumb Code    22  bsp.o(i.bsp_indication_set)
    bsp_init                                 0x0001deed   Thumb Code   134  bsp.o(i.bsp_init)
    bsp_wakeup_buttons_set                   0x0001e185   Thumb Code    50  bsp.o(i.bsp_wakeup_buttons_set)
    chunk_queue_next                         0x0001e2a1   Thumb Code    20  fds.o(i.chunk_queue_next)
    fds_descriptor_from_rec_id               0x0001e899   Thumb Code    20  fds.o(i.fds_descriptor_from_rec_id)
    fds_file_delete                          0x0001e9a5   Thumb Code    66  fds.o(i.fds_file_delete)
    fds_gc                                   0x0001e9f1   Thumb Code    62  fds.o(i.fds_gc)
    fds_init                                 0x0001ea39   Thumb Code   134  fds.o(i.fds_init)
    fds_record_close                         0x0001eb7d   Thumb Code    60  fds.o(i.fds_record_close)
    fds_record_delete                        0x0001ebbd   Thumb Code    64  fds.o(i.fds_record_delete)
    fds_record_find                          0x0001ec01   Thumb Code    14  fds.o(i.fds_record_find)
    fds_record_find_by_key                   0x0001ec0f   Thumb Code    16  fds.o(i.fds_record_find_by_key)
    fds_record_find_in_file                  0x0001ec1f   Thumb Code    16  fds.o(i.fds_record_find_in_file)
    fds_record_id_from_desc                  0x0001ec2f   Thumb Code    20  fds.o(i.fds_record_id_from_desc)
    fds_record_open                          0x0001ec45   Thumb Code    64  fds.o(i.fds_record_open)
    fds_record_update                        0x0001ec89   Thumb Code    20  fds.o(i.fds_record_update)
    fds_record_write                         0x0001ec9d   Thumb Code    12  fds.o(i.fds_record_write)
    fds_record_write_reserved                0x0001eca9   Thumb Code    18  fds.o(i.fds_record_write_reserved)
    fds_register                             0x0001ecbd   Thumb Code    28  fds.o(i.fds_register)
    fds_reserve                              0x0001ece1   Thumb Code    48  fds.o(i.fds_reserve)
    fds_reserve_cancel                       0x0001ed15   Thumb Code    62  fds.o(i.fds_reserve_cancel)
    fputc                                    0x0001ee31   Thumb Code    14  retarget.o(i.fputc)
    fs_erase                                 0x0001ee41   Thumb Code   116  fstorage.o(i.fs_erase)
    fs_init                                  0x0001eec5   Thumb Code   116  fstorage.o(i.fs_init)
    fs_queued_op_count_get                   0x0001ef49   Thumb Code    18  fstorage.o(i.fs_queued_op_count_get)
    fs_store                                 0x0001ef61   Thumb Code   124  fstorage.o(i.fs_store)
    fs_sys_event_handler                     0x0001efe1   Thumb Code    94  fstorage.o(i.fs_sys_event_handler)
    gccm_init                                0x0001f27d   Thumb Code    26  gattc_cache_manager.o(i.gccm_init)
    gcm_ble_evt_handler                      0x0001f2a1   Thumb Code   232  gatt_cache_manager.o(i.gcm_ble_evt_handler)
    gcm_init                                 0x0001f411   Thumb Code   114  gatt_cache_manager.o(i.gcm_init)
    gcm_local_database_has_changed           0x0001f499   Thumb Code    66  gatt_cache_manager.o(i.gcm_local_database_has_changed)
    get_connection_by_conn_handle            0x0001f4e5   Thumb Code    48  id_manager.o(i.get_connection_by_conn_handle)
    get_free_connection                      0x0001f51d   Thumb Code    44  id_manager.o(i.get_free_connection)
    gscm_db_change_notification_done         0x0001f59d   Thumb Code    30  gatts_cache_manager.o(i.gscm_db_change_notification_done)
    gscm_init                                0x0001f62d   Thumb Code    34  gatts_cache_manager.o(i.gscm_init)
    gscm_local_database_has_changed          0x0001f659   Thumb Code    24  gatts_cache_manager.o(i.gscm_local_database_has_changed)
    gscm_local_db_cache_apply                0x0001f679   Thumb Code   120  gatts_cache_manager.o(i.gscm_local_db_cache_apply)
    gscm_local_db_cache_update               0x0001f6f9   Thumb Code   136  gatts_cache_manager.o(i.gscm_local_db_cache_update)
    gscm_service_changed_ind_needed          0x0001f78d   Thumb Code    28  gatts_cache_manager.o(i.gscm_service_changed_ind_needed)
    gscm_service_changed_ind_send            0x0001f7a9   Thumb Code    32  gatts_cache_manager.o(i.gscm_service_changed_ind_send)
    im_address_resolve                       0x0001f7f1   Thumb Code    64  id_manager.o(i.im_address_resolve)
    im_ble_addr_get                          0x0001f831   Thumb Code    56  id_manager.o(i.im_ble_addr_get)
    im_ble_evt_handler                       0x0001f86d   Thumb Code   186  id_manager.o(i.im_ble_evt_handler)
    im_conn_handle_get                       0x0001f931   Thumb Code    36  id_manager.o(i.im_conn_handle_get)
    im_master_id_is_valid                    0x0001f9d9   Thumb Code    28  id_manager.o(i.im_master_id_is_valid)
    im_master_ids_compare                    0x0001f9f5   Thumb Code    44  id_manager.o(i.im_master_ids_compare)
    im_new_peer_id                           0x0001fa21   Thumb Code     8  id_manager.o(i.im_new_peer_id)
    im_peer_free                             0x0001fa29   Thumb Code    54  id_manager.o(i.im_peer_free)
    im_peer_id_get_by_conn_handle            0x0001fa69   Thumb Code    32  id_manager.o(i.im_peer_id_get_by_conn_handle)
    im_peer_id_get_by_master_id              0x0001fa91   Thumb Code    72  id_manager.o(i.im_peer_id_get_by_master_id)
    im_register                              0x0001fadd   Thumb Code   104  id_manager.o(i.im_register)
    intern_softdevice_events_execute         0x0001fc11   Thumb Code   116  softdevice_handler.o(i.intern_softdevice_events_execute)
    is_duplicate_bonding_data                0x0001fce9   Thumb Code    56  id_manager.o(i.is_duplicate_bonding_data)
    is_valid_irk                             0x0001fd69   Thumb Code    22  id_manager.o(i.is_valid_irk)
    log_uart_init                            0x000203bd   Thumb Code    60  nrf_log.o(i.log_uart_init)
    log_uart_printf                          0x00020409   Thumb Code    20  nrf_log.o(i.log_uart_printf)
    main                                     0x0002041d   Thumb Code   472  main.o(i.main)
    new_connection                           0x00020781   Thumb Code    78  id_manager.o(i.new_connection)
    next_id_get                              0x000207dd   Thumb Code    48  peer_id.o(i.next_id_get)
    nrf_drv_adc_buffer_convert               0x00020825   Thumb Code    84  nrf_drv_adc.o(i.nrf_drv_adc_buffer_convert)
    nrf_drv_adc_channel_enable               0x00020889   Thumb Code    28  nrf_drv_adc.o(i.nrf_drv_adc_channel_enable)
    nrf_drv_adc_init                         0x000208a9   Thumb Code    50  nrf_drv_adc.o(i.nrf_drv_adc_init)
    nrf_drv_adc_sample                       0x000208e9   Thumb Code     8  nrf_drv_adc.o(i.nrf_drv_adc_sample)
    nrf_drv_common_irq_enable                0x000208f5   Thumb Code    78  nrf_drv_common.o(i.nrf_drv_common_irq_enable)
    nrf_drv_gpiote_in_event_enable           0x00020955   Thumb Code   138  nrf_drv_gpiote.o(i.nrf_drv_gpiote_in_event_enable)
    nrf_drv_gpiote_in_init                   0x000209f5   Thumb Code   146  nrf_drv_gpiote.o(i.nrf_drv_gpiote_in_init)
    nrf_drv_gpiote_in_is_set                 0x00020a99   Thumb Code    16  nrf_drv_gpiote.o(i.nrf_drv_gpiote_in_is_set)
    nrf_drv_gpiote_init                      0x00020aad   Thumb Code    76  nrf_drv_gpiote.o(i.nrf_drv_gpiote_init)
    nrf_drv_gpiote_is_init                   0x00020b01   Thumb Code    12  nrf_drv_gpiote.o(i.nrf_drv_gpiote_is_init)
    nrf_drv_uart_init                        0x00020b11   Thumb Code   170  nrf_drv_uart.o(i.nrf_drv_uart_init)
    nrf_drv_uart_rx                          0x00020bd9   Thumb Code    66  nrf_drv_uart.o(i.nrf_drv_uart_rx)
    nrf_drv_uart_rx_enable                   0x00020c25   Thumb Code    20  nrf_drv_uart.o(i.nrf_drv_uart_rx_enable)
    nrf_drv_uart_tx                          0x00020cd9   Thumb Code    32  nrf_drv_uart.o(i.nrf_drv_uart_tx)
    nrf_drv_uart_tx_in_progress              0x00020d71   Thumb Code    12  nrf_drv_uart.o(i.nrf_drv_uart_tx_in_progress)
    pdb_next_peer_id_get                     0x00021785   Thumb Code    20  peer_database.o(i.pdb_next_peer_id_get)
    pdb_peer_allocate                        0x000217a1   Thumb Code    20  peer_database.o(i.pdb_peer_allocate)
    pdb_peer_free                            0x000217bd   Thumb Code    86  peer_database.o(i.pdb_peer_free)
    pdb_raw_read                             0x00021819   Thumb Code    22  peer_database.o(i.pdb_raw_read)
    pdb_raw_store                            0x00021835   Thumb Code    32  peer_database.o(i.pdb_raw_store)
    pdb_read_buf_get                         0x00021859   Thumb Code    20  peer_database.o(i.pdb_read_buf_get)
    pdb_register                             0x00021871   Thumb Code   120  peer_database.o(i.pdb_register)
    pdb_write_buf_get                        0x000218f5   Thumb Code   274  peer_database.o(i.pdb_write_buf_get)
    pdb_write_buf_release                    0x00021a15   Thumb Code    54  peer_database.o(i.pdb_write_buf_release)
    pdb_write_buf_store                      0x00021a51   Thumb Code   210  peer_database.o(i.pdb_write_buf_store)
    pdb_write_buf_store_prepare              0x00021b29   Thumb Code   116  peer_database.o(i.pdb_write_buf_store_prepare)
    pds_next_peer_id_get                     0x00021cf5   Thumb Code    36  peer_data_storage.o(i.pds_next_peer_id_get)
    pds_peer_data_read                       0x00021d21   Thumb Code   106  peer_data_storage.o(i.pds_peer_data_read)
    pds_peer_data_read_ptr_get               0x00021d8d   Thumb Code   164  peer_data_storage.o(i.pds_peer_data_read_ptr_get)
    pds_peer_data_update                     0x00021e35   Thumb Code   166  peer_data_storage.o(i.pds_peer_data_update)
    pds_peer_data_write                      0x00021ee1   Thumb Code   156  peer_data_storage.o(i.pds_peer_data_write)
    pds_peer_data_write_prepare              0x00021f81   Thumb Code    86  peer_data_storage.o(i.pds_peer_data_write_prepare)
    pds_peer_data_write_prepare_cancel       0x00021fdd   Thumb Code    42  peer_data_storage.o(i.pds_peer_data_write_prepare_cancel)
    pds_peer_data_write_prepared             0x0002200d   Thumb Code   156  peer_data_storage.o(i.pds_peer_data_write_prepared)
    pds_peer_id_allocate                     0x000220ad   Thumb Code    36  peer_data_storage.o(i.pds_peer_id_allocate)
    pds_peer_id_free                         0x000220d9   Thumb Code    48  peer_data_storage.o(i.pds_peer_id_free)
    pds_peer_id_is_allocated                 0x0002210d   Thumb Code    30  peer_data_storage.o(i.pds_peer_id_is_allocated)
    pds_register                             0x00022131   Thumb Code    82  peer_data_storage.o(i.pds_register)
    peer_data_deserialize                    0x0002222f   Thumb Code    52  peer_data.o(i.peer_data_deserialize)
    peer_data_parts_get                      0x0002226d   Thumb Code    30  peer_data.o(i.peer_data_parts_get)
    peer_id_allocate                         0x000222a1   Thumb Code    10  peer_id.o(i.peer_id_allocate)
    peer_id_delete                           0x000222b1   Thumb Code    30  peer_id.o(i.peer_id_delete)
    peer_id_free                             0x000222d9   Thumb Code    22  peer_id.o(i.peer_id_free)
    peer_id_get_next_deleted                 0x000222f5   Thumb Code    10  peer_id.o(i.peer_id_get_next_deleted)
    peer_id_get_next_used                    0x00022305   Thumb Code    10  peer_id.o(i.peer_id_get_next_used)
    peer_id_init                             0x00022315   Thumb Code    34  peer_id.o(i.peer_id_init)
    peer_id_is_allocated                     0x0002233d   Thumb Code    20  peer_id.o(i.peer_id_is_allocated)
    pm_buffer_block_acquire                  0x00022479   Thumb Code    94  pm_buffer.o(i.pm_buffer_block_acquire)
    pm_buffer_init                           0x000224d7   Thumb Code    66  pm_buffer.o(i.pm_buffer_init)
    pm_buffer_ptr_get                        0x00022519   Thumb Code    46  pm_buffer.o(i.pm_buffer_ptr_get)
    pm_buffer_release                        0x00022547   Thumb Code    42  pm_buffer.o(i.pm_buffer_release)
    pm_conn_sec_config_reply                 0x00022571   Thumb Code     8  peer_manager.o(i.pm_conn_sec_config_reply)
    pm_conn_secure                           0x00022579   Thumb Code    20  peer_manager.o(i.pm_conn_secure)
    pm_init                                  0x0002260d   Thumb Code   112  peer_manager.o(i.pm_init)
    pm_local_database_has_changed            0x00022691   Thumb Code    16  peer_manager.o(i.pm_local_database_has_changed)
    pm_mutex_init                            0x000226a5   Thumb Code    16  pm_mutex.o(i.pm_mutex_init)
    pm_mutex_lock                            0x000226b5   Thumb Code    28  pm_mutex.o(i.pm_mutex_lock)
    pm_mutex_lock_first_available            0x000226d1   Thumb Code    52  pm_mutex.o(i.pm_mutex_lock_first_available)
    pm_mutex_lock_status_get                 0x00022705   Thumb Code    24  pm_mutex.o(i.pm_mutex_lock_status_get)
    pm_mutex_unlock                          0x0002271d   Thumb Code    54  pm_mutex.o(i.pm_mutex_unlock)
    pm_on_ble_evt                            0x00022755   Thumb Code    32  peer_manager.o(i.pm_on_ble_evt)
    pm_peer_delete                           0x00022779   Thumb Code    20  peer_manager.o(i.pm_peer_delete)
    pm_peer_rank_highest                     0x00022791   Thumb Code   184  peer_manager.o(i.pm_peer_rank_highest)
    pm_peer_ranks_get                        0x00022851   Thumb Code   164  peer_manager.o(i.pm_peer_ranks_get)
    pm_peers_delete                          0x00022901   Thumb Code    54  peer_manager.o(i.pm_peers_delete)
    pm_register                              0x00022941   Thumb Code    38  peer_manager.o(i.pm_register)
    pm_sec_params_set                        0x0002296d   Thumb Code    26  peer_manager.o(i.pm_sec_params_set)
    pstorage_access_status_get               0x0002298d   Thumb Code    30  pstorage.o(i.pstorage_access_status_get)
    sd_check_ram_start                       0x00022e71   Thumb Code    10  softdevice_handler.o(i.sd_check_ram_start)
    sdk_mapped_flags_bulk_update_by_key      0x00022f0d   Thumb Code    70  sdk_mapped_flags.o(i.sdk_mapped_flags_bulk_update_by_key)
    sdk_mapped_flags_first_key_index_get     0x00022f55   Thumb Code    34  sdk_mapped_flags.o(i.sdk_mapped_flags_first_key_index_get)
    sdk_mapped_flags_get_by_key              0x00022f8d   Thumb Code    38  sdk_mapped_flags.o(i.sdk_mapped_flags_get_by_key)
    sdk_mapped_flags_key_list_get            0x00022fb3   Thumb Code    70  sdk_mapped_flags.o(i.sdk_mapped_flags_key_list_get)
    sdk_mapped_flags_update_by_key           0x00022ff9   Thumb Code    14  sdk_mapped_flags.o(i.sdk_mapped_flags_update_by_key)
    sm_ble_evt_handler                       0x00023491   Thumb Code    22  security_manager.o(i.sm_ble_evt_handler)
    sm_conn_sec_config_reply                 0x000234ad   Thumb Code    24  security_manager.o(i.sm_conn_sec_config_reply)
    sm_link_secure                           0x00023619   Thumb Code    26  security_manager.o(i.sm_link_secure)
    sm_register                              0x00023639   Thumb Code   140  security_manager.o(i.sm_register)
    sm_sec_params_set                        0x000236d1   Thumb Code    58  security_manager.o(i.sm_sec_params_set)
    smd_ble_evt_handler                      0x00023711   Thumb Code   216  security_dispatcher.o(i.smd_ble_evt_handler)
    smd_link_secure                          0x0002387d   Thumb Code    64  security_dispatcher.o(i.smd_link_secure)
    smd_params_reply                         0x000238c5   Thumb Code   274  security_dispatcher.o(i.smd_params_reply)
    smd_register                             0x00023a6d   Thumb Code    90  security_dispatcher.o(i.smd_register)
    softdevice_ble_evt_handler_set           0x00023ad1   Thumb Code    16  softdevice_handler.o(i.softdevice_ble_evt_handler_set)
    softdevice_enable                        0x00023ae5   Thumb Code    14  softdevice_handler.o(i.softdevice_enable)
    softdevice_enable_get_default_config     0x00023af9   Thumb Code    40  softdevice_handler.o(i.softdevice_enable_get_default_config)
    softdevice_fault_handler                 0x00023b21   Thumb Code     8  softdevice_handler.o(i.softdevice_fault_handler)
    softdevice_handler_init                  0x00023b29   Thumb Code    42  softdevice_handler.o(i.softdevice_handler_init)
    softdevice_sys_evt_handler_set           0x00023b5d   Thumb Code    16  softdevice_handler.o(i.softdevice_sys_evt_handler_set)
    uart_error_cb                            0x00023dad   Thumb Code    20  nrf_log.o(i.uart_error_cb)
    Region$$Table$$Base                      0x00024620   Number         0  anon$$obj.o(Region$$Table)
    Region$$Table$$Limit                     0x00024640   Number         0  anon$$obj.o(Region$$Table)
    Image$$RW_IRAM1$$Base                    0x20002080   Number         0  anon$$obj.o ABSOLUTE
    __stdout                                 0x20002214   Data           4  retarget.o(.data)
    nrf_nvic_state                           0x2000222c   Data           8  softdevice_handler.o(.data)
    SystemCoreClock                          0x20002234   Data           4  system_nrf51.o(.data)
    fs_data$$Base                            0x20002238   Number         0  fds.o(fs_data)
    fs_data$$Limit                           0x20002248   Number         0  fds.o(fs_data)
    __initial_sp                             0x20003d10   Data           0  arm_startup_nrf51.o(STACK)



==============================================================================

Memory Map of the image

  Image Entry point : 0x0001b0c1

  Load Region LR_IROM1 (Base: 0x0001b000, Size: 0x00009808, Max: 0x00025000, ABSOLUTE, COMPRESSED[0x00009670])

    Execution Region ER_IROM1 (Base: 0x0001b000, Size: 0x00009640, Max: 0x00025000, ABSOLUTE)

    Base Addr    Size         Type   Attr      Idx    E Section Name        Object

    0x0001b000   0x000000c0   Data   RO         4753    RESET               arm_startup_nrf51.o
    0x0001b0c0   0x00000000   Code   RO         4795  * .ARM.Collect$$$$00000000  mc_p.l(entry.o)
    0x0001b0c0   0x00000004   Code   RO         4842    .ARM.Collect$$$$00000001  mc_p.l(entry2.o)
    0x0001b0c4   0x00000004   Code   RO         4845    .ARM.Collect$$$$00000004  mc_p.l(entry5.o)
    0x0001b0c8   0x00000000   Code   RO         4847    .ARM.Collect$$$$00000008  mc_p.l(entry7b.o)
    0x0001b0c8   0x00000000   Code   RO         4849    .ARM.Collect$$$$0000000A  mc_p.l(entry8b.o)
    0x0001b0c8   0x00000008   Code   RO         4850    .ARM.Collect$$$$0000000B  mc_p.l(entry9a.o)
    0x0001b0d0   0x00000000   Code   RO         4852    .ARM.Collect$$$$0000000D  mc_p.l(entry10a.o)
    0x0001b0d0   0x00000000   Code   RO         4854    .ARM.Collect$$$$0000000F  mc_p.l(entry11a.o)
    0x0001b0d0   0x00000004   Code   RO         4843    .ARM.Collect$$$$00002712  mc_p.l(entry2.o)
    0x0001b0d4   0x0000001e   Code   RO         3687    .emb_text           app_timer.o
    0x0001b0f2   0x00000002   PAD
    0x0001b0f4   0x00000038   Code   RO         4754    .text               arm_startup_nrf51.o
    0x0001b12c   0x0000002c   Code   RO         4798    .text               mc_p.l(uidiv.o)
    0x0001b158   0x00000028   Code   RO         4800    .text               mc_p.l(idiv.o)
    0x0001b180   0x00000024   Code   RO         4802    .text               mc_p.l(memcpya.o)
    0x0001b1a4   0x00000024   Code   RO         4804    .text               mc_p.l(memseta.o)
    0x0001b1c8   0x0000001a   Code   RO         4808    .text               mc_p.l(memcmp.o)
    0x0001b1e2   0x00000060   Code   RO         4856    .text               mc_p.l(uldiv.o)
    0x0001b242   0x00000000   Code   RO         4858    .text               mc_p.l(iusefp.o)
    0x0001b242   0x00000002   PAD
    0x0001b244   0x00000164   Code   RO         4859    .text               mf_p.l(dadd.o)
    0x0001b3a8   0x000000d0   Code   RO         4861    .text               mf_p.l(dmul.o)
    0x0001b478   0x000000f0   Code   RO         4863    .text               mf_p.l(ddiv.o)
    0x0001b568   0x00000040   Code   RO         4865    .text               mf_p.l(dfixul.o)
    0x0001b5a8   0x00000028   Code   RO         4867    .text               mf_p.l(cdrcmple.o)
    0x0001b5d0   0x00000024   Code   RO         4869    .text               mc_p.l(init.o)
    0x0001b5f4   0x00000020   Code   RO         4871    .text               mc_p.l(llshl.o)
    0x0001b614   0x00000022   Code   RO         4873    .text               mc_p.l(llushr.o)
    0x0001b636   0x00000026   Code   RO         4875    .text               mc_p.l(llsshr.o)
    0x0001b65c   0x000000be   Code   RO         4877    .text               mf_p.l(depilogue.o)
    0x0001b71a   0x00000056   Code   RO         4889    .text               mc_p.l(__dczerorl2.o)
    0x0001b770   0x00000060   Code   RO         2791    i.ADC_IRQHandler    nrf_drv_adc.o
    0x0001b7d0   0x00000154   Code   RO         2910    i.GPIOTE_IRQHandler  nrf_drv_gpiote.o
    0x0001b924   0x00000044   Code   RO         3688    i.NVIC_SetPriority  app_timer.o
    0x0001b968   0x00000020   Code   RO         3689    i.RTC1_IRQHandler   app_timer.o
    0x0001b988   0x00000008   Code   RO         3690    i.SWI0_IRQHandler   app_timer.o
    0x0001b990   0x00000020   Code   RO         4658    i.SWI2_IRQHandler   softdevice_handler.o
    0x0001b9b0   0x000000a0   Code   RO         4761    i.SystemInit        system_nrf51.o
    0x0001ba50   0x00000008   Code   RO         3100    i.UART0_IRQHandler  nrf_drv_uart.o
    0x0001ba58   0x00000014   Code   RO         4819    i.__0vprintf        mc_p.l(printfa.o)
    0x0001ba6c   0x0000002e   Code   RO         4879    i.__ARM_clz         mf_p.l(depilogue.o)
    0x0001ba9a   0x0000001a   Code   RO          161    i.__ARM_common_switch8  main.o
    0x0001bab4   0x0000000e   Code   RO         4883    i.__scatterload_copy  mc_p.l(handlers.o)
    0x0001bac2   0x00000002   Code   RO         4884    i.__scatterload_null  mc_p.l(handlers.o)
    0x0001bac4   0x0000000e   Code   RO         4885    i.__scatterload_zeroinit  mc_p.l(handlers.o)
    0x0001bad2   0x00000002   PAD
    0x0001bad4   0x00000174   Code   RO         4822    i._fp_digits        mc_p.l(printfa.o)
    0x0001bc48   0x000006ec   Code   RO         4823    i._printf_core      mc_p.l(printfa.o)
    0x0001c334   0x00000020   Code   RO         4824    i._printf_post_padding  mc_p.l(printfa.o)
    0x0001c354   0x0000002c   Code   RO         4825    i._printf_pre_padding  mc_p.l(printfa.o)
    0x0001c380   0x00000064   Code   RO            3    i.adc_event_handler  main.o
    0x0001c3e4   0x00000060   Code   RO         2792    i.adc_sample_process  nrf_drv_adc.o
    0x0001c444   0x00000028   Code   RO         1531    i.addr_compare      id_manager.o
    0x0001c46c   0x00000216   Code   RO          567    i.adv_data_encode   ble_advdata.o
    0x0001c682   0x0000003c   Code   RO          528    i.advertising_buttons_configure  bsp_btn_ble.o
    0x0001c6be   0x00000012   Code   RO            4    i.advertising_start  main.o
    0x0001c6d0   0x0000004e   Code   RO         1532    i.ah                id_manager.o
    0x0001c71e   0x00000002   PAD
    0x0001c720   0x00000084   Code   RO         1074    i.alert_level_char_add  ble_ias.o
    0x0001c7a4   0x0000008c   Code   RO         1163    i.alert_level_char_add  ble_lls.o
    0x0001c830   0x00000028   Code   RO            5    i.alert_signal      main.o
    0x0001c858   0x00000018   Code   RO          414    i.alert_timer_handler  bsp.o
    0x0001c870   0x00000024   Code   RO         3505    i.app_button_enable  app_button.o
    0x0001c894   0x00000074   Code   RO         3506    i.app_button_init   app_button.o
    0x0001c908   0x0000001c   Code   RO         3598    i.app_error_fault_handler  app_error_weak.o
    0x0001c924   0x00000018   Code   RO         3563    i.app_error_handler_bare  app_error.o
    0x0001c93c   0x00000016   Code   RO         3622    i.app_fifo_get      app_fifo.o
    0x0001c952   0x00000024   Code   RO         3623    i.app_fifo_init     app_fifo.o
    0x0001c976   0x0000001a   Code   RO         3625    i.app_fifo_put      app_fifo.o
    0x0001c990   0x0000002c   Code   RO         3693    i.app_timer_create  app_timer.o
    0x0001c9bc   0x00000090   Code   RO         3694    i.app_timer_init    app_timer.o
    0x0001ca4c   0x0000007c   Code   RO         3695    i.app_timer_start   app_timer.o
    0x0001cac8   0x00000054   Code   RO         3696    i.app_timer_stop    app_timer.o
    0x0001cb1c   0x000000a0   Code   RO         2655    i.app_uart_init     app_uart_fifo.o
    0x0001cbbc   0x00000038   Code   RO         2656    i.app_uart_put      app_uart_fifo.o
    0x0001cbf4   0x0000003c   Code   RO         3830    i.app_util_critical_region_enter  app_util_platform.o
    0x0001cc30   0x0000002c   Code   RO         3831    i.app_util_critical_region_exit  app_util_platform.o
    0x0001cc5c   0x000000a0   Code   RO         2424    i.auth_status_success_process  security_dispatcher.o
    0x0001ccfc   0x00000064   Code   RO            7    i.bas_init          main.o
    0x0001cd60   0x00000138   Code   RO          731    i.battery_level_char_add  ble_bas.o
    0x0001ce98   0x00000084   Code   RO            8    i.battery_level_in_percent  main.o
    0x0001cf1c   0x00000008   Code   RO            9    i.battery_level_meas_timeout_handler  main.o
    0x0001cf24   0x00000068   Code   RO          568    i.ble_advdata_set   ble_advdata.o
    0x0001cf8c   0x00000124   Code   RO          645    i.ble_advertising_init  ble_advertising.o
    0x0001d0b0   0x0000007c   Code   RO          646    i.ble_advertising_on_ble_evt  ble_advertising.o
    0x0001d12c   0x00000030   Code   RO          647    i.ble_advertising_on_sys_evt  ble_advertising.o
    0x0001d15c   0x00000010   Code   RO          649    i.ble_advertising_peer_address_clear  ble_advertising.o
    0x0001d16c   0x000001ec   Code   RO          651    i.ble_advertising_start  ble_advertising.o
    0x0001d358   0x00000074   Code   RO          732    i.ble_bas_battery_level_update  ble_bas.o
    0x0001d3cc   0x00000048   Code   RO          733    i.ble_bas_init      ble_bas.o
    0x0001d414   0x0000005e   Code   RO          734    i.ble_bas_on_ble_evt  ble_bas.o
    0x0001d472   0x00000002   PAD
    0x0001d474   0x00000054   Code   RO          775    i.ble_conn_params_init  ble_conn_params.o
    0x0001d4c8   0x00000090   Code   RO          776    i.ble_conn_params_on_ble_evt  ble_conn_params.o
    0x0001d558   0x00000014   Code   RO          844    i.ble_conn_state_conn_handles  ble_conn_state.o
    0x0001d56c   0x00000014   Code   RO          845    i.ble_conn_state_encrypted  ble_conn_state.o
    0x0001d580   0x00000014   Code   RO          847    i.ble_conn_state_mitm_protected  ble_conn_state.o
    0x0001d594   0x000000f8   Code   RO          851    i.ble_conn_state_on_ble_evt  ble_conn_state.o
    0x0001d68c   0x00000034   Code   RO          853    i.ble_conn_state_role  ble_conn_state.o
    0x0001d6c0   0x00000030   Code   RO          855    i.ble_conn_state_user_flag_acquire  ble_conn_state.o
    0x0001d6f0   0x00000018   Code   RO          856    i.ble_conn_state_user_flag_collection  ble_conn_state.o
    0x0001d708   0x00000024   Code   RO          857    i.ble_conn_state_user_flag_get  ble_conn_state.o
    0x0001d72c   0x00000028   Code   RO          858    i.ble_conn_state_user_flag_set  ble_conn_state.o
    0x0001d754   0x0000004c   Code   RO          972    i.ble_db_discovery_evt_register  ble_db_discovery.o
    0x0001d7a0   0x00000020   Code   RO          973    i.ble_db_discovery_init  ble_db_discovery.o
    0x0001d7c0   0x00000058   Code   RO          974    i.ble_db_discovery_on_ble_evt  ble_db_discovery.o
    0x0001d818   0x00000064   Code   RO          975    i.ble_db_discovery_start  ble_db_discovery.o
    0x0001d87c   0x0000005e   Code   RO          569    i.ble_device_addr_encode  ble_advdata.o
    0x0001d8da   0x00000002   PAD
    0x0001d8dc   0x00000068   Code   RO           10    i.ble_evt_dispatch  main.o
    0x0001d944   0x00000010   Code   RO         1111    i.ble_ias_c_handles_assign  ble_ias_c.o
    0x0001d954   0x00000044   Code   RO         1112    i.ble_ias_c_init    ble_ias_c.o
    0x0001d998   0x0000000a   Code   RO         1113    i.ble_ias_c_is_discovered  ble_ias_c.o
    0x0001d9a2   0x0000002c   Code   RO         1114    i.ble_ias_c_on_ble_evt  ble_ias_c.o
    0x0001d9ce   0x00000002   PAD
    0x0001d9d0   0x0000007c   Code   RO         1115    i.ble_ias_c_on_db_disc_evt  ble_ias_c.o
    0x0001da4c   0x00000036   Code   RO         1116    i.ble_ias_c_send_alert_level  ble_ias_c.o
    0x0001da82   0x00000002   PAD
    0x0001da84   0x00000034   Code   RO         1076    i.ble_ias_init      ble_ias.o
    0x0001dab8   0x00000034   Code   RO         1077    i.ble_ias_on_ble_evt  ble_ias.o
    0x0001daec   0x0000001a   Code   RO         1164    i.ble_lls_alert_level_get  ble_lls.o
    0x0001db06   0x00000002   PAD
    0x0001db08   0x0000003c   Code   RO         1165    i.ble_lls_init      ble_lls.o
    0x0001db44   0x00000054   Code   RO         1166    i.ble_lls_on_ble_evt  ble_lls.o
    0x0001db98   0x0000000c   Code   RO         1201    i.ble_srv_report_ref_encode  ble_srv_common.o
    0x0001dba4   0x00000080   Code   RO           11    i.ble_stack_init    main.o
    0x0001dc24   0x0000002c   Code   RO         1243    i.ble_tps_init      ble_tps.o
    0x0001dc50   0x0000000c   Code   RO         1244    i.ble_tps_on_ble_evt  ble_tps.o
    0x0001dc5c   0x00000054   Code   RO          529    i.bsp_btn_ble_init  bsp_btn_ble.o
    0x0001dcb0   0x00000078   Code   RO          530    i.bsp_btn_ble_on_ble_evt  bsp_btn_ble.o
    0x0001dd28   0x00000014   Code   RO          531    i.bsp_btn_ble_sleep_mode_prepare  bsp_btn_ble.o
    0x0001dd3c   0x000000a0   Code   RO          415    i.bsp_button_event_handler  bsp.o
    0x0001dddc   0x0000002c   Code   RO          416    i.bsp_button_is_pressed  bsp.o
    0x0001de08   0x00000080   Code   RO           12    i.bsp_event_handler  main.o
    0x0001de88   0x00000048   Code   RO          420    i.bsp_event_to_button_action_assign  bsp.o
    0x0001ded0   0x0000001c   Code   RO          421    i.bsp_indication_set  bsp.o
    0x0001deec   0x000000a0   Code   RO          423    i.bsp_init          bsp.o
    0x0001df8c   0x000001f8   Code   RO          424    i.bsp_led_indication  bsp.o
    0x0001e184   0x0000003c   Code   RO          425    i.bsp_wakeup_buttons_set  bsp.o
    0x0001e1c0   0x0000000c   Code   RO          426    i.button_timer_handler  bsp.o
    0x0001e1cc   0x0000001c   Code   RO         2911    i.channel_free      nrf_drv_gpiote.o
    0x0001e1e8   0x00000048   Code   RO         2912    i.channel_port_alloc  nrf_drv_gpiote.o
    0x0001e230   0x00000010   Code   RO         2913    i.channel_port_get  nrf_drv_gpiote.o
    0x0001e240   0x0000003e   Code   RO          976    i.characteristics_discover  ble_db_discovery.o
    0x0001e27e   0x00000002   PAD
    0x0001e280   0x00000020   Code   RO         4197    i.check_config      fstorage.o
    0x0001e2a0   0x00000018   Code   RO         3892    i.chunk_queue_next  fds.o
    0x0001e2b8   0x0000003c   Code   RO         2029    i.claim             peer_id.o
    0x0001e2f4   0x000000a8   Code   RO         3698    i.compare_reg_update  app_timer.o
    0x0001e39c   0x00000088   Code   RO          570    i.conn_int_encode   ble_advdata.o
    0x0001e424   0x00000008   Code   RO           13    i.conn_params_error_handler  main.o
    0x0001e42c   0x00000068   Code   RO          778    i.conn_params_negotiation  ble_conn_params.o
    0x0001e494   0x00000010   Code   RO           14    i.db_disc_handler   main.o
    0x0001e4a4   0x000000a4   Code   RO         3893    i.delete_execute    fds.o
    0x0001e548   0x00000084   Code   RO          977    i.descriptors_discover  ble_db_discovery.o
    0x0001e5cc   0x00000060   Code   RO         3508    i.detection_delay_timeout_handler  app_button.o
    0x0001e62c   0x0000008c   Code   RO          978    i.discovery_complete_evt_trigger  ble_db_discovery.o
    0x0001e6b8   0x0000002c   Code   RO          979    i.discovery_error_evt_trigger  ble_db_discovery.o
    0x0001e6e4   0x00000040   Code   RO         3699    i.elapsed_ticks_acquire  app_timer.o
    0x0001e724   0x00000030   Code   RO         2425    i.encryption_failure  security_dispatcher.o
    0x0001e754   0x0000006a   Code   RO         3894    i.event_prepare     fds.o
    0x0001e7be   0x00000002   PAD
    0x0001e7c0   0x00000020   Code   RO         3895    i.event_send        fds.o
    0x0001e7e0   0x00000032   Code   RO         2533    i.events_send_from_err_code  security_manager.o
    0x0001e812   0x00000002   PAD
    0x0001e814   0x00000020   Code   RO         1533    i.evt_send          id_manager.o
    0x0001e834   0x00000024   Code   RO         2115    i.evt_send          peer_manager.o
    0x0001e858   0x00000020   Code   RO         2426    i.evt_send          security_dispatcher.o
    0x0001e878   0x00000020   Code   RO         2534    i.evt_send          security_manager.o
    0x0001e898   0x00000014   Code   RO         3896    i.fds_descriptor_from_rec_id  fds.o
    0x0001e8ac   0x000000f8   Code   RO         1714    i.fds_evt_handler   peer_data_storage.o
    0x0001e9a4   0x0000004c   Code   RO         3897    i.fds_file_delete   fds.o
    0x0001e9f0   0x00000048   Code   RO         3898    i.fds_gc            fds.o
    0x0001ea38   0x0000008c   Code   RO         3899    i.fds_init          fds.o
    0x0001eac4   0x000000b8   Code   RO           15    i.fds_read          main.o
    0x0001eb7c   0x00000040   Code   RO         3900    i.fds_record_close  fds.o
    0x0001ebbc   0x00000044   Code   RO         3901    i.fds_record_delete  fds.o
    0x0001ec00   0x0000000e   Code   RO         3902    i.fds_record_find   fds.o
    0x0001ec0e   0x00000010   Code   RO         3903    i.fds_record_find_by_key  fds.o
    0x0001ec1e   0x00000010   Code   RO         3904    i.fds_record_find_in_file  fds.o
    0x0001ec2e   0x00000014   Code   RO         3905    i.fds_record_id_from_desc  fds.o
    0x0001ec42   0x00000002   PAD
    0x0001ec44   0x00000044   Code   RO         3907    i.fds_record_open   fds.o
    0x0001ec88   0x00000014   Code   RO         3908    i.fds_record_update  fds.o
    0x0001ec9c   0x0000000c   Code   RO         3909    i.fds_record_write  fds.o
    0x0001eca8   0x00000012   Code   RO         3910    i.fds_record_write_reserved  fds.o
    0x0001ecba   0x00000002   PAD
    0x0001ecbc   0x00000024   Code   RO         3911    i.fds_register      fds.o
    0x0001ece0   0x00000034   Code   RO         3912    i.fds_reserve       fds.o
    0x0001ed14   0x00000048   Code   RO         3913    i.fds_reserve_cancel  fds.o
    0x0001ed5c   0x00000014   Code   RO         3628    i.fifo_get          app_fifo.o
    0x0001ed70   0x00000012   Code   RO         3629    i.fifo_put          app_fifo.o
    0x0001ed82   0x0000000a   Code   RO         1715    i.file_id_to_peer_id  peer_data_storage.o
    0x0001ed8c   0x00000010   Code   RO         3915    i.flag_clear        fds.o
    0x0001ed9c   0x00000012   Code   RO         2427    i.flag_id_init      security_dispatcher.o
    0x0001edae   0x00000012   Code   RO         2535    i.flag_id_init      security_manager.o
    0x0001edc0   0x00000010   Code   RO         3916    i.flag_set          fds.o
    0x0001edd0   0x00000060   Code   RO         2536    i.flags_set_from_err_code  security_manager.o
    0x0001ee30   0x0000000e   Code   RO         4394    i.fputc             retarget.o
    0x0001ee3e   0x00000002   PAD
    0x0001ee40   0x00000078   Code   RO         4198    i.fs_erase          fstorage.o
    0x0001eeb8   0x0000000a   Code   RO         3917    i.fs_event_handler  fds.o
    0x0001eec2   0x00000002   PAD
    0x0001eec4   0x00000084   Code   RO         4199    i.fs_init           fstorage.o
    0x0001ef48   0x00000018   Code   RO         4200    i.fs_queued_op_count_get  fstorage.o
    0x0001ef60   0x00000080   Code   RO         4201    i.fs_store          fstorage.o
    0x0001efe0   0x00000068   Code   RO         4202    i.fs_sys_event_handler  fstorage.o
    0x0001f048   0x00000064   Code   RO           16    i.gap_params_init   main.o
    0x0001f0ac   0x00000068   Code   RO         3918    i.gc_execute        fds.o
    0x0001f114   0x0000004c   Code   RO         3919    i.gc_next_page      fds.o
    0x0001f160   0x00000048   Code   RO         3920    i.gc_page_erase     fds.o
    0x0001f1a8   0x00000030   Code   RO         3921    i.gc_record_copy    fds.o
    0x0001f1d8   0x00000020   Code   RO         3922    i.gc_record_find_next  fds.o
    0x0001f1f8   0x00000080   Code   RO         3923    i.gc_state_advance  fds.o
    0x0001f278   0x00000002   Code   RO         1280    i.gccm_evt_handler  gatt_cache_manager.o
    0x0001f27a   0x00000002   PAD
    0x0001f27c   0x00000024   Code   RO         1409    i.gccm_init         gattc_cache_manager.o
    0x0001f2a0   0x000000f0   Code   RO         1281    i.gcm_ble_evt_handler  gatt_cache_manager.o
    0x0001f390   0x00000080   Code   RO         2116    i.gcm_evt_handler   peer_manager.o
    0x0001f410   0x00000088   Code   RO         1282    i.gcm_init          gatt_cache_manager.o
    0x0001f498   0x0000004c   Code   RO         1283    i.gcm_local_database_has_changed  gatt_cache_manager.o
    0x0001f4e4   0x00000038   Code   RO         1534    i.get_connection_by_conn_handle  id_manager.o
    0x0001f51c   0x00000030   Code   RO         1535    i.get_free_connection  id_manager.o
    0x0001f54c   0x00000050   Code   RO         3509    i.gpiote_event_handler  app_button.o
    0x0001f59c   0x00000028   Code   RO         1448    i.gscm_db_change_notification_done  gatts_cache_manager.o
    0x0001f5c4   0x00000068   Code   RO         1289    i.gscm_evt_handler  gatt_cache_manager.o
    0x0001f62c   0x0000002c   Code   RO         1449    i.gscm_init         gatts_cache_manager.o
    0x0001f658   0x00000020   Code   RO         1450    i.gscm_local_database_has_changed  gatts_cache_manager.o
    0x0001f678   0x00000080   Code   RO         1451    i.gscm_local_db_cache_apply  gatts_cache_manager.o
    0x0001f6f8   0x00000094   Code   RO         1454    i.gscm_local_db_cache_update  gatts_cache_manager.o
    0x0001f78c   0x0000001c   Code   RO         1455    i.gscm_service_changed_ind_needed  gatts_cache_manager.o
    0x0001f7a8   0x0000002c   Code   RO         1456    i.gscm_service_changed_ind_send  gatts_cache_manager.o
    0x0001f7d4   0x0000001c   Code   RO         3924    i.header_is_valid   fds.o
    0x0001f7f0   0x00000040   Code   RO         1536    i.im_address_resolve  id_manager.o
    0x0001f830   0x0000003c   Code   RO         1537    i.im_ble_addr_get   id_manager.o
    0x0001f86c   0x000000c4   Code   RO         1538    i.im_ble_evt_handler  id_manager.o
    0x0001f930   0x0000002c   Code   RO         1539    i.im_conn_handle_get  id_manager.o
    0x0001f95c   0x0000002c   Code   RO         1290    i.im_evt_handler    gatt_cache_manager.o
    0x0001f988   0x00000050   Code   RO         2117    i.im_evt_handler    peer_manager.o
    0x0001f9d8   0x0000001c   Code   RO         1540    i.im_master_id_is_valid  id_manager.o
    0x0001f9f4   0x0000002c   Code   RO         1541    i.im_master_ids_compare  id_manager.o
    0x0001fa20   0x00000008   Code   RO         1542    i.im_new_peer_id    id_manager.o
    0x0001fa28   0x00000040   Code   RO         1543    i.im_peer_free      id_manager.o
    0x0001fa68   0x00000028   Code   RO         1544    i.im_peer_id_get_by_conn_handle  id_manager.o
    0x0001fa90   0x0000004c   Code   RO         1546    i.im_peer_id_get_by_master_id  id_manager.o
    0x0001fadc   0x00000078   Code   RO         1547    i.im_register       id_manager.o
    0x0001fb54   0x000000bc   Code   RO         3925    i.init_execute      fds.o
    0x0001fc10   0x00000078   Code   RO         4659    i.intern_softdevice_events_execute  softdevice_handler.o
    0x0001fc88   0x0000001c   Code   RO          779    i.is_conn_params_ok  ble_conn_params.o
    0x0001fca4   0x00000044   Code   RO          980    i.is_desc_discovery_reqd  ble_db_discovery.o
    0x0001fce8   0x00000038   Code   RO         1550    i.is_duplicate_bonding_data  id_manager.o
    0x0001fd20   0x00000048   Code   RO         4762    i.is_manual_peripheral_setup_needed  system_nrf51.o
    0x0001fd68   0x00000016   Code   RO         1551    i.is_valid_irk      id_manager.o
    0x0001fd7e   0x0000000c   Code   RO         3926    i.is_word_aligned   fds.o
    0x0001fd8a   0x00000054   Code   RO          571    i.le_role_encode    ble_advdata.o
    0x0001fdde   0x00000002   PAD
    0x0001fde0   0x00000018   Code   RO          427    i.leds_timer_handler  bsp.o
    0x0001fdf8   0x000000a0   Code   RO         2537    i.link_secure       security_manager.o
    0x0001fe98   0x00000088   Code   RO         2428    i.link_secure_central  security_dispatcher.o
    0x0001ff20   0x000000c8   Code   RO         2429    i.link_secure_central_existing_peer  security_dispatcher.o
    0x0001ffe8   0x00000074   Code   RO         2430    i.link_secure_central_new_peer  security_dispatcher.o
    0x0002005c   0x00000050   Code   RO         2431    i.link_secure_failure  security_dispatcher.o
    0x000200ac   0x0000005c   Code   RO         2538    i.link_secure_pending_process  security_manager.o
    0x00020108   0x000000bc   Code   RO         3700    i.list_deletions_handler  app_timer.o
    0x000201c4   0x000000d4   Code   RO         3701    i.list_insertions_handler  app_timer.o
    0x00020298   0x00000078   Code   RO         1291    i.local_db_apply_in_evt  gatt_cache_manager.o
    0x00020310   0x00000078   Code   RO         1292    i.local_db_update_in_evt  gatt_cache_manager.o
    0x00020388   0x00000032   Code   RO         2375    i.lock_by_mask      pm_mutex.o
    0x000203ba   0x00000002   PAD
    0x000203bc   0x0000004c   Code   RO         4302    i.log_uart_init     nrf_log.o
    0x00020408   0x00000014   Code   RO         4303    i.log_uart_printf   nrf_log.o
    0x0002041c   0x00000240   Code   RO           17    i.main              main.o
    0x0002065c   0x00000068   Code   RO          572    i.manuf_specific_data_encode  ble_advdata.o
    0x000206c4   0x0000001c   Code   RO           18    i.my_fds_evt_handler  main.o
    0x000206e0   0x0000009e   Code   RO          573    i.name_encode       ble_advdata.o
    0x0002077e   0x00000002   PAD
    0x00020780   0x0000005c   Code   RO         1552    i.new_connection    id_manager.o
    0x000207dc   0x00000034   Code   RO         2030    i.next_id_get       peer_id.o
    0x00020810   0x00000014   Code   RO         2793    i.nrf_adc_event_check  nrf_drv_adc.o
    0x00020824   0x00000064   Code   RO         2794    i.nrf_drv_adc_buffer_convert  nrf_drv_adc.o
    0x00020888   0x00000020   Code   RO         2796    i.nrf_drv_adc_channel_enable  nrf_drv_adc.o
    0x000208a8   0x00000040   Code   RO         2797    i.nrf_drv_adc_init  nrf_drv_adc.o
    0x000208e8   0x0000000c   Code   RO         2799    i.nrf_drv_adc_sample  nrf_drv_adc.o
    0x000208f4   0x00000060   Code   RO         2884    i.nrf_drv_common_irq_enable  nrf_drv_common.o
    0x00020954   0x000000a0   Code   RO         2916    i.nrf_drv_gpiote_in_event_enable  nrf_drv_gpiote.o
    0x000209f4   0x000000a4   Code   RO         2917    i.nrf_drv_gpiote_in_init  nrf_drv_gpiote.o
    0x00020a98   0x00000014   Code   RO         2918    i.nrf_drv_gpiote_in_is_set  nrf_drv_gpiote.o
    0x00020aac   0x00000054   Code   RO         2920    i.nrf_drv_gpiote_init  nrf_drv_gpiote.o
    0x00020b00   0x00000010   Code   RO         2921    i.nrf_drv_gpiote_is_init  nrf_drv_gpiote.o
    0x00020b10   0x000000c8   Code   RO         3102    i.nrf_drv_uart_init  nrf_drv_uart.o
    0x00020bd8   0x0000004c   Code   RO         3103    i.nrf_drv_uart_rx   nrf_drv_uart.o
    0x00020c24   0x00000018   Code   RO         3106    i.nrf_drv_uart_rx_enable  nrf_drv_uart.o
    0x00020c3c   0x0000009c   Code   RO         3107    i.nrf_drv_uart_rx_for_uart  nrf_drv_uart.o
    0x00020cd8   0x00000024   Code   RO         3108    i.nrf_drv_uart_tx   nrf_drv_uart.o
    0x00020cfc   0x00000074   Code   RO         3110    i.nrf_drv_uart_tx_for_uart  nrf_drv_uart.o
    0x00020d70   0x00000010   Code   RO         3111    i.nrf_drv_uart_tx_in_progress  nrf_drv_uart.o
    0x00020d80   0x00000024   Code   RO         2933    i.nrf_gpio_cfg      nrf_drv_gpiote.o
    0x00020da4   0x00000024   Code   RO         3113    i.nrf_gpio_cfg      nrf_drv_uart.o
    0x00020dc8   0x00000012   Code   RO         3115    i.nrf_gpio_cfg_input  nrf_drv_uart.o
    0x00020dda   0x00000014   Code   RO         3116    i.nrf_gpio_cfg_output  nrf_drv_uart.o
    0x00020dee   0x00000002   PAD
    0x00020df0   0x00000020   Code   RO         2935    i.nrf_gpio_cfg_sense_set  nrf_drv_gpiote.o
    0x00020e10   0x00000014   Code   RO         2936    i.nrf_gpiote_event_is_set  nrf_drv_gpiote.o
    0x00020e24   0x0000000a   Code   RO         3117    i.nrf_uart_event_check  nrf_drv_uart.o
    0x00020e2e   0x00000010   Code   RO         3118    i.nrf_uart_int_enable_check  nrf_drv_uart.o
    0x00020e3e   0x00000020   Code   RO           19    i.on_adv_evt        main.o
    0x00020e5e   0x00000002   PAD
    0x00020e60   0x00000030   Code   RO           20    i.on_bas_evt        main.o
    0x00020e90   0x0000008c   Code   RO           21    i.on_ble_evt        main.o
    0x00020f1c   0x000000f0   Code   RO          981    i.on_characteristic_discovery_rsp  ble_db_discovery.o
    0x0002100c   0x000000c0   Code   RO          982    i.on_descriptor_discovery_rsp  ble_db_discovery.o
    0x000210cc   0x00000038   Code   RO           22    i.on_ias_c_evt      main.o
    0x00021104   0x00000010   Code   RO           23    i.on_ias_evt        main.o
    0x00021114   0x00000010   Code   RO           24    i.on_lls_evt        main.o
    0x00021124   0x00000054   Code   RO         4203    i.on_operation_success  fstorage.o
    0x00021178   0x00000070   Code   RO          983    i.on_primary_srv_discovery_rsp  ble_db_discovery.o
    0x000211e8   0x0000006c   Code   RO          984    i.on_srv_disc_completion  ble_db_discovery.o
    0x00021254   0x00000078   Code   RO         3927    i.op_enqueue        fds.o
    0x000212cc   0x00000012   Code   RO         3928    i.page_offsets_update  fds.o
    0x000212de   0x00000002   PAD
    0x000212e0   0x00000058   Code   RO         3929    i.page_scan         fds.o
    0x00021338   0x00000018   Code   RO         3930    i.page_tag_write_data  fds.o
    0x00021350   0x00000020   Code   RO         3931    i.page_tag_write_swap  fds.o
    0x00021370   0x000000c4   Code   RO         3932    i.pages_init        fds.o
    0x00021434   0x0000006c   Code   RO         2432    i.pairing_failure   security_dispatcher.o
    0x000214a0   0x0000003c   Code   RO         2539    i.params_reply_pending_process  security_manager.o
    0x000214dc   0x0000001c   Code   RO         1412    i.pdb_evt_handler   gattc_cache_manager.o
    0x000214f8   0x0000004c   Code   RO         1457    i.pdb_evt_handler   gatts_cache_manager.o
    0x00021544   0x00000078   Code   RO         1553    i.pdb_evt_handler   id_manager.o
    0x000215bc   0x00000140   Code   RO         2118    i.pdb_evt_handler   peer_manager.o
    0x000216fc   0x00000034   Code   RO         2433    i.pdb_evt_handler   security_dispatcher.o
    0x00021730   0x00000034   Code   RO         2540    i.pdb_evt_handler   security_manager.o
    0x00021764   0x00000020   Code   RO         1873    i.pdb_evt_send      peer_database.o
    0x00021784   0x0000001c   Code   RO         1875    i.pdb_next_peer_id_get  peer_database.o
    0x000217a0   0x0000001c   Code   RO         1876    i.pdb_peer_allocate  peer_database.o
    0x000217bc   0x0000005c   Code   RO         1877    i.pdb_peer_free     peer_database.o
    0x00021818   0x0000001c   Code   RO         1878    i.pdb_raw_read      peer_database.o
    0x00021834   0x00000024   Code   RO         1879    i.pdb_raw_store     peer_database.o
    0x00021858   0x00000018   Code   RO         1880    i.pdb_read_buf_get  peer_database.o
    0x00021870   0x00000084   Code   RO         1881    i.pdb_register      peer_database.o
    0x000218f4   0x00000120   Code   RO         1882    i.pdb_write_buf_get  peer_database.o
    0x00021a14   0x0000003c   Code   RO         1883    i.pdb_write_buf_release  peer_database.o
    0x00021a50   0x000000d8   Code   RO         1884    i.pdb_write_buf_store  peer_database.o
    0x00021b28   0x00000078   Code   RO         1885    i.pdb_write_buf_store_prepare  peer_database.o
    0x00021ba0   0x00000130   Code   RO         1886    i.pds_evt_handler   peer_database.o
    0x00021cd0   0x00000024   Code   RO         1716    i.pds_evt_send      peer_data_storage.o
    0x00021cf4   0x0000002c   Code   RO         1718    i.pds_next_peer_id_get  peer_data_storage.o
    0x00021d20   0x0000006a   Code   RO         1721    i.pds_peer_data_read  peer_data_storage.o
    0x00021d8a   0x00000002   PAD
    0x00021d8c   0x000000a8   Code   RO         1722    i.pds_peer_data_read_ptr_get  peer_data_storage.o
    0x00021e34   0x000000ac   Code   RO         1723    i.pds_peer_data_update  peer_data_storage.o
    0x00021ee0   0x000000a0   Code   RO         1725    i.pds_peer_data_write  peer_data_storage.o
    0x00021f80   0x0000005c   Code   RO         1726    i.pds_peer_data_write_prepare  peer_data_storage.o
    0x00021fdc   0x00000030   Code   RO         1727    i.pds_peer_data_write_prepare_cancel  peer_data_storage.o
    0x0002200c   0x000000a0   Code   RO         1728    i.pds_peer_data_write_prepared  peer_data_storage.o
    0x000220ac   0x0000002c   Code   RO         1729    i.pds_peer_id_allocate  peer_data_storage.o
    0x000220d8   0x00000034   Code   RO         1730    i.pds_peer_id_free  peer_data_storage.o
    0x0002210c   0x00000024   Code   RO         1731    i.pds_peer_id_is_allocated  peer_data_storage.o
    0x00022130   0x0000005c   Code   RO         1732    i.pds_register      peer_data_storage.o
    0x0002218c   0x00000016   Code   RO          653    i.peer_address_exists  ble_advertising.o
    0x000221a2   0x00000002   PAD
    0x000221a4   0x00000080   Code   RO         1733    i.peer_data_clear   peer_data_storage.o
    0x00022224   0x0000000a   Code   RO         1887    i.peer_data_const_point_to_buffer  peer_database.o
    0x0002222e   0x00000034   Code   RO         1685    i.peer_data_deserialize  peer_data.o
    0x00022262   0x0000000a   Code   RO         1734    i.peer_data_id_to_record_key  peer_data_storage.o
    0x0002226c   0x0000001e   Code   RO         1686    i.peer_data_parts_get  peer_data.o
    0x0002228a   0x00000014   Code   RO         1888    i.peer_data_point_to_buffer  peer_database.o
    0x0002229e   0x00000002   PAD
    0x000222a0   0x00000010   Code   RO         2031    i.peer_id_allocate  peer_id.o
    0x000222b0   0x00000028   Code   RO         2032    i.peer_id_delete    peer_id.o
    0x000222d8   0x0000001c   Code   RO         2033    i.peer_id_free      peer_id.o
    0x000222f4   0x00000010   Code   RO         2034    i.peer_id_get_next_deleted  peer_id.o
    0x00022304   0x00000010   Code   RO         2035    i.peer_id_get_next_used  peer_id.o
    0x00022314   0x00000028   Code   RO         2036    i.peer_id_init      peer_id.o
    0x0002233c   0x00000018   Code   RO         2037    i.peer_id_is_allocated  peer_id.o
    0x00022354   0x0000001c   Code   RO         1554    i.peer_id_set       id_manager.o
    0x00022370   0x0000000a   Code   RO         1735    i.peer_id_to_file_id  peer_data_storage.o
    0x0002237a   0x00000002   PAD
    0x0002237c   0x00000054   Code   RO         1736    i.peer_ids_init     peer_data_storage.o
    0x000223d0   0x00000078   Code   RO           25    i.peer_manager_init  main.o
    0x00022448   0x00000018   Code   RO         2937    i.pin_in_use_by_port  nrf_drv_gpiote.o
    0x00022460   0x00000018   Code   RO         2938    i.pin_in_use_by_te  nrf_drv_gpiote.o
    0x00022478   0x0000005e   Code   RO         2343    i.pm_buffer_block_acquire  pm_buffer.o
    0x000224d6   0x00000042   Code   RO         2344    i.pm_buffer_init    pm_buffer.o
    0x00022518   0x0000002e   Code   RO         2345    i.pm_buffer_ptr_get  pm_buffer.o
    0x00022546   0x0000002a   Code   RO         2346    i.pm_buffer_release  pm_buffer.o
    0x00022570   0x00000008   Code   RO         2120    i.pm_conn_sec_config_reply  peer_manager.o
    0x00022578   0x00000018   Code   RO         2122    i.pm_conn_secure    peer_manager.o
    0x00022590   0x0000007c   Code   RO           26    i.pm_evt_handler    main.o
    0x0002260c   0x00000084   Code   RO         2123    i.pm_init           peer_manager.o
    0x00022690   0x00000014   Code   RO         2125    i.pm_local_database_has_changed  peer_manager.o
    0x000226a4   0x00000010   Code   RO         2376    i.pm_mutex_init     pm_mutex.o
    0x000226b4   0x0000001c   Code   RO         2377    i.pm_mutex_lock     pm_mutex.o
    0x000226d0   0x00000034   Code   RO         2378    i.pm_mutex_lock_first_available  pm_mutex.o
    0x00022704   0x00000018   Code   RO         2379    i.pm_mutex_lock_status_get  pm_mutex.o
    0x0002271c   0x00000036   Code   RO         2380    i.pm_mutex_unlock   pm_mutex.o
    0x00022752   0x00000002   PAD
    0x00022754   0x00000024   Code   RO         2127    i.pm_on_ble_evt     peer_manager.o
    0x00022778   0x00000018   Code   RO         2138    i.pm_peer_delete    peer_manager.o
    0x00022790   0x000000c0   Code   RO         2141    i.pm_peer_rank_highest  peer_manager.o
    0x00022850   0x000000b0   Code   RO         2142    i.pm_peer_ranks_get  peer_manager.o
    0x00022900   0x00000040   Code   RO         2143    i.pm_peers_delete   peer_manager.o
    0x00022940   0x0000002c   Code   RO         2144    i.pm_register       peer_manager.o
    0x0002296c   0x00000020   Code   RO         2146    i.pm_sec_params_set  peer_manager.o
    0x0002298c   0x00000028   Code   RO         3280    i.pstorage_access_status_get  pstorage.o
    0x000229b4   0x0000002c   Code   RO         4204    i.queue_advance     fstorage.o
    0x000229e0   0x00000038   Code   RO         4205    i.queue_get_next_free  fstorage.o
    0x00022a18   0x000000b8   Code   RO         3933    i.queue_process     fds.o
    0x00022ad0   0x0000006c   Code   RO         4206    i.queue_process     fstorage.o
    0x00022b3c   0x0000001c   Code   RO         3934    i.queue_start       fds.o
    0x00022b58   0x0000001c   Code   RO         4207    i.queue_start       fstorage.o
    0x00022b74   0x00000084   Code   RO         3935    i.record_find       fds.o
    0x00022bf8   0x000000a0   Code   RO         3936    i.record_find_by_desc  fds.o
    0x00022c98   0x00000054   Code   RO         3937    i.record_find_next  fds.o
    0x00022cec   0x00000020   Code   RO         3938    i.record_header_flag_dirty  fds.o
    0x00022d0c   0x0000000a   Code   RO         1737    i.record_key_to_peer_data_id  peer_data_storage.o
    0x00022d16   0x00000002   PAD
    0x00022d18   0x00000058   Code   RO         3939    i.record_write_chunk  fds.o
    0x00022d70   0x00000038   Code   RO          985    i.registered_handler_get  ble_db_discovery.o
    0x00022da8   0x00000012   Code   RO         2040    i.release           peer_id.o
    0x00022dba   0x00000002   PAD
    0x00022dbc   0x00000044   Code   RO         3702    i.rtc1_stop         app_timer.o
    0x00022e00   0x00000038   Code   RO         3119    i.rx_byte           nrf_drv_uart.o
    0x00022e38   0x0000001c   Code   RO         3120    i.rx_done_event     nrf_drv_uart.o
    0x00022e54   0x0000001c   Code   RO         3121    i.rx_enable         nrf_drv_uart.o
    0x00022e70   0x00000010   Code   RO         4660    i.sd_check_ram_start  softdevice_handler.o
    0x00022e80   0x0000008c   Code   RO         4661    i.sd_nvic_EnableIRQ  softdevice_handler.o
    0x00022f0c   0x00000046   Code   RO         4427    i.sdk_mapped_flags_bulk_update_by_key  sdk_mapped_flags.o
    0x00022f52   0x00000002   PAD
    0x00022f54   0x00000028   Code   RO         4428    i.sdk_mapped_flags_first_key_index_get  sdk_mapped_flags.o
    0x00022f7c   0x00000010   Code   RO         4429    i.sdk_mapped_flags_get_by_index  sdk_mapped_flags.o
    0x00022f8c   0x00000026   Code   RO         4430    i.sdk_mapped_flags_get_by_key  sdk_mapped_flags.o
    0x00022fb2   0x00000046   Code   RO         4431    i.sdk_mapped_flags_key_list_get  sdk_mapped_flags.o
    0x00022ff8   0x0000000e   Code   RO         4433    i.sdk_mapped_flags_update_by_key  sdk_mapped_flags.o
    0x00023006   0x00000002   PAD
    0x00023008   0x000000b8   Code   RO         2434    i.sec_info_request_process  security_dispatcher.o
    0x000230c0   0x00000076   Code   RO         2541    i.sec_params_verify  security_manager.o
    0x00023136   0x00000002   PAD
    0x00023138   0x0000004c   Code   RO         2435    i.sec_proc_start    security_dispatcher.o
    0x00023184   0x0000001c   Code   RO         2436    i.sec_start_send    security_dispatcher.o
    0x000231a0   0x00000042   Code   RO         4208    i.send_event        fstorage.o
    0x000231e2   0x00000002   PAD
    0x000231e4   0x00000058   Code   RO         1293    i.service_changed_pending_flags_check  gatt_cache_manager.o
    0x0002323c   0x00000048   Code   RO         1458    i.service_changed_pending_set  gatts_cache_manager.o
    0x00023284   0x0000009c   Code   RO         1294    i.service_changed_send_in_evt  gatt_cache_manager.o
    0x00023320   0x0000008e   Code   RO          574    i.service_data_encode  ble_advdata.o
    0x000233ae   0x00000008   Code   RO           27    i.service_error_handler  main.o
    0x000233b6   0x00000002   PAD
    0x000233b8   0x000000b0   Code   RO           28    i.services_init     main.o
    0x00023468   0x00000028   Code   RO           29    i.sleep_mode_enter  main.o
    0x00023490   0x0000001c   Code   RO         2542    i.sm_ble_evt_handler  security_manager.o
    0x000234ac   0x0000001c   Code   RO         2543    i.sm_conn_sec_config_reply  security_manager.o
    0x000234c8   0x00000150   Code   RO         2149    i.sm_evt_handler    peer_manager.o
    0x00023618   0x00000020   Code   RO         2545    i.sm_link_secure    security_manager.o
    0x00023638   0x00000098   Code   RO         2546    i.sm_register       security_manager.o
    0x000236d0   0x00000040   Code   RO         2548    i.sm_sec_params_set  security_manager.o
    0x00023710   0x000000e4   Code   RO         2437    i.smd_ble_evt_handler  security_dispatcher.o
    0x000237f4   0x00000010   Code   RO         1295    i.smd_evt_handler   gatt_cache_manager.o
    0x00023804   0x00000078   Code   RO         2549    i.smd_evt_handler   security_manager.o
    0x0002387c   0x00000048   Code   RO         2438    i.smd_link_secure   security_dispatcher.o
    0x000238c4   0x00000120   Code   RO         2439    i.smd_params_reply  security_dispatcher.o
    0x000239e4   0x00000088   Code   RO         2550    i.smd_params_reply_perform  security_manager.o
    0x00023a6c   0x00000064   Code   RO         2440    i.smd_register      security_dispatcher.o
    0x00023ad0   0x00000014   Code   RO         4662    i.softdevice_ble_evt_handler_set  softdevice_handler.o
    0x00023ae4   0x00000014   Code   RO         4663    i.softdevice_enable  softdevice_handler.o
    0x00023af8   0x00000028   Code   RO         4664    i.softdevice_enable_get_default_config  softdevice_handler.o
    0x00023b20   0x00000008   Code   RO         4665    i.softdevice_fault_handler  softdevice_handler.o
    0x00023b28   0x00000034   Code   RO         4666    i.softdevice_handler_init  softdevice_handler.o
    0x00023b5c   0x00000014   Code   RO         4669    i.softdevice_sys_evt_handler_set  softdevice_handler.o
    0x00023b70   0x00000010   Code   RO           30    i.sys_evt_dispatch  main.o
    0x00023b80   0x00000084   Code   RO         3703    i.timer_list_handler  app_timer.o
    0x00023c04   0x00000010   Code   RO         3704    i.timer_list_handler_sched  app_timer.o
    0x00023c14   0x00000040   Code   RO         3705    i.timer_list_insert  app_timer.o
    0x00023c54   0x00000080   Code   RO         3706    i.timer_timeouts_check  app_timer.o
    0x00023cd4   0x0000002c   Code   RO         3122    i.tx_byte           nrf_drv_uart.o
    0x00023d00   0x00000020   Code   RO         3123    i.tx_done_event     nrf_drv_uart.o
    0x00023d20   0x0000008c   Code   RO         1246    i.tx_power_level_char_add  ble_tps.o
    0x00023dac   0x00000014   Code   RO         4307    i.uart_error_cb     nrf_log.o
    0x00023dc0   0x000000b0   Code   RO         2657    i.uart_event_handler  app_uart_fifo.o
    0x00023e70   0x00000128   Code   RO         3124    i.uart_irq_handler  nrf_drv_uart.o
    0x00023f98   0x0000000a   Code   RO          575    i.uint16_encode     ble_advdata.o
    0x00023fa2   0x00000002   PAD
    0x00023fa4   0x00000064   Code   RO          780    i.update_timeout_handler  ble_conn_params.o
    0x00024008   0x00000018   Code   RO          860    i.user_flag_is_acquired  ble_conn_state.o
    0x00024020   0x00000054   Code   RO         3707    i.user_id_get       app_timer.o
    0x00024074   0x00000026   Code   RO         3708    i.user_op_alloc     app_timer.o
    0x0002409a   0x00000030   Code   RO          576    i.uuid_list_encode  ble_advdata.o
    0x000240ca   0x000000ae   Code   RO          577    i.uuid_list_sized_encode  ble_advdata.o
    0x00024178   0x00000010   Code   RO          654    i.whitelist_has_entries  ble_advertising.o
    0x00024188   0x00000024   Code   RO         1889    i.write_buf_length_words_set  peer_database.o
    0x000241ac   0x00000024   Code   RO         1890    i.write_buffer_record_find  peer_database.o
    0x000241d0   0x0000002c   Code   RO         1891    i.write_buffer_record_find_next  peer_database.o
    0x000241fc   0x00000022   Code   RO         1892    i.write_buffer_record_invalidate  peer_database.o
    0x0002421e   0x00000002   PAD
    0x00024220   0x0000002c   Code   RO         1893    i.write_buffer_record_release  peer_database.o
    0x0002424c   0x00000118   Code   RO         3940    i.write_enqueue     fds.o
    0x00024364   0x000000e4   Code   RO         3941    i.write_execute     fds.o
    0x00024448   0x00000058   Code   RO         1894    i.write_or_update   peer_database.o
    0x000244a0   0x00000014   Code   RO         3942    i.write_space_free  fds.o
    0x000244b4   0x0000004c   Code   RO         3943    i.write_space_reserve  fds.o
    0x00024500   0x00000010   Data   RO           33    .constdata          main.o
    0x00024510   0x0000003c   Data   RO          432    .constdata          bsp.o
    0x0002454c   0x00000004   Data   RO          783    .constdata          ble_conn_params.o
    0x00024550   0x00000001   Data   RO         1459    .constdata          gatts_cache_manager.o
    0x00024551   0x00000003   PAD
    0x00024554   0x00000010   Data   RO         1460    .constdata          gatts_cache_manager.o
    0x00024564   0x00000001   Data   RO         1461    .constdata          gatts_cache_manager.o
    0x00024565   0x00000003   PAD
    0x00024568   0x00000010   Data   RO         2151    .constdata          peer_manager.o
    0x00024578   0x0000003c   Data   RO         2441    .constdata          security_dispatcher.o
    0x000245b4   0x00000020   Data   RO         2659    .constdata          app_uart_fifo.o
    0x000245d4   0x00000001   Data   RO         2803    .constdata          nrf_drv_adc.o
    0x000245d5   0x00000003   PAD
    0x000245d8   0x00000020   Data   RO         3126    .constdata          nrf_drv_uart.o
    0x000245f8   0x00000008   Data   RO         3511    .constdata          app_button.o
    0x00024600   0x00000014   Data   RO         3945    .constdata          fds.o
    0x00024614   0x0000000c   Data   RO         4309    .constdata          nrf_log.o
    0x00024620   0x00000020   Data   RO         4881    Region$$Table       anon$$obj.o


    Execution Region RW_IRAM1 (Base: 0x20002080, Size: 0x00001c90, Max: 0x00005f80, ABSOLUTE, COMPRESSED[0x00000030])

    Base Addr    Size         Type   Attr      Idx    E Section Name        Object

    0x20002080   0x00000020   Data   RW           34    .data               main.o
    0x200020a0   0x00000018   Data   RW          433    .data               bsp.o
    0x200020b8   0x00000008   Data   RW          532    .data               bsp_btn_ble.o
    0x200020c0   0x0000001f   Data   RW          656    .data               ble_advertising.o
    0x200020df   0x00000001   PAD
    0x200020e0   0x00000014   Data   RW          784    .data               ble_conn_params.o
    0x200020f4   0x00000010   Data   RW          987    .data               ble_db_discovery.o
    0x20002104   0x00000008   Data   RW         1296    .data               gatt_cache_manager.o
    0x2000210c   0x00000004   Data   RW         1413    .data               gattc_cache_manager.o
    0x20002110   0x0000000c   Data   RW         1462    .data               gatts_cache_manager.o
    0x2000211c   0x00000001   Data   RW         1896    .data               peer_database.o
    0x2000211d   0x00000003   PAD
    0x20002120   0x00000050   Data   RW         2442    .data               security_dispatcher.o
    0x20002170   0x00000020   Data   RW         2551    .data               security_manager.o
    0x20002190   0x00000008   Data   RW         2660    .data               app_uart_fifo.o
    0x20002198   0x00000024   Data   RW         3305    .data               pstorage.o
    0x200021bc   0x00000014   Data   RW         3512    .data               app_button.o
    0x200021d0   0x00000020   Data   RW         3709    .data               app_timer.o
    0x200021f0   0x00000018   Data   RW         3946    .data               fds.o
    0x20002208   0x00000002   Data   RW         4210    .data               fstorage.o
    0x2000220a   0x00000007   Data   RW         4310    .data               nrf_log.o
    0x20002211   0x00000003   PAD
    0x20002214   0x00000004   Data   RW         4395    .data               retarget.o
    0x20002218   0x0000001c   Data   RW         4670    .data               softdevice_handler.o
    0x20002234   0x00000004   Data   RW         4763    .data               system_nrf51.o
    0x20002238   0x00000010   Data   RW         3947    fs_data             fds.o
    0x20002248   0x00000020   Zero   RW           31    .bss                main.o
    0x20002268   0x000004ac   Zero   RW           32    .bss                main.o
    0x20002714   0x00000020   Zero   RW          428    .bss                bsp.o
    0x20002734   0x00000020   Zero   RW          429    .bss                bsp.o
    0x20002754   0x0000000c   Zero   RW          430    .bss                bsp.o
    0x20002760   0x00000020   Zero   RW          431    .bss                bsp.o
    0x20002780   0x00000103   Zero   RW          655    .bss                ble_advertising.o
    0x20002883   0x00000001   PAD
    0x20002884   0x00000020   Zero   RW          781    .bss                ble_conn_params.o
    0x200028a4   0x0000001c   Zero   RW          782    .bss                ble_conn_params.o
    0x200028c0   0x00000034   Zero   RW          861    .bss                ble_conn_state.o
    0x200028f4   0x000001f8   Zero   RW          986    .bss                ble_db_discovery.o
    0x20002aec   0x00000138   Zero   RW         1555    .bss                id_manager.o
    0x20002c24   0x00000020   Zero   RW         1738    .bss                peer_data_storage.o
    0x20002c44   0x00000350   Zero   RW         1895    .bss                peer_database.o
    0x20002f94   0x00000040   Zero   RW         2041    .bss                peer_id.o
    0x20002fd4   0x00000020   Zero   RW         2150    .bss                peer_manager.o
    0x20002ff4   0x00000020   Zero   RW         2658    .bss                app_uart_fifo.o
    0x20003014   0x00000014   Zero   RW         2802    .bss                nrf_drv_adc.o
    0x20003028   0x00000048   Zero   RW         2939    .bss                nrf_drv_gpiote.o
    0x20003070   0x0000001c   Zero   RW         3125    .bss                nrf_drv_uart.o
    0x2000308c   0x000000d8   Zero   RW         3303    .bss                pstorage.o
    0x20003164   0x00000020   Zero   RW         3510    .bss                app_button.o
    0x20003184   0x00000128   Zero   RW         3944    .bss                fds.o
    0x200032ac   0x00000058   Zero   RW         4209    .bss                fstorage.o
    0x20003304   0x0000020b   Zero   RW         4308    .bss                nrf_log.o
    0x2000350f   0x00000001   PAD
    0x20003510   0x00000800   Zero   RW         4751    STACK               arm_startup_nrf51.o


==============================================================================

Image component sizes


      Code (inc. data)   RO Data    RW Data    ZI Data      Debug   Object Name

       328         34          8         20         32       9074   app_button.o
        24          4          0          0          0       2253   app_error.o
        28         10          0          0          0       7110   app_error_weak.o
       122          0          0          0          0       4346   app_fifo.o
      1696        150          0         32          0      30907   app_timer.o
       392         34         32          8         32      11487   app_uart_fifo.o
       104         20          0          0          0       6138   app_util_platform.o
        56         18        192          0       2048        724   arm_startup_nrf51.o
      1588          6          0          0          0      20436   ble_advdata.o
      1010         34          0         31        259      13553   ble_advertising.o
       594         20          0          0          0      13123   ble_bas.o
       460         58          4         20         60       6756   ble_conn_params.o
       532         52          0          0         52       9669   ble_conn_state.o
      1450         76          0         16        504      15707   ble_db_discovery.o
       236         10          0          0          0       3416   ble_ias.o
       316         18          0          0          0       7271   ble_ias_c.o
       310         10          0          0          0       4550   ble_lls.o
        12          0          0          0          0       1468   ble_srv_common.o
       196         12          0          0          0       3084   ble_tps.o
      1088        118         60         24        108      13453   bsp.o
       284         10          0          8          0       4741   bsp_btn_ble.o
      3630        378         20         40        296      46967   fds.o
       926         78          0          2         88      12551   fstorage.o
      1102         92          0          8          0      16746   gatt_cache_manager.o
        64         16          0          4          0       2680   gattc_cache_manager.o
       612         82         18         12          0       9584   gatts_cache_manager.o
      1316         98          0          0        312      19365   id_manager.o
      2488        350         16         32       1228     145067   main.o
       420         78          1          0         20      12747   nrf_drv_adc.o
        96         18          0          0          0       8652   nrf_drv_common.o
      1036        126          0          0         72      22828   nrf_drv_gpiote.o
      1216        140         32          0         28      25266   nrf_drv_uart.o
       116         16         12          7        523       5563   nrf_log.o
        82          0          0          0          0       2210   peer_data.o
      1710        110          0          0         32      20768   peer_data_storage.o
      1700        110          0          1        848      25204   peer_database.o
       310         52          0          0         64       8170   peer_id.o
      1652        150         16          0         32      18377   peer_manager.o
       248          0          0          0          0       4311   pm_buffer.o
       224          0          0          0          0       5253   pm_mutex.o
        40         10          0         36        216      11217   pstorage.o
        14          0          0          4          0       2862   retarget.o
       248          6          0          0          0       6196   sdk_mapped_flags.o
      1926        116         60         80          0      20726   security_dispatcher.o
      1238         98          0         32          0      17679   security_manager.o
       468         62          0         28          0      19497   softdevice_handler.o
       232         36          0          4          0       2411   system_nrf51.o

    ----------------------------------------------------------------------
     34010       2916        512        456       6856     682163   Object Totals
         0          0         32          0          0          0   (incl. Generated)
        70          0          9          7          2          0   (incl. Padding)

    ----------------------------------------------------------------------

      Code (inc. data)   RO Data    RW Data    ZI Data      Debug   Library Member Name

        86          0          0          0          0          0   __dczerorl2.o
         0          0          0          0          0          0   entry.o
         0          0          0          0          0          0   entry10a.o
         0          0          0          0          0          0   entry11a.o
         8          4          0          0          0          0   entry2.o
         4          0          0          0          0          0   entry5.o
         0          0          0          0          0          0   entry7b.o
         0          0          0          0          0          0   entry8b.o
         8          4          0          0          0          0   entry9a.o
        30          0          0          0          0          0   handlers.o
        40          0          0          0          0         72   idiv.o
        36          8          0          0          0         68   init.o
         0          0          0          0          0          0   iusefp.o
        32          0          0          0          0         68   llshl.o
        38          0          0          0          0         68   llsshr.o
        34          0          0          0          0         68   llushr.o
        26          0          0          0          0         72   memcmp.o
        36          0          0          0          0         60   memcpya.o
        36          0          0          0          0        100   memseta.o
      2240         98          0          0          0        396   printfa.o
        44          0          0          0          0         72   uidiv.o
        96          0          0          0          0         84   uldiv.o
        40          2          0          0          0         68   cdrcmple.o
       356          4          0          0          0        140   dadd.o
       240          6          0          0          0         84   ddiv.o
       236          0          0          0          0        216   depilogue.o
        64         10          0          0          0         68   dfixul.o
       208          6          0          0          0         88   dmul.o

    ----------------------------------------------------------------------
      3942        142          0          0          0       1792   Library Totals
         4          0          0          0          0          0   (incl. Padding)

    ----------------------------------------------------------------------

      Code (inc. data)   RO Data    RW Data    ZI Data      Debug   Library Name

      2794        114          0          0          0       1128   mc_p.l
      1144         28          0          0          0        664   mf_p.l

    ----------------------------------------------------------------------
      3942        142          0          0          0       1792   Library Totals

    ----------------------------------------------------------------------

==============================================================================


      Code (inc. data)   RO Data    RW Data    ZI Data      Debug   

     37952       3058        512        456       6856     664715   Grand Totals
     37952       3058        512         48       6856     664715   ELF Image Totals (compressed)
     37952       3058        512         48          0          0   ROM Totals

==============================================================================

    Total RO  Size (Code + RO Data)                38464 (  37.56kB)
    Total RW  Size (RW Data + ZI Data)              7312 (   7.14kB)
    Total ROM Size (Code + RO Data + RW Data)      38512 (  37.61kB)

==============================================================================

