Archive member included because of file (symbol)

c:/program files (x86)/gnu tools arm embedded/4.9 2015q3/bin/../lib/gcc/arm-none-eabi/4.9.3/../../../../arm-none-eabi/lib/armv6-m\libc_nano.a(lib_a-exit.o)
                              c:/program files (x86)/gnu tools arm embedded/4.9 2015q3/bin/../lib/gcc/arm-none-eabi/4.9.3/../../../../arm-none-eabi/lib/armv6-m/crt0.o (exit)
c:/program files (x86)/gnu tools arm embedded/4.9 2015q3/bin/../lib/gcc/arm-none-eabi/4.9.3/../../../../arm-none-eabi/lib/armv6-m\libc_nano.a(lib_a-impure.o)
                              c:/program files (x86)/gnu tools arm embedded/4.9 2015q3/bin/../lib/gcc/arm-none-eabi/4.9.3/../../../../arm-none-eabi/lib/armv6-m\libc_nano.a(lib_a-exit.o) (_global_impure_ptr)
c:/program files (x86)/gnu tools arm embedded/4.9 2015q3/bin/../lib/gcc/arm-none-eabi/4.9.3/../../../../arm-none-eabi/lib/armv6-m\libc_nano.a(lib_a-init.o)
                              c:/program files (x86)/gnu tools arm embedded/4.9 2015q3/bin/../lib/gcc/arm-none-eabi/4.9.3/../../../../arm-none-eabi/lib/armv6-m/crt0.o (__libc_init_array)
c:/program files (x86)/gnu tools arm embedded/4.9 2015q3/bin/../lib/gcc/arm-none-eabi/4.9.3/../../../../arm-none-eabi/lib/armv6-m\libc_nano.a(lib_a-memset.o)
                              c:/program files (x86)/gnu tools arm embedded/4.9 2015q3/bin/../lib/gcc/arm-none-eabi/4.9.3/../../../../arm-none-eabi/lib/armv6-m/crt0.o (memset)
c:/program files (x86)/gnu tools arm embedded/4.9 2015q3/bin/../lib/gcc/arm-none-eabi/4.9.3/../../../../arm-none-eabi/lib/armv6-m\libnosys.a(_exit.o)
                              c:/program files (x86)/gnu tools arm embedded/4.9 2015q3/bin/../lib/gcc/arm-none-eabi/4.9.3/../../../../arm-none-eabi/lib/armv6-m\libc_nano.a(lib_a-exit.o) (_exit)
c:/program files (x86)/gnu tools arm embedded/4.9 2015q3/bin/../lib/gcc/arm-none-eabi/4.9.3/armv6-m\libgcc.a(_udivsi3.o)
                              _build/pstorage.o (__aeabi_uidiv)
c:/program files (x86)/gnu tools arm embedded/4.9 2015q3/bin/../lib/gcc/arm-none-eabi/4.9.3/armv6-m\libgcc.a(_divsi3.o)
                              _build/pstorage.o (__aeabi_idiv)
c:/program files (x86)/gnu tools arm embedded/4.9 2015q3/bin/../lib/gcc/arm-none-eabi/4.9.3/armv6-m\libgcc.a(_dvmd_tls.o)
                              c:/program files (x86)/gnu tools arm embedded/4.9 2015q3/bin/../lib/gcc/arm-none-eabi/4.9.3/armv6-m\libgcc.a(_udivsi3.o) (__aeabi_idiv0)
c:/program files (x86)/gnu tools arm embedded/4.9 2015q3/bin/../lib/gcc/arm-none-eabi/4.9.3/../../../../arm-none-eabi/lib/armv6-m\libc_nano.a(lib_a-memcmp.o)
                              _build/id_manager.o (memcmp)
c:/program files (x86)/gnu tools arm embedded/4.9 2015q3/bin/../lib/gcc/arm-none-eabi/4.9.3/../../../../arm-none-eabi/lib/armv6-m\libc_nano.a(lib_a-memcpy.o)
                              _build/SEGGER_RTT.o (memcpy)
c:/program files (x86)/gnu tools arm embedded/4.9 2015q3/bin/../lib/gcc/arm-none-eabi/4.9.3/../../../../arm-none-eabi/lib/armv6-m\libc_nano.a(lib_a-strcpy.o)
                              _build/SEGGER_RTT.o (strcpy)
c:/program files (x86)/gnu tools arm embedded/4.9 2015q3/bin/../lib/gcc/arm-none-eabi/4.9.3/../../../../arm-none-eabi/lib/armv6-m\libc_nano.a(lib_a-strlen.o)
                              _build/SEGGER_RTT.o (strlen)
c:/program files (x86)/gnu tools arm embedded/4.9 2015q3/bin/../lib/gcc/arm-none-eabi/4.9.3/../../../../arm-none-eabi/lib/armv6-m\libc_nano.a(lib_a-vprintf.o)
                              _build/nrf_log.o (vprintf)
c:/program files (x86)/gnu tools arm embedded/4.9 2015q3/bin/../lib/gcc/arm-none-eabi/4.9.3/../../../../arm-none-eabi/lib/armv6-m\libc_nano.a(lib_a-findfp.o)
                              c:/program files (x86)/gnu tools arm embedded/4.9 2015q3/bin/../lib/gcc/arm-none-eabi/4.9.3/../../../../arm-none-eabi/lib/armv6-m\libc_nano.a(lib_a-vprintf.o) (__sinit)
c:/program files (x86)/gnu tools arm embedded/4.9 2015q3/bin/../lib/gcc/arm-none-eabi/4.9.3/../../../../arm-none-eabi/lib/armv6-m\libc_nano.a(lib_a-fwalk.o)
                              c:/program files (x86)/gnu tools arm embedded/4.9 2015q3/bin/../lib/gcc/arm-none-eabi/4.9.3/../../../../arm-none-eabi/lib/armv6-m\libc_nano.a(lib_a-findfp.o) (_fwalk)
c:/program files (x86)/gnu tools arm embedded/4.9 2015q3/bin/../lib/gcc/arm-none-eabi/4.9.3/../../../../arm-none-eabi/lib/armv6-m\libc_nano.a(lib_a-nano-mallocr.o)
                              c:/program files (x86)/gnu tools arm embedded/4.9 2015q3/bin/../lib/gcc/arm-none-eabi/4.9.3/../../../../arm-none-eabi/lib/armv6-m\libc_nano.a(lib_a-findfp.o) (_malloc_r)
c:/program files (x86)/gnu tools arm embedded/4.9 2015q3/bin/../lib/gcc/arm-none-eabi/4.9.3/../../../../arm-none-eabi/lib/armv6-m\libc_nano.a(lib_a-nano-vfprintf.o)
                              c:/program files (x86)/gnu tools arm embedded/4.9 2015q3/bin/../lib/gcc/arm-none-eabi/4.9.3/../../../../arm-none-eabi/lib/armv6-m\libc_nano.a(lib_a-vprintf.o) (_vfprintf_r)
[...]
Memory Configuration

Name             Origin             Length             Attributes
FLASH            0x0001b000         0x00025000         xr
RAM              0x20002080         0x00005f80         xrw
*default*        0x00000000         0xffffffff

Linker script and memory map


.text           0x0001b000     0xf138
 *(.isr_vector)
 .isr_vector    0x0001b000       0xc0 _build/gcc_startup_nrf51.o
                0x0001b000                __isr_vector
 *(.text*)
 .text          0x0001b0c0       0x60 c:/program files (x86)/gnu tools arm embedded/4.9 2015q3/bin/../lib/gcc/arm-none-eabi/4.9.3/armv6-m/crtbegin.o
 .text          0x0001b120       0x78 c:/program files (x86)/gnu tools arm embedded/4.9 2015q3/bin/../lib/gcc/arm-none-eabi/4.9.3/../../../../arm-none-eabi/lib/armv6-m/crt0.o
                0x0001b120                _start
                0x0001b120                _mainCRTStartup
 .text.exit     0x0001b198       0x2c c:/program files (x86)/gnu tools arm embedded/4.9 2015q3/bin/../lib/gcc/arm-none-eabi/4.9.3/../../../../arm-none-eabi/lib/armv6-m\libc_nano.a(lib_a-exit.o)
                0x0001b198                exit
 .text.__libc_init_array
                0x0001b1c4       0x4c c:/program files (x86)/gnu tools arm embedded/4.9 2015q3/bin/../lib/gcc/arm-none-eabi/4.9.3/../../../../arm-none-eabi/lib/armv6-m\libc_nano.a(lib_a-init.o)
                0x0001b1c4                __libc_init_array
 .text.memset   0x0001b210       0x10 c:/program files (x86)/gnu tools arm embedded/4.9 2015q3/bin/../lib/gcc/arm-none-eabi/4.9.3/../../../../arm-none-eabi/lib/armv6-m\libc_nano.a(lib_a-memset.o)
                0x0001b210                memset
 .text._exit    0x0001b220        0x4 c:/program files (x86)/gnu tools arm embedded/4.9 2015q3/bin/../lib/gcc/arm-none-eabi/4.9.3/../../../../arm-none-eabi/lib/armv6-m\libnosys.a(_exit.o)
                0x0001b220                _exit
 .text.detection_delay_timeout_handler
                0x0001b224       0xa8 _build/app_button.o
 .text.gpiote_event_handler
                0x0001b2cc       0x5c _build/app_button.o
 .text.app_button_init
                0x0001b328       0xb4 _build/app_button.o
                0x0001b328                app_button_init
 .text.app_button_enable
                0x0001b3dc       0x30 _build/app_button.o
                0x0001b3dc                app_button_enable
 .text.app_error_handler_bare
                0x0001b40c       0x20 _build/app_error.o
                0x0001b40c                app_error_handler_bare
 .text.app_error_fault_handler
                0x0001b42c       0x1c _build/app_error_weak.o
                0x0001b42c                app_error_fault_handler
 .text.app_fifo_init
                0x0001b448       0x28 _build/app_fifo.o
                0x0001b448                app_fifo_init
 .text.app_fifo_put
                0x0001b470       0x28 _build/app_fifo.o
                0x0001b470                app_fifo_put
 .text.app_fifo_get
                0x0001b498       0x24 _build/app_fifo.o
                0x0001b498                app_fifo_get
 .text.rtc1_stop
                0x0001b4bc       0x78 _build/app_timer.o
 .text.RTC1_IRQHandler
                0x0001b534       0xdc _build/app_timer.o
                0x0001b534                RTC1_IRQHandler
 .text.SWI0_IRQHandler
                0x0001b610      0x448 _build/app_timer.o
                0x0001b610                SWI0_IRQHandler
 .text.app_timer_init
                0x0001ba58       0xe4 _build/app_timer.o
                0x0001ba58                app_timer_init
 .text.app_timer_create
                0x0001bb3c       0x34 _build/app_timer.o
                0x0001bb3c                app_timer_create
 .text.app_timer_start
                0x0001bb70       0xf8 _build/app_timer.o
                0x0001bb70                app_timer_start
 .text.app_timer_stop
                0x0001bc68       0xc8 _build/app_timer.o
                0x0001bc68                app_timer_stop
 .text.app_util_critical_region_enter
                0x0001bd30       0x40 _build/app_util_platform.o
                0x0001bd30                app_util_critical_region_enter
 .text.app_util_critical_region_exit
                0x0001bd70       0x2c _build/app_util_platform.o
                0x0001bd70                app_util_critical_region_exit
 .text.write_space_reserve
                0x0001bd9c       0x58 _build/fds.o
 .text.record_find_by_desc
                0x0001bdf4       0xec _build/fds.o
 .text.queue_process
                0x0001bee0      0x8c0 _build/fds.o
 .text.fs_event_handler
                0x0001c7a0        0xc _build/fds.o
 .text.fds_register
                0x0001c7ac       0x24 _build/fds.o
                0x0001c7ac                fds_register
 .text.fds_init
                0x0001c7d0      0x2c4 _build/fds.o
                0x0001c7d0                fds_init
 .text.fds_record_open
                0x0001ca94       0x4c _build/fds.o
                0x0001ca94                fds_record_open
 .text.fds_record_close
                0x0001cae0       0x48 _build/fds.o
                0x0001cae0                fds_record_close
 .text.fds_reserve
                0x0001cb28       0x70 _build/fds.o
                0x0001cb28                fds_reserve
 .text.fds_reserve_cancel
                0x0001cb98       0x48 _build/fds.o
                0x0001cb98                fds_reserve_cancel
 .text.fds_record_write
                0x0001cbe0      0x234 _build/fds.o
                0x0001cbe0                fds_record_write
 .text.fds_record_write_reserved
                0x0001ce14      0x1c0 _build/fds.o
                0x0001ce14                fds_record_write_reserved
 .text.fds_record_update
                0x0001cfd4      0x1f0 _build/fds.o
                0x0001cfd4                fds_record_update
 .text.fds_record_delete
                0x0001d1c4       0x68 _build/fds.o
                0x0001d1c4                fds_record_delete
 .text.fds_file_delete
                0x0001d22c       0x6c _build/fds.o
                0x0001d22c                fds_file_delete
 .text.fds_gc   0x0001d298       0x68 _build/fds.o
                0x0001d298                fds_gc
 .text.fds_record_find
                0x0001d300       0xf0 _build/fds.o
                0x0001d300                fds_record_find
 .text.fds_record_find_by_key
                0x0001d3f0       0xe4 _build/fds.o
                0x0001d3f0                fds_record_find_by_key
 .text.fds_record_find_in_file
                0x0001d4d4       0xe4 _build/fds.o
                0x0001d4d4                fds_record_find_in_file
 .text.fds_descriptor_from_rec_id
                0x0001d5b8       0x1c _build/fds.o
                0x0001d5b8                fds_descriptor_from_rec_id
 .text.fds_record_id_from_desc
                0x0001d5d4       0x14 _build/fds.o
                0x0001d5d4                fds_record_id_from_desc
 .text.sd_flash_write
                0x0001d5e8        0x4 _build/fstorage.o
 .text.sd_flash_page_erase
                0x0001d5ec        0x4 _build/fstorage.o
 .text.unlikely.queue_get_next_free
                0x0001d5f0       0x3c _build/fstorage.o
 .text.unlikely.queue_start
                0x0001d62c       0xc8 _build/fstorage.o
 .text.fs_init  0x0001d6f4       0xa4 _build/fstorage.o
                0x0001d6f4                fs_init
 .text.fs_store
                0x0001d798       0x90 _build/fstorage.o
                0x0001d798                fs_store
 .text.fs_erase
                0x0001d828       0x88 _build/fstorage.o
                0x0001d828                fs_erase
 .text.fs_queued_op_count_get
                0x0001d8b0       0x18 _build/fstorage.o
                0x0001d8b0                fs_queued_op_count_get
 .text.fs_sys_event_handler
                0x0001d8c8      0x294 _build/fstorage.o
                0x0001d8c8                fs_sys_event_handler
 .text.uart_error_cb
                0x0001db5c       0x18 _build/nrf_log.o
                0x0001db5c                uart_error_cb
 .text.log_uart_init
                0x0001db74       0x50 _build/nrf_log.o
                0x0001db74                log_uart_init
 .text.log_uart_printf
                0x0001dbc4       0x18 _build/nrf_log.o
                0x0001dbc4                log_uart_printf
 .text.log_uart_write_string_many
                0x0001dbdc       0x3c _build/nrf_log.o
                0x0001dbdc                log_uart_write_string_many
 .text._write   0x0001dc18       0x1c _build/retarget.o
                0x0001dc18                _write
 .text._read    0x0001dc34       0x14 _build/retarget.o
                0x0001dc34                _read
 .text.sdk_mapped_flags_first_key_index_get
                0x0001dc48       0x58 _build/sdk_mapped_flags.o
                0x0001dc48                sdk_mapped_flags_first_key_index_get
 .text.sdk_mapped_flags_update_by_key
                0x0001dca0       0x7c _build/sdk_mapped_flags.o
                0x0001dca0                sdk_mapped_flags_update_by_key
 .text.sdk_mapped_flags_bulk_update_by_key
                0x0001dd1c      0x230 _build/sdk_mapped_flags.o
                0x0001dd1c                sdk_mapped_flags_bulk_update_by_key
 .text.sdk_mapped_flags_get_by_key
                0x0001df4c       0x64 _build/sdk_mapped_flags.o
                0x0001df4c                sdk_mapped_flags_get_by_key
 .text.sdk_mapped_flags_key_list_get
                0x0001dfb0       0x78 _build/sdk_mapped_flags.o
                0x0001dfb0                sdk_mapped_flags_key_list_get
 .text.uart_event_handler
                0x0001e028       0xc8 _build/app_uart_fifo.o
 .text.app_uart_init
                0x0001e0f0       0xa4 _build/app_uart_fifo.o
                0x0001e0f0                app_uart_init
 .text.app_uart_get
                0x0001e194       0x34 _build/app_uart_fifo.o
                0x0001e194                app_uart_get
 .text.app_uart_put
                0x0001e1c8       0x40 _build/app_uart_fifo.o
                0x0001e1c8                app_uart_put
 .text.nrf_drv_adc_init
                0x0001e208       0x40 _build/nrf_drv_adc.o
                0x0001e208                nrf_drv_adc_init
 .text.nrf_drv_adc_channel_enable
                0x0001e248       0x24 _build/nrf_drv_adc.o
                0x0001e248                nrf_drv_adc_channel_enable
 .text.nrf_drv_adc_sample
                0x0001e26c        0xc _build/nrf_drv_adc.o
                0x0001e26c                nrf_drv_adc_sample
 .text.nrf_drv_adc_buffer_convert
                0x0001e278       0xd4 _build/nrf_drv_adc.o
                0x0001e278                nrf_drv_adc_buffer_convert
 .text.ADC_IRQHandler
                0x0001e34c       0xac _build/nrf_drv_adc.o
                0x0001e34c                ADC_IRQHandler
 .text.nrf_drv_common_irq_enable
                0x0001e3f8       0x80 _build/nrf_drv_common.o
                0x0001e3f8                nrf_drv_common_irq_enable
 .text.nrf_drv_gpiote_init
                0x0001e478       0x68 _build/nrf_drv_gpiote.o
                0x0001e478                nrf_drv_gpiote_init
 .text.nrf_drv_gpiote_is_init
                0x0001e4e0       0x14 _build/nrf_drv_gpiote.o
                0x0001e4e0                nrf_drv_gpiote_is_init
 .text.nrf_drv_gpiote_in_init
                0x0001e4f4      0x15c _build/nrf_drv_gpiote.o
                0x0001e4f4                nrf_drv_gpiote_in_init
 .text.nrf_drv_gpiote_in_event_enable
                0x0001e650       0xa8 _build/nrf_drv_gpiote.o
                0x0001e650                nrf_drv_gpiote_in_event_enable
 .text.nrf_drv_gpiote_in_is_set
                0x0001e6f8       0x14 _build/nrf_drv_gpiote.o
                0x0001e6f8                nrf_drv_gpiote_in_is_set
 .text.GPIOTE_IRQHandler
                0x0001e70c      0x2a8 _build/nrf_drv_gpiote.o
                0x0001e70c                GPIOTE_IRQHandler
 .text.nrf_drv_uart_init
                0x0001e9b4      0x120 _build/nrf_drv_uart.o
                0x0001e9b4                nrf_drv_uart_init
 .text.nrf_drv_uart_tx
                0x0001ead4       0xb4 _build/nrf_drv_uart.o
                0x0001ead4                nrf_drv_uart_tx
 .text.nrf_drv_uart_tx_in_progress
                0x0001eb88       0x10 _build/nrf_drv_uart.o
                0x0001eb88                nrf_drv_uart_tx_in_progress
 .text.nrf_drv_uart_rx
                0x0001eb98      0x130 _build/nrf_drv_uart.o
                0x0001eb98                nrf_drv_uart_rx
 .text.nrf_drv_uart_rx_enable
                0x0001ecc8       0x2c _build/nrf_drv_uart.o
                0x0001ecc8                nrf_drv_uart_rx_enable
 .text.UART0_IRQHandler
                0x0001ecf4      0x1a8 _build/nrf_drv_uart.o
                0x0001ecf4                UART0_IRQHandler
 .text.pstorage_access_status_get
                0x0001ee9c       0x28 _build/pstorage.o
                0x0001ee9c                pstorage_access_status_get
 .text.alert_timer_handler
                0x0001eec4       0x28 _build/bsp.o
 .text.bsp_button_event_handler
                0x0001eeec       0xcc _build/bsp.o
 .text.leds_timer_handler
                0x0001efb8      0x344 _build/bsp.o
 .text.button_timer_handler
                0x0001f2fc       0x48 _build/bsp.o
 .text.bsp_button_is_pressed
                0x0001f344       0x2c _build/bsp.o
                0x0001f344                bsp_button_is_pressed
 .text.bsp_indication_set
                0x0001f370      0x394 _build/bsp.o
                0x0001f370                bsp_indication_set
 .text.bsp_init
                0x0001f704       0xc0 _build/bsp.o
                0x0001f704                bsp_init
 .text.bsp_event_to_button_action_assign
                0x0001f7c4       0x58 _build/bsp.o
                0x0001f7c4                bsp_event_to_button_action_assign
 .text.bsp_wakeup_buttons_set
                0x0001f81c       0x8c _build/bsp.o
                0x0001f81c                bsp_wakeup_buttons_set
 .text.bsp_btn_ble_sleep_mode_prepare
                0x0001f8a8       0x18 _build/bsp_btn_ble.o
                0x0001f8a8                bsp_btn_ble_sleep_mode_prepare
 .text.bsp_btn_ble_on_ble_evt
                0x0001f8c0       0xbc _build/bsp_btn_ble.o
                0x0001f8c0                bsp_btn_ble_on_ble_evt
 .text.bsp_btn_ble_init
                0x0001f97c       0x9c _build/bsp_btn_ble.o
                0x0001f97c                bsp_btn_ble_init
 .text.sd_ble_gap_disconnect
                0x0001fa18        0x4 _build/main.o
 .text.sd_ble_gap_tx_power_set
                0x0001fa1c        0x4 _build/main.o
 .text.sd_ble_gap_appearance_set
                0x0001fa20        0x4 _build/main.o
 .text.sd_ble_gap_ppcp_set
                0x0001fa24        0x4 _build/main.o
 .text.sd_ble_gap_device_name_set
                0x0001fa28        0x4 _build/main.o
 .text.sd_ble_gatts_rw_authorize_reply
                0x0001fa2c        0x4 _build/main.o
 .text.sd_ble_user_mem_reply
                0x0001fa30        0x4 _build/main.o
 .text.sd_power_system_off
                0x0001fa34        0x4 _build/main.o
 .text.sd_app_evt_wait
                0x0001fa38        0x4 _build/main.o
 .text.service_error_handler
                0x0001fa3c        0x8 _build/main.o
 .text.conn_params_error_handler
                0x0001fa44        0x8 _build/main.o
 .text.battery_level_meas_timeout_handler
                0x0001fa4c        0x8 _build/main.o
 .text.sys_evt_dispatch
                0x0001fa54       0x10 _build/main.o
 .text.ble_evt_dispatch
                0x0001fa64      0x100 _build/main.o
 .text.db_disc_handler
                0x0001fb64       0x10 _build/main.o
 .text.my_fds_evt_handler
                0x0001fb74       0x18 _build/main.o
 .text.adc_event_handler
                0x0001fb8c       0xf0 _build/main.o
                0x0001fb8c                adc_event_handler
 .text.on_lls_evt
                0x0001fc7c       0x40 _build/main.o
 .text.bsp_event_handler
                0x0001fcbc       0xb4 _build/main.o
 .text.on_bas_evt
                0x0001fd70       0x34 _build/main.o
 .text.on_ias_c_evt
                0x0001fda4       0x38 _build/main.o
 .text.pm_evt_handler
                0x0001fddc       0x80 _build/main.o
 .text.on_ias_evt
                0x0001fe5c       0x40 _build/main.o
 .text.on_adv_evt
                0x0001fe9c       0x44 _build/main.o
 .text.startup.main
                0x0001fee0      0x554 _build/main.o
                0x0001fee0                main
 .text.sd_ble_gap_address_get
                0x00020434        0x4 _build/ble_advdata.o
 .text.sd_ble_gap_adv_data_set
                0x00020438        0x4 _build/ble_advdata.o
 .text.sd_ble_gap_appearance_get
                0x0002043c        0x4 _build/ble_advdata.o
 .text.sd_ble_gap_device_name_get
                0x00020440        0x4 _build/ble_advdata.o
 .text.sd_ble_uuid_encode
                0x00020444        0x4 _build/ble_advdata.o
 .text.name_encode
                0x00020448       0x8c _build/ble_advdata.o
 .text.uuid_list_sized_encode
                0x000204d4       0xe8 _build/ble_advdata.o
 .text.adv_data_encode
                0x000205bc      0x550 _build/ble_advdata.o
                0x000205bc                adv_data_encode
 .text.ble_advdata_set
                0x00020b0c      0x508 _build/ble_advdata.o
                0x00020b0c                ble_advdata_set
 .text.sd_ble_gap_adv_start
                0x00021014        0x4 _build/ble_advertising.o
 .text.ble_advertising_init
                0x00021018      0x148 _build/ble_advertising.o
                0x00021018                ble_advertising_init
 .text.ble_advertising_start
                0x00021160      0x374 _build/ble_advertising.o
                0x00021160                ble_advertising_start
 .text.ble_advertising_on_ble_evt
                0x000214d4       0xe4 _build/ble_advertising.o
                0x000214d4                ble_advertising_on_ble_evt
 .text.ble_advertising_on_sys_evt
                0x000215b8       0x3c _build/ble_advertising.o
                0x000215b8                ble_advertising_on_sys_evt
 .text.sd_ble_gatts_service_add
                0x000215f4        0x4 _build/ble_bas.o
 .text.sd_ble_gatts_characteristic_add
                0x000215f8        0x4 _build/ble_bas.o
 .text.sd_ble_gatts_descriptor_add
                0x000215fc        0x4 _build/ble_bas.o
 .text.sd_ble_gatts_value_set
                0x00021600        0x4 _build/ble_bas.o
 .text.sd_ble_gatts_hvx
                0x00021604        0x4 _build/ble_bas.o
 .text.ble_bas_on_ble_evt
                0x00021608       0x60 _build/ble_bas.o
                0x00021608                ble_bas_on_ble_evt
 .text.ble_bas_init
                0x00021668      0x1d8 _build/ble_bas.o
                0x00021668                ble_bas_init
 .text.ble_bas_battery_level_update
                0x00021840       0x84 _build/ble_bas.o
                0x00021840                ble_bas_battery_level_update
 .text.sd_ble_gap_conn_param_update
                0x000218c4        0x4 _build/ble_conn_params.o
 .text.sd_ble_gap_disconnect
                0x000218c8        0x4 _build/ble_conn_params.o
 .text.sd_ble_gap_ppcp_set
                0x000218cc        0x4 _build/ble_conn_params.o
 .text.sd_ble_gap_ppcp_get
                0x000218d0        0x4 _build/ble_conn_params.o
 .text.update_timeout_handler
                0x000218d4       0x78 _build/ble_conn_params.o
 .text.conn_params_negotiation
                0x0002194c       0x88 _build/ble_conn_params.o
 .text.ble_conn_params_init
                0x000219d4       0x78 _build/ble_conn_params.o
                0x000219d4                ble_conn_params_init
 .text.ble_conn_params_on_ble_evt
                0x00021a4c       0xa4 _build/ble_conn_params.o
                0x00021a4c                ble_conn_params_on_ble_evt
 .text.ble_conn_state_on_ble_evt
                0x00021af0      0x114 _build/ble_conn_state.o
                0x00021af0                ble_conn_state_on_ble_evt
 .text.ble_conn_state_role
                0x00021c04       0x30 _build/ble_conn_state.o
                0x00021c04                ble_conn_state_role
 .text.ble_conn_state_encrypted
                0x00021c34       0x14 _build/ble_conn_state.o
                0x00021c34                ble_conn_state_encrypted
 .text.ble_conn_state_mitm_protected
                0x00021c48       0x14 _build/ble_conn_state.o
                0x00021c48                ble_conn_state_mitm_protected
 .text.ble_conn_state_conn_handles
                0x00021c5c       0x18 _build/ble_conn_state.o
                0x00021c5c                ble_conn_state_conn_handles
 .text.ble_conn_state_user_flag_acquire
                0x00021c74       0x2c _build/ble_conn_state.o
                0x00021c74                ble_conn_state_user_flag_acquire
 .text.ble_conn_state_user_flag_get
                0x00021ca0       0x24 _build/ble_conn_state.o
                0x00021ca0                ble_conn_state_user_flag_get
 .text.ble_conn_state_user_flag_set
                0x00021cc4       0x24 _build/ble_conn_state.o
                0x00021cc4                ble_conn_state_user_flag_set
 .text.ble_conn_state_user_flag_collection
                0x00021ce8       0x1c _build/ble_conn_state.o
                0x00021ce8                ble_conn_state_user_flag_collection
 .text.sd_ble_gattc_primary_services_discover
                0x00021d04        0x4 _build/ble_db_discovery.o
 .text.sd_ble_gattc_characteristics_discover
                0x00021d08        0x4 _build/ble_db_discovery.o
 .text.sd_ble_gattc_descriptors_discover
                0x00021d0c        0x4 _build/ble_db_discovery.o
 .text.descriptors_discover
                0x00021d10       0xb8 _build/ble_db_discovery.o
 .text.on_srv_disc_completion
                0x00021dc8      0x14c _build/ble_db_discovery.o
 .text.ble_db_discovery_init
                0x00021f14       0x30 _build/ble_db_discovery.o
                0x00021f14                ble_db_discovery_init
 .text.ble_db_discovery_evt_register
                0x00021f44       0xd0 _build/ble_db_discovery.o
                0x00021f44                ble_db_discovery_evt_register
 .text.ble_db_discovery_start
                0x00022014       0x74 _build/ble_db_discovery.o
                0x00022014                ble_db_discovery_start
 .text.ble_db_discovery_on_ble_evt
                0x00022088      0x9f4 _build/ble_db_discovery.o
                0x00022088                ble_db_discovery_on_ble_evt
 .text.sd_ble_gatts_service_add
                0x00022a7c        0x4 _build/ble_ias.o
 .text.sd_ble_gatts_characteristic_add
                0x00022a80        0x4 _build/ble_ias.o
 .text.ble_ias_on_ble_evt
                0x00022a84       0x3c _build/ble_ias.o
                0x00022a84                ble_ias_on_ble_evt
 .text.ble_ias_init
                0x00022ac0       0xd8 _build/ble_ias.o
                0x00022ac0                ble_ias_init
 .text.sd_ble_gattc_write
                0x00022b98        0x4 _build/ble_ias_c.o
 .text.ble_ias_c_on_db_disc_evt
                0x00022b9c       0x98 _build/ble_ias_c.o
                0x00022b9c                ble_ias_c_on_db_disc_evt
 .text.ble_ias_c_init
                0x00022c34       0x40 _build/ble_ias_c.o
                0x00022c34                ble_ias_c_init
 .text.ble_ias_c_on_ble_evt
                0x00022c74       0x2c _build/ble_ias_c.o
                0x00022c74                ble_ias_c_on_ble_evt
 .text.ble_ias_c_send_alert_level
                0x00022ca0       0x44 _build/ble_ias_c.o
                0x00022ca0                ble_ias_c_send_alert_level
 .text.ble_ias_c_handles_assign
                0x00022ce4       0x10 _build/ble_ias_c.o
                0x00022ce4                ble_ias_c_handles_assign
 .text.sd_ble_gatts_service_add
                0x00022cf4        0x4 _build/ble_lls.o
 .text.sd_ble_gatts_characteristic_add
                0x00022cf8        0x4 _build/ble_lls.o
 .text.sd_ble_gatts_value_get
                0x00022cfc        0x4 _build/ble_lls.o
 .text.ble_lls_on_ble_evt
                0x00022d00       0x7c _build/ble_lls.o
                0x00022d00                ble_lls_on_ble_evt
 .text.ble_lls_init
                0x00022d7c       0xe0 _build/ble_lls.o
                0x00022d7c                ble_lls_init
 .text.ble_srv_report_ref_encode
                0x00022e5c        0xc _build/ble_srv_common.o
                0x00022e5c                ble_srv_report_ref_encode
 .text.sd_ble_gatts_service_add
                0x00022e68        0x4 _build/ble_tps.o
 .text.sd_ble_gatts_characteristic_add
                0x00022e6c        0x4 _build/ble_tps.o
 .text.ble_tps_on_ble_evt
                0x00022e70        0xc _build/ble_tps.o
                0x00022e70                ble_tps_on_ble_evt
 .text.ble_tps_init
                0x00022e7c       0xcc _build/ble_tps.o
                0x00022e7c                ble_tps_init
 .text.gccm_evt_handler
                0x00022f48        0x4 _build/gatt_cache_manager.o
 .text.local_db_update_in_evt
                0x00022f4c       0x80 _build/gatt_cache_manager.o
 .text.local_db_apply_in_evt.part.1
                0x00022fcc       0x78 _build/gatt_cache_manager.o
 .text.im_evt_handler
                0x00023044       0x38 _build/gatt_cache_manager.o
 .text.service_changed_pending_flags_check
                0x0002307c      0x118 _build/gatt_cache_manager.o
 .text.gscm_evt_handler
                0x00023194       0x78 _build/gatt_cache_manager.o
 .text.smd_evt_handler
                0x0002320c       0x94 _build/gatt_cache_manager.o
 .text.gcm_init
                0x000232a0       0x8c _build/gatt_cache_manager.o
                0x000232a0                gcm_init
 .text.gcm_ble_evt_handler
                0x0002332c      0x114 _build/gatt_cache_manager.o
                0x0002332c                gcm_ble_evt_handler
 .text.gcm_local_database_has_changed
                0x00023440       0x68 _build/gatt_cache_manager.o
                0x00023440                gcm_local_database_has_changed
 .text.pdb_evt_handler
                0x000234a8       0x20 _build/gattc_cache_manager.o
 .text.gccm_init
                0x000234c8       0x30 _build/gattc_cache_manager.o
                0x000234c8                gccm_init
 .text.sd_ble_gatts_service_changed
                0x000234f8        0x4 _build/gatts_cache_manager.o
 .text.sd_ble_gatts_sys_attr_set
                0x000234fc        0x4 _build/gatts_cache_manager.o
 .text.sd_ble_gatts_sys_attr_get
                0x00023500        0x4 _build/gatts_cache_manager.o
 .text.pdb_evt_handler
                0x00023504       0x80 _build/gatts_cache_manager.o
 .text.gscm_init
                0x00023584       0x38 _build/gatts_cache_manager.o
                0x00023584                gscm_init
 .text.gscm_local_db_cache_update
                0x000235bc       0xb0 _build/gatts_cache_manager.o
                0x000235bc                gscm_local_db_cache_update
 .text.gscm_local_db_cache_apply
                0x0002366c       0xa8 _build/gatts_cache_manager.o
                0x0002366c                gscm_local_db_cache_apply
 .text.gscm_local_database_has_changed
                0x00023714       0x54 _build/gatts_cache_manager.o
                0x00023714                gscm_local_database_has_changed
 .text.gscm_service_changed_ind_needed
                0x00023768       0x1c _build/gatts_cache_manager.o
                0x00023768                gscm_service_changed_ind_needed
 .text.gscm_service_changed_ind_send
                0x00023784       0x30 _build/gatts_cache_manager.o
                0x00023784                gscm_service_changed_ind_send
 .text.gscm_db_change_notification_done
                0x000237b4       0x2c _build/gatts_cache_manager.o
                0x000237b4                gscm_db_change_notification_done
 .text.sd_ecb_block_encrypt
                0x000237e0        0x4 _build/id_manager.o
 .text.pdb_evt_handler
                0x000237e4      0x1e0 _build/id_manager.o
 .text.im_ble_evt_handler
                0x000239c4      0x348 _build/id_manager.o
                0x000239c4                im_ble_evt_handler
 .text.im_register
                0x00023d0c       0x80 _build/id_manager.o
                0x00023d0c                im_register
 .text.im_peer_id_get_by_conn_handle
                0x00023d8c       0x88 _build/id_manager.o
                0x00023d8c                im_peer_id_get_by_conn_handle
 .text.im_ble_addr_get
                0x00023e14       0x9c _build/id_manager.o
                0x00023e14                im_ble_addr_get
 .text.im_master_ids_compare
                0x00023eb0       0x58 _build/id_manager.o
                0x00023eb0                im_master_ids_compare
 .text.im_peer_id_get_by_master_id
                0x00023f08       0xfc _build/id_manager.o
                0x00023f08                im_peer_id_get_by_master_id
 .text.im_conn_handle_get
                0x00024004       0x70 _build/id_manager.o
                0x00024004                im_conn_handle_get
 .text.im_master_id_is_valid
                0x00024074       0x40 _build/id_manager.o
                0x00024074                im_master_id_is_valid
 .text.im_new_peer_id
                0x000240b4       0x80 _build/id_manager.o
                0x000240b4                im_new_peer_id
 .text.im_peer_free
                0x00024134      0x110 _build/id_manager.o
                0x00024134                im_peer_free
 .text.peer_data_parts_get
                0x00024244       0x20 _build/peer_data.o
                0x00024244                peer_data_parts_get
 .text.peer_data_deserialize
                0x00024264       0x34 _build/peer_data.o
                0x00024264                peer_data_deserialize
 .text.peer_data_clear
                0x00024298       0x9c _build/peer_data_storage.o
 .text.fds_evt_handler
                0x00024334      0x104 _build/peer_data_storage.o
 .text.pds_register
                0x00024438       0x5c _build/peer_data_storage.o
                0x00024438                pds_register
 .text.pds_peer_data_read_ptr_get
                0x00024494       0x9c _build/peer_data_storage.o
                0x00024494                pds_peer_data_read_ptr_get
 .text.pds_peer_data_read
                0x00024530       0x60 _build/peer_data_storage.o
                0x00024530                pds_peer_data_read
 .text.pds_peer_data_write_prepare
                0x00024590       0x54 _build/peer_data_storage.o
                0x00024590                pds_peer_data_write_prepare
 .text.pds_peer_data_write_prepare_cancel
                0x000245e4       0x38 _build/peer_data_storage.o
                0x000245e4                pds_peer_data_write_prepare_cancel
 .text.pds_peer_data_write_prepared
                0x0002461c       0xa4 _build/peer_data_storage.o
                0x0002461c                pds_peer_data_write_prepared
 .text.pds_peer_data_write
                0x000246c0       0xa0 _build/peer_data_storage.o
                0x000246c0                pds_peer_data_write
 .text.pds_peer_data_update
                0x00024760       0xb8 _build/peer_data_storage.o
                0x00024760                pds_peer_data_update
 .text.pds_peer_id_allocate
                0x00024818       0x6c _build/peer_data_storage.o
                0x00024818                pds_peer_id_allocate
 .text.pds_peer_id_free
                0x00024884       0x78 _build/peer_data_storage.o
                0x00024884                pds_peer_id_free
 .text.pds_peer_id_is_allocated
                0x000248fc       0x68 _build/peer_data_storage.o
                0x000248fc                pds_peer_id_is_allocated
 .text.pds_next_peer_id_get
                0x00024964       0x6c _build/peer_data_storage.o
                0x00024964                pds_next_peer_id_get
 .text.pds_evt_handler
                0x000249d0      0x8b0 _build/peer_database.o
 .text.pdb_register
                0x00025280      0x19c _build/peer_database.o
                0x00025280                pdb_register
 .text.pdb_peer_allocate
                0x0002541c       0x1c _build/peer_database.o
                0x0002541c                pdb_peer_allocate
 .text.pdb_peer_free
                0x00025438      0x484 _build/peer_database.o
                0x00025438                pdb_peer_free
 .text.pdb_read_buf_get
                0x000258bc       0x1c _build/peer_database.o
                0x000258bc                pdb_read_buf_get
 .text.pdb_write_buf_get
                0x000258d8      0x558 _build/peer_database.o
                0x000258d8                pdb_write_buf_get
 .text.pdb_write_buf_release
                0x00025e30      0x2d8 _build/peer_database.o
                0x00025e30                pdb_write_buf_release
 .text.pdb_write_buf_store_prepare
                0x00026108      0x2e0 _build/peer_database.o
                0x00026108                pdb_write_buf_store_prepare
 .text.pdb_write_buf_store
                0x000263e8      0x3b4 _build/peer_database.o
                0x000263e8                pdb_write_buf_store
 .text.pdb_next_peer_id_get
                0x0002679c       0x1c _build/peer_database.o
                0x0002679c                pdb_next_peer_id_get
 .text.pdb_raw_read
                0x000267b8       0x20 _build/peer_database.o
                0x000267b8                pdb_raw_read
 .text.pdb_raw_store
                0x000267d8       0x58 _build/peer_database.o
                0x000267d8                pdb_raw_store
 .text.peer_id_init
                0x00026830       0x2c _build/peer_id.o
                0x00026830                peer_id_init
 .text.peer_id_allocate
                0x0002685c       0x40 _build/peer_id.o
                0x0002685c                peer_id_allocate
 .text.peer_id_delete
                0x0002689c       0x2c _build/peer_id.o
                0x0002689c                peer_id_delete
 .text.peer_id_free
                0x000268c8       0x24 _build/peer_id.o
                0x000268c8                peer_id_free
 .text.peer_id_is_allocated
                0x000268ec       0x18 _build/peer_id.o
                0x000268ec                peer_id_is_allocated
 .text.peer_id_get_next_used
                0x00026904       0x40 _build/peer_id.o
                0x00026904                peer_id_get_next_used
 .text.peer_id_get_next_deleted
                0x00026944       0x44 _build/peer_id.o
                0x00026944                peer_id_get_next_deleted
 .text.gcm_evt_handler
                0x00026988       0x98 _build/peer_manager.o
 .text.sm_evt_handler
                0x00026a20      0x16c _build/peer_manager.o
 .text.pdb_evt_handler
                0x00026b8c      0x1d0 _build/peer_manager.o
 .text.im_evt_handler
                0x00026d5c       0x68 _build/peer_manager.o
 .text.pm_on_ble_evt
                0x00026dc4       0x24 _build/peer_manager.o
                0x00026dc4                pm_on_ble_evt
 .text.pm_init  0x00026de8       0x88 _build/peer_manager.o
                0x00026de8                pm_init
 .text.pm_register
                0x00026e70       0x28 _build/peer_manager.o
                0x00026e70                pm_register
 .text.pm_sec_params_set
                0x00026e98       0x24 _build/peer_manager.o
                0x00026e98                pm_sec_params_set
 .text.pm_conn_secure
                0x00026ebc       0x1c _build/peer_manager.o
                0x00026ebc                pm_conn_secure
 .text.pm_conn_sec_config_reply
                0x00026ed8        0x8 _build/peer_manager.o
                0x00026ed8                pm_conn_sec_config_reply
 .text.pm_local_database_has_changed
                0x00026ee0       0x14 _build/peer_manager.o
                0x00026ee0                pm_local_database_has_changed
 .text.pm_peers_delete
                0x00026ef4       0x5c _build/peer_manager.o
                0x00026ef4                pm_peers_delete
 .text.pm_peer_rank_highest
                0x00026f50      0x15c _build/peer_manager.o
                0x00026f50                pm_peer_rank_highest
 .text.pm_buffer_init
                0x000270ac       0x50 _build/pm_buffer.o
                0x000270ac                pm_buffer_init
 .text.pm_buffer_block_acquire
                0x000270fc       0x98 _build/pm_buffer.o
                0x000270fc                pm_buffer_block_acquire
 .text.pm_buffer_ptr_get
                0x00027194       0x34 _build/pm_buffer.o
                0x00027194                pm_buffer_ptr_get
 .text.pm_buffer_release
                0x000271c8       0x30 _build/pm_buffer.o
                0x000271c8                pm_buffer_release
 .text.pm_mutex_init
                0x000271f8       0x14 _build/pm_mutex.o
                0x000271f8                pm_mutex_init
 .text.pm_mutex_lock
                0x0002720c       0x4c _build/pm_mutex.o
                0x0002720c                pm_mutex_lock
 .text.pm_mutex_unlock
                0x00027258       0x3c _build/pm_mutex.o
                0x00027258                pm_mutex_unlock
 .text.pm_mutex_lock_first_available
                0x00027294       0x84 _build/pm_mutex.o
                0x00027294                pm_mutex_lock_first_available
 .text.pm_mutex_lock_status_get
                0x00027318       0x20 _build/pm_mutex.o
                0x00027318                pm_mutex_lock_status_get
 .text.sd_ble_gap_authenticate
                0x00027338        0x4 _build/security_dispatcher.o
 .text.sd_ble_gap_sec_params_reply
                0x0002733c        0x4 _build/security_dispatcher.o
 .text.sd_ble_gap_encrypt
                0x00027340        0x4 _build/security_dispatcher.o
 .text.sd_ble_gap_sec_info_reply
                0x00027344        0x4 _build/security_dispatcher.o
 .text.pairing_failure
                0x00027348       0x8c _build/security_dispatcher.o
 .text.pdb_evt_handler
                0x000273d4       0x4c _build/security_dispatcher.o
 .text.smd_register
                0x00027420       0x70 _build/security_dispatcher.o
                0x00027420                smd_register
 .text.smd_params_reply
                0x00027490      0x200 _build/security_dispatcher.o
                0x00027490                smd_params_reply
 .text.smd_link_secure
                0x00027690      0x290 _build/security_dispatcher.o
                0x00027690                smd_link_secure
 .text.smd_ble_evt_handler
                0x00027920      0x428 _build/security_dispatcher.o
                0x00027920                smd_ble_evt_handler
 .text.link_secure.part.1
                0x00027d48      0x170 _build/security_manager.o
 .text.smd_params_reply_perform
                0x00027eb8      0x154 _build/security_manager.o
 .text.smd_evt_handler
                0x0002800c       0x84 _build/security_manager.o
 .text.pdb_evt_handler
                0x00028090      0x184 _build/security_manager.o
 .text.sm_register
                0x00028214       0xc0 _build/security_manager.o
                0x00028214                sm_register
 .text.sm_ble_evt_handler
                0x000282d4       0x88 _build/security_manager.o
                0x000282d4                sm_ble_evt_handler
 .text.sm_sec_params_set
                0x0002835c       0x88 _build/security_manager.o
                0x0002835c                sm_sec_params_set
 .text.sm_conn_sec_config_reply
                0x000283e4       0x18 _build/security_manager.o
                0x000283e4                sm_conn_sec_config_reply
 .text.sm_link_secure
                0x000283fc       0xc0 _build/security_manager.o
                0x000283fc                sm_link_secure
 .text.SystemInit
                0x000284bc       0xec _build/system_nrf51.o
                0x000284bc                SystemInit
 .text.sd_evt_get
                0x000285a8        0x4 _build/softdevice_handler.o
 .text.sd_softdevice_enable
                0x000285ac        0x4 _build/softdevice_handler.o
 .text.sd_ble_enable
                0x000285b0        0x4 _build/softdevice_handler.o
 .text.sd_ble_evt_get
                0x000285b4        0x4 _build/softdevice_handler.o
 .text.softdevice_fault_handler
                0x000285b8        0x8 _build/softdevice_handler.o
                0x000285b8                softdevice_fault_handler
 .text.intern_softdevice_events_execute.part.0
                0x000285c0       0xd8 _build/softdevice_handler.o
 .text.softdevice_handler_init
                0x00028698       0x7c _build/softdevice_handler.o
                0x00028698                softdevice_handler_init
 .text.softdevice_ble_evt_handler_set
                0x00028714       0x14 _build/softdevice_handler.o
                0x00028714                softdevice_ble_evt_handler_set
 .text.softdevice_sys_evt_handler_set
                0x00028728       0x14 _build/softdevice_handler.o
                0x00028728                softdevice_sys_evt_handler_set
 .text.SWI2_IRQHandler
                0x0002873c       0x30 _build/softdevice_handler.o
                0x0002873c                SWI2_IRQHandler
 .text.softdevice_enable_get_default_config
                0x0002876c       0x30 _build/softdevice_handler.o
                0x0002876c                softdevice_enable_get_default_config
 .text.sd_check_ram_start
                0x0002879c       0x14 _build/softdevice_handler.o
                0x0002879c                sd_check_ram_start
 .text.softdevice_enable
                0x000287b0       0x1c _build/softdevice_handler.o
                0x000287b0                softdevice_enable
 .text          0x000287cc       0x4c _build/gcc_startup_nrf51.o
                0x000287cc                Reset_Handler
                0x0002880c                NMI_Handler
                0x0002880e                HardFault_Handler
                0x00028810                SVC_Handler
                0x00028812                PendSV_Handler
                0x00028814                SysTick_Handler
                0x00028816                RTC0_IRQHandler
                0x00028816                POWER_CLOCK_IRQHandler
                0x00028816                SPI0_TWI0_IRQHandler
                0x00028816                LPCOMP_IRQHandler
                0x00028816                SWI4_IRQHandler
                0x00028816                TEMP_IRQHandler
                0x00028816                QDEC_IRQHandler
                0x00028816                SWI5_IRQHandler
                0x00028816                TIMER0_IRQHandler
                0x00028816                RADIO_IRQHandler
                0x00028816                TIMER1_IRQHandler
                0x00028816                ECB_IRQHandler
                0x00028816                Default_Handler
                0x00028816                SWI3_IRQHandler
                0x00028816                CCM_AAR_IRQHandler
                0x00028816                WDT_IRQHandler
                0x00028816                TIMER2_IRQHandler
                0x00028816                RNG_IRQHandler
                0x00028816                SPI1_TWI1_IRQHandler
                0x00028816                SWI1_IRQHandler
 .text          0x00028818      0x120 c:/program files (x86)/gnu tools arm embedded/4.9 2015q3/bin/../lib/gcc/arm-none-eabi/4.9.3/armv6-m\libgcc.a(_udivsi3.o)
                0x00028818                __aeabi_uidiv
                0x00028818                __udivsi3
                0x00028924                __aeabi_uidivmod
 .text          0x00028938      0x1e0 c:/program files (x86)/gnu tools arm embedded/4.9 2015q3/bin/../lib/gcc/arm-none-eabi/4.9.3/armv6-m\libgcc.a(_divsi3.o)
                0x00028938                __divsi3
                0x00028938                __aeabi_idiv
                0x00028b04                __aeabi_idivmod
 .text          0x00028b18        0x4 c:/program files (x86)/gnu tools arm embedded/4.9 2015q3/bin/../lib/gcc/arm-none-eabi/4.9.3/armv6-m\libgcc.a(_dvmd_tls.o)
                0x00028b18                __aeabi_idiv0
                0x00028b18                __aeabi_ldiv0
 .text.memcmp   0x00028b1c       0x1e c:/program files (x86)/gnu tools arm embedded/4.9 2015q3/bin/../lib/gcc/arm-none-eabi/4.9.3/../../../../arm-none-eabi/lib/armv6-m\libc_nano.a(lib_a-memcmp.o)
                0x00028b1c                memcmp
 .text.memcpy   0x00028b3a       0x12 c:/program files (x86)/gnu tools arm embedded/4.9 2015q3/bin/../lib/gcc/arm-none-eabi/4.9.3/../../../../arm-none-eabi/lib/armv6-m\libc_nano.a(lib_a-memcpy.o)
                0x00028b3a                memcpy
 .text.strlen   0x00028b4c        0xe c:/program files (x86)/gnu tools arm embedded/4.9 2015q3/bin/../lib/gcc/arm-none-eabi/4.9.3/../../../../arm-none-eabi/lib/armv6-m\libc_nano.a(lib_a-strlen.o)
                0x00028b4c                strlen
 *fill*         0x00028b5a        0x2 
 .text.vprintf  0x00028b5c       0x2c c:/program files (x86)/gnu tools arm embedded/4.9 2015q3/bin/../lib/gcc/arm-none-eabi/4.9.3/../../../../arm-none-eabi/lib/armv6-m\libc_nano.a(lib_a-vprintf.o)
                0x00028b5c                viprintf
                0x00028b5c                vprintf
 .text._cleanup_r
                0x00028b88       0x10 c:/program files (x86)/gnu tools arm embedded/4.9 2015q3/bin/../lib/gcc/arm-none-eabi/4.9.3/../../../../arm-none-eabi/lib/armv6-m\libc_nano.a(lib_a-findfp.o)
                0x00028b88                _cleanup_r
 .text.std.isra.0
                0x00028b98       0x48 c:/program files (x86)/gnu tools arm embedded/4.9 2015q3/bin/../lib/gcc/arm-none-eabi/4.9.3/../../../../arm-none-eabi/lib/armv6-m\libc_nano.a(lib_a-findfp.o)
 .text.__sfmoreglue
                0x00028be0       0x2c c:/program files (x86)/gnu tools arm embedded/4.9 2015q3/bin/../lib/gcc/arm-none-eabi/4.9.3/../../../../arm-none-eabi/lib/armv6-m\libc_nano.a(lib_a-findfp.o)
                0x00028be0                __sfmoreglue
 .text.__sinit  0x00028c0c       0x64 c:/program files (x86)/gnu tools arm embedded/4.9 2015q3/bin/../lib/gcc/arm-none-eabi/4.9.3/../../../../arm-none-eabi/lib/armv6-m\libc_nano.a(lib_a-findfp.o)
                0x00028c0c                __sinit
 .text.__sfp    0x00028c70       0x7c c:/program files (x86)/gnu tools arm embedded/4.9 2015q3/bin/../lib/gcc/arm-none-eabi/4.9.3/../../../../arm-none-eabi/lib/armv6-m\libc_nano.a(lib_a-findfp.o)
                0x00028c70                __sfp
 .text._fwalk_reent
                0x00028cec       0x42 c:/program files (x86)/gnu tools arm embedded/4.9 2015q3/bin/../lib/gcc/arm-none-eabi/4.9.3/../../../../arm-none-eabi/lib/armv6-m\libc_nano.a(lib_a-fwalk.o)
                0x00028cec                _fwalk_reent
 *fill*         0x00028d2e        0x2 
 .text._malloc_r
                0x00028d30       0xb0 c:/program files (x86)/gnu tools arm embedded/4.9 2015q3/bin/../lib/gcc/arm-none-eabi/4.9.3/../../../../arm-none-eabi/lib/armv6-m\libc_nano.a(lib_a-nano-mallocr.o)
                0x00028d30                _malloc_r
 .text.__sfputc_r
                0x00028de0       0x2a c:/program files (x86)/gnu tools arm embedded/4.9 2015q3/bin/../lib/gcc/arm-none-eabi/4.9.3/../../../../arm-none-eabi/lib/armv6-m\libc_nano.a(lib_a-nano-vfprintf.o)
 .text.__sfputs_r
                0x00028e0a       0x24 c:/program files (x86)/gnu tools arm embedded/4.9 2015q3/bin/../lib/gcc/arm-none-eabi/4.9.3/../../../../arm-none-eabi/lib/armv6-m\libc_nano.a(lib_a-nano-vfprintf.o)
                0x00028e0a                __sfputs_r
 *fill*         0x00028e2e        0x2 
 .text._vfprintf_r
                0x00028e30      0x220 c:/program files (x86)/gnu tools arm embedded/4.9 2015q3/bin/../lib/gcc/arm-none-eabi/4.9.3/../../../../arm-none-eabi/lib/armv6-m\libc_nano.a(lib_a-nano-vfprintf.o)
                0x00028e30                _vfprintf_r
                0x00028e30                _vfiprintf_r
 .text._printf_common
                0x00029050       0xdc c:/program files (x86)/gnu tools arm embedded/4.9 2015q3/bin/../lib/gcc/arm-none-eabi/4.9.3/../../../../arm-none-eabi/lib/armv6-m\libc_nano.a(lib_a-nano-vfprintf_i.o)
                0x00029050                _printf_common
 .text._printf_i
                0x0002912c      0x230 c:/program files (x86)/gnu tools arm embedded/4.9 2015q3/bin/../lib/gcc/arm-none-eabi/4.9.3/../../../../arm-none-eabi/lib/armv6-m\libc_nano.a(lib_a-nano-vfprintf_i.o)
                0x0002912c                _printf_i
 .text._sbrk_r  0x0002935c       0x24 c:/program files (x86)/gnu tools arm embedded/4.9 2015q3/bin/../lib/gcc/arm-none-eabi/4.9.3/../../../../arm-none-eabi/lib/armv6-m\libc_nano.a(lib_a-sbrkr.o)
                0x0002935c                _sbrk_r
 .text.__sread  0x00029380       0x28 c:/program files (x86)/gnu tools arm embedded/4.9 2015q3/bin/../lib/gcc/arm-none-eabi/4.9.3/../../../../arm-none-eabi/lib/armv6-m\libc_nano.a(lib_a-stdio.o)
                0x00029380                __sread
 .text.__swrite
                0x000293a8       0x38 c:/program files (x86)/gnu tools arm embedded/4.9 2015q3/bin/../lib/gcc/arm-none-eabi/4.9.3/../../../../arm-none-eabi/lib/armv6-m\libc_nano.a(lib_a-stdio.o)
                0x000293a8                __swrite
 .text.__sseek  0x000293e0       0x2c c:/program files (x86)/gnu tools arm embedded/4.9 2015q3/bin/../lib/gcc/arm-none-eabi/4.9.3/../../../../arm-none-eabi/lib/armv6-m\libc_nano.a(lib_a-stdio.o)
                0x000293e0                __sseek
 .text.__sclose
                0x0002940c        0xc c:/program files (x86)/gnu tools arm embedded/4.9 2015q3/bin/../lib/gcc/arm-none-eabi/4.9.3/../../../../arm-none-eabi/lib/armv6-m\libc_nano.a(lib_a-stdio.o)
                0x0002940c                __sclose
 .text.__swbuf_r
                0x00029418       0xb0 c:/program files (x86)/gnu tools arm embedded/4.9 2015q3/bin/../lib/gcc/arm-none-eabi/4.9.3/../../../../arm-none-eabi/lib/armv6-m\libc_nano.a(lib_a-wbuf.o)
                0x00029418                __swbuf_r
 .text._write_r
                0x000294c8       0x28 c:/program files (x86)/gnu tools arm embedded/4.9 2015q3/bin/../lib/gcc/arm-none-eabi/4.9.3/../../../../arm-none-eabi/lib/armv6-m\libc_nano.a(lib_a-writer.o)
                0x000294c8                _write_r
 .text.__swsetup_r
                0x000294f0       0xe8 c:/program files (x86)/gnu tools arm embedded/4.9 2015q3/bin/../lib/gcc/arm-none-eabi/4.9.3/../../../../arm-none-eabi/lib/armv6-m\libc_nano.a(lib_a-wsetup.o)
                0x000294f0                __swsetup_r
 .text._close_r
                0x000295d8       0x24 c:/program files (x86)/gnu tools arm embedded/4.9 2015q3/bin/../lib/gcc/arm-none-eabi/4.9.3/../../../../arm-none-eabi/lib/armv6-m\libc_nano.a(lib_a-closer.o)
                0x000295d8                _close_r
 .text.__sflush_r
                0x000295fc      0x112 c:/program files (x86)/gnu tools arm embedded/4.9 2015q3/bin/../lib/gcc/arm-none-eabi/4.9.3/../../../../arm-none-eabi/lib/armv6-m\libc_nano.a(lib_a-fflush.o)
                0x000295fc                __sflush_r
 *fill*         0x0002970e        0x2 
 .text._fflush_r
                0x00029710       0x58 c:/program files (x86)/gnu tools arm embedded/4.9 2015q3/bin/../lib/gcc/arm-none-eabi/4.9.3/../../../../arm-none-eabi/lib/armv6-m\libc_nano.a(lib_a-fflush.o)
                0x00029710                _fflush_r
 .text._lseek_r
                0x00029768       0x28 c:/program files (x86)/gnu tools arm embedded/4.9 2015q3/bin/../lib/gcc/arm-none-eabi/4.9.3/../../../../arm-none-eabi/lib/armv6-m\libc_nano.a(lib_a-lseekr.o)
                0x00029768                _lseek_r
 .text.__smakebuf_r
                0x00029790       0xb0 c:/program files (x86)/gnu tools arm embedded/4.9 2015q3/bin/../lib/gcc/arm-none-eabi/4.9.3/../../../../arm-none-eabi/lib/armv6-m\libc_nano.a(lib_a-makebuf.o)
                0x00029790                __smakebuf_r
 .text.memchr   0x00029840       0x16 c:/program files (x86)/gnu tools arm embedded/4.9 2015q3/bin/../lib/gcc/arm-none-eabi/4.9.3/../../../../arm-none-eabi/lib/armv6-m\libc_nano.a(lib_a-memchr.o)
                0x00029840                memchr
 *fill*         0x00029856        0x2 
 .text._free_r  0x00029858       0x8c c:/program files (x86)/gnu tools arm embedded/4.9 2015q3/bin/../lib/gcc/arm-none-eabi/4.9.3/../../../../arm-none-eabi/lib/armv6-m\libc_nano.a(lib_a-nano-freer.o)
                0x00029858                _free_r
 .text._read_r  0x000298e4       0x28 c:/program files (x86)/gnu tools arm embedded/4.9 2015q3/bin/../lib/gcc/arm-none-eabi/4.9.3/../../../../arm-none-eabi/lib/armv6-m\libc_nano.a(lib_a-readr.o)
                0x000298e4                _read_r
 .text._fstat_r
                0x0002990c       0x24 c:/program files (x86)/gnu tools arm embedded/4.9 2015q3/bin/../lib/gcc/arm-none-eabi/4.9.3/../../../../arm-none-eabi/lib/armv6-m\libc_nano.a(lib_a-fstatr.o)
                0x0002990c                _fstat_r
 .text._isatty_r
                0x00029930       0x24 c:/program files (x86)/gnu tools arm embedded/4.9 2015q3/bin/../lib/gcc/arm-none-eabi/4.9.3/../../../../arm-none-eabi/lib/armv6-m\libc_nano.a(lib_a-isattyr.o)
                0x00029930                _isatty_r
 .text._close   0x00029954       0x10 c:/program files (x86)/gnu tools arm embedded/4.9 2015q3/bin/../lib/gcc/arm-none-eabi/4.9.3/../../../../arm-none-eabi/lib/armv6-m\libnosys.a(close.o)
                0x00029954                _close
 .text._fstat   0x00029964       0x10 c:/program files (x86)/gnu tools arm embedded/4.9 2015q3/bin/../lib/gcc/arm-none-eabi/4.9.3/../../../../arm-none-eabi/lib/armv6-m\libnosys.a(fstat.o)
                0x00029964                _fstat
 .text._isatty  0x00029974       0x10 c:/program files (x86)/gnu tools arm embedded/4.9 2015q3/bin/../lib/gcc/arm-none-eabi/4.9.3/../../../../arm-none-eabi/lib/armv6-m\libnosys.a(isatty.o)
                0x00029974                _isatty
 .text._lseek   0x00029984       0x10 c:/program files (x86)/gnu tools arm embedded/4.9 2015q3/bin/../lib/gcc/arm-none-eabi/4.9.3/../../../../arm-none-eabi/lib/armv6-m\libnosys.a(lseek.o)
                0x00029984                _lseek
 .text._sbrk    0x00029994       0x1c c:/program files (x86)/gnu tools arm embedded/4.9 2015q3/bin/../lib/gcc/arm-none-eabi/4.9.3/../../../../arm-none-eabi/lib/armv6-m\libnosys.a(sbrk.o)
                0x00029994                _sbrk
 *(.init)
 .init          0x000299b0        0x4 c:/program files (x86)/gnu tools arm embedded/4.9 2015q3/bin/../lib/gcc/arm-none-eabi/4.9.3/armv6-m/crti.o
                0x000299b0                _init
 .init          0x000299b4        0x8 c:/program files (x86)/gnu tools arm embedded/4.9 2015q3/bin/../lib/gcc/arm-none-eabi/4.9.3/armv6-m/crtn.o
 *(.fini)
 .fini          0x000299bc        0x4 c:/program files (x86)/gnu tools arm embedded/4.9 2015q3/bin/../lib/gcc/arm-none-eabi/4.9.3/armv6-m/crti.o
                0x000299bc                _fini
 .fini          0x000299c0        0x8 c:/program files (x86)/gnu tools arm embedded/4.9 2015q3/bin/../lib/gcc/arm-none-eabi/4.9.3/armv6-m/crtn.o
 *crtbegin.o(.ctors)
 *crtbegin?.o(.ctors)
 *(EXCLUDE_FILE(*crtend.o *crtend?.o) .ctors)
 *(SORT(.ctors.*))
 *(.ctors)
 *crtbegin.o(.dtors)
 *crtbegin?.o(.dtors)
 *(EXCLUDE_FILE(*crtend.o *crtend?.o) .dtors)
 *(SORT(.dtors.*))
 *(.dtors)
 *(.rodata*)
 .rodata.str1.1
                0x000299c8        0x2 c:/program files (x86)/gnu tools arm embedded/4.9 2015q3/bin/../lib/gcc/arm-none-eabi/4.9.3/../../../../arm-none-eabi/lib/armv6-m\libc_nano.a(lib_a-impure.o)
 *fill*         0x000299ca        0x2 
 .rodata._global_impure_ptr
                0x000299cc        0x4 c:/program files (x86)/gnu tools arm embedded/4.9 2015q3/bin/../lib/gcc/arm-none-eabi/4.9.3/../../../../arm-none-eabi/lib/armv6-m\libc_nano.a(lib_a-impure.o)
                0x000299cc                _global_impure_ptr
 .rodata.m_detection_delay_timer_id
                0x000299d0        0x4 _build/app_button.o
 .rodata.queue_process
                0x000299d4       0xb4 _build/fds.o
 .rodata.fds_init
                0x00029a88       0x30 _build/fds.o
 .rodata.m_fds_tl_dirty
                0x00029ab8        0x4 _build/fds.o
 .rodata.page_tag_swap.5402
                0x00029abc        0x8 _build/fds.o
 .rodata.page_tag_data.5406
                0x00029ac4        0x8 _build/fds.o
 .rodata        0x00029acc        0xc _build/nrf_log.o
 .rodata        0x00029ad8       0x20 _build/app_uart_fifo.o
 .rodata.m_default_config
                0x00029af8        0x1 _build/nrf_drv_adc.o
 *fill*         0x00029af9        0x3 
 .rodata.m_default_config
                0x00029afc       0x20 _build/nrf_drv_uart.o
 .rodata.leds_timer_handler
                0x00029b1c       0x60 _build/bsp.o
 .rodata.bsp_indication_set
                0x00029b7c       0x60 _build/bsp.o
 .rodata.m_button_timer_id
                0x00029bdc        0x4 _build/bsp.o
 .rodata.m_buttons_list
                0x00029be0       0x10 _build/bsp.o
 .rodata.m_leds_timer_id
                0x00029bf0        0x4 _build/bsp.o
 .rodata.app_buttons
                0x00029bf4       0x20 _build/bsp.o
 .rodata.m_alert_timer_id
                0x00029c14        0x4 _build/bsp.o
 .rodata.pm_evt_handler
                0x00029c18       0x3c _build/main.o
 .rodata.str1.4
                0x00029c54       0x83 _build/main.o
                                 0x87 (size before relaxing)
 *fill*         0x00029cd7        0x1 
 .rodata.m_battery_timer_id
                0x00029cd8        0x4 _build/main.o
 .rodata.m_deadbeef.9672
                0x00029cdc        0x8 _build/main.o
 .rodata.str1.4
                0x00029ce4      0x278 _build/ble_advertising.o
 .rodata.m_conn_params_timer_id
                0x00029f5c        0x4 _build/ble_conn_params.o
 .rodata        0x00029f60       0x10 _build/gatts_cache_manager.o
 .rodata.service_changed_pending.7573
                0x00029f70        0x1 _build/gatts_cache_manager.o
 .rodata.service_changed_pending.7644
                0x00029f71        0x1 _build/gatts_cache_manager.o
 *fill*         0x00029f72        0x2 
 .rodata.fds_evt_handler
                0x00029f74       0x18 _build/peer_data_storage.o
 .rodata.pds_evt_handler
                0x00029f8c       0x50 _build/peer_database.o
 .rodata.gcm_evt_handler
                0x00029fdc       0x28 _build/peer_manager.o
 .rodata.sm_evt_handler
                0x0002a004       0x34 _build/peer_manager.o
 .rodata.pdb_evt_handler
                0x0002a038       0x28 _build/peer_manager.o
 .rodata        0x0002a060        0x8 _build/peer_manager.o
 .rodata.smd_ble_evt_handler
                0x0002a068       0x38 _build/security_dispatcher.o
 .rodata.__sf_fake_stdin
                0x0002a0a0       0x20 c:/program files (x86)/gnu tools arm embedded/4.9 2015q3/bin/../lib/gcc/arm-none-eabi/4.9.3/../../../../arm-none-eabi/lib/armv6-m\libc_nano.a(lib_a-findfp.o)
                0x0002a0a0                __sf_fake_stdin
 .rodata.__sf_fake_stdout
                0x0002a0c0       0x20 c:/program files (x86)/gnu tools arm embedded/4.9 2015q3/bin/../lib/gcc/arm-none-eabi/4.9.3/../../../../arm-none-eabi/lib/armv6-m\libc_nano.a(lib_a-findfp.o)
                0x0002a0c0                __sf_fake_stdout
 .rodata.__sf_fake_stderr
                0x0002a0e0       0x20 c:/program files (x86)/gnu tools arm embedded/4.9 2015q3/bin/../lib/gcc/arm-none-eabi/4.9.3/../../../../arm-none-eabi/lib/armv6-m\libc_nano.a(lib_a-findfp.o)
                0x0002a0e0                __sf_fake_stderr
 .rodata.str1.1
                0x0002a100       0x11 c:/program files (x86)/gnu tools arm embedded/4.9 2015q3/bin/../lib/gcc/arm-none-eabi/4.9.3/../../../../arm-none-eabi/lib/armv6-m\libc_nano.a(lib_a-nano-vfprintf.o)
 .rodata.str1.1
                0x0002a111       0x22 c:/program files (x86)/gnu tools arm embedded/4.9 2015q3/bin/../lib/gcc/arm-none-eabi/4.9.3/../../../../arm-none-eabi/lib/armv6-m\libc_nano.a(lib_a-nano-vfprintf_i.o)
 *(.eh_frame*)
 *fill*         0x0002a133        0x1 
 .eh_frame      0x0002a134        0x0 c:/program files (x86)/gnu tools arm embedded/4.9 2015q3/bin/../lib/gcc/arm-none-eabi/4.9.3/armv6-m/crtbegin.o
 .eh_frame      0x0002a134        0x4 c:/program files (x86)/gnu tools arm embedded/4.9 2015q3/bin/../lib/gcc/arm-none-eabi/4.9.3/armv6-m/crtend.o

.glue_7         0x0002a138        0x0
 .glue_7        0x00000000        0x0 linker stubs

.glue_7t        0x0002a138        0x0
 .glue_7t       0x00000000        0x0 linker stubs

.vfp11_veneer   0x0002a138        0x0
 .vfp11_veneer  0x00000000        0x0 linker stubs

.v4_bx          0x0002a138        0x0
 .v4_bx         0x00000000        0x0 linker stubs

.iplt           0x0002a138        0x0
 .iplt          0x00000000        0x0 c:/program files (x86)/gnu tools arm embedded/4.9 2015q3/bin/../lib/gcc/arm-none-eabi/4.9.3/armv6-m/crtbegin.o

.ARM.extab
 *(.ARM.extab* .gnu.linkonce.armextab.*)
                0x0002a138                __exidx_start = .

.ARM.exidx      0x0002a138        0x8
 *(.ARM.exidx* .gnu.linkonce.armexidx.*)
 .ARM.exidx     0x0002a138        0x8 c:/program files (x86)/gnu tools arm embedded/4.9 2015q3/bin/../lib/gcc/arm-none-eabi/4.9.3/../../../../arm-none-eabi/lib/armv6-m/crt0.o
                0x0002a140                __exidx_end = .
                0x0002a140                __etext = .

.rel.dyn        0x0002a140        0x0
 .rel.iplt      0x00000000        0x0 c:/program files (x86)/gnu tools arm embedded/4.9 2015q3/bin/../lib/gcc/arm-none-eabi/4.9.3/armv6-m/crtbegin.o

.data           0x20002080      0x104 load address 0x0002a140
                0x20002080                __data_start__ = .
 *(vtable)
 *(.data*)
 .data.impure_data
                0x20002080       0x60 c:/program files (x86)/gnu tools arm embedded/4.9 2015q3/bin/../lib/gcc/arm-none-eabi/4.9.3/../../../../arm-none-eabi/lib/armv6-m\libc_nano.a(lib_a-impure.o)
 .data._impure_ptr
                0x200020e0        0x4 c:/program files (x86)/gnu tools arm embedded/4.9 2015q3/bin/../lib/gcc/arm-none-eabi/4.9.3/../../../../arm-none-eabi/lib/armv6-m\libc_nano.a(lib_a-impure.o)
                0x200020e0                _impure_ptr
 .data.channel.9443
                0x200020e4        0x8 _build/main.o
 .data.m_adv_uuids
                0x200020ec       0x10 _build/main.o
 .data.current_slave_link_conn_handle.6609
                0x200020fc        0x2 _build/ble_advertising.o
 *fill*         0x200020fe        0x2 
 .data.m_gscm   0x20002100        0x8 _build/gatts_cache_manager.o
 .data.m_smd    0x20002108       0x50 _build/security_dispatcher.o
 .data.m_sm     0x20002158       0x20 _build/security_manager.o
                0x20002178                . = ALIGN (0x4)
                0x20002178                PROVIDE (__preinit_array_start, .)
 *(.preinit_array)
                0x20002178                PROVIDE (__preinit_array_end, .)
                0x20002178                . = ALIGN (0x4)
                0x20002178                PROVIDE (__init_array_start, .)
 *(SORT(.init_array.*))
 *(.init_array)
 .init_array    0x20002178        0x4 c:/program files (x86)/gnu tools arm embedded/4.9 2015q3/bin/../lib/gcc/arm-none-eabi/4.9.3/armv6-m/crtbegin.o
                0x2000217c                PROVIDE (__init_array_end, .)
                0x2000217c                . = ALIGN (0x4)
                0x2000217c                PROVIDE (__fini_array_start, .)
 *(SORT(.fini_array.*))
 *(.fini_array)
 .fini_array    0x2000217c        0x4 c:/program files (x86)/gnu tools arm embedded/4.9 2015q3/bin/../lib/gcc/arm-none-eabi/4.9.3/armv6-m/crtbegin.o
                0x20002180                PROVIDE (__fini_array_end, .)
 *(.jcr*)
 .jcr           0x20002180        0x0 c:/program files (x86)/gnu tools arm embedded/4.9 2015q3/bin/../lib/gcc/arm-none-eabi/4.9.3/armv6-m/crtbegin.o
 .jcr           0x20002180        0x4 c:/program files (x86)/gnu tools arm embedded/4.9 2015q3/bin/../lib/gcc/arm-none-eabi/4.9.3/armv6-m/crtend.o
                0x20002184                . = ALIGN (0x4)
                0x20002184                __data_end__ = .
LOAD c:/program files (x86)/gnu tools arm embedded/4.9 2015q3/bin/../lib/gcc/arm-none-eabi/4.9.3/armv6-m/crti.o
LOAD c:/program files (x86)/gnu tools arm embedded/4.9 2015q3/bin/../lib/gcc/arm-none-eabi/4.9.3/armv6-m/crtbegin.o
LOAD c:/program files (x86)/gnu tools arm embedded/4.9 2015q3/bin/../lib/gcc/arm-none-eabi/4.9.3/../../../../arm-none-eabi/lib/armv6-m/crt0.o
LOAD c:/program files (x86)/gnu tools arm embedded/4.9 2015q3/bin/../lib/gcc/arm-none-eabi/4.9.3/../../../../arm-none-eabi/lib/armv6-m\libc_nano.a
LOAD c:/program files (x86)/gnu tools arm embedded/4.9 2015q3/bin/../lib/gcc/arm-none-eabi/4.9.3/../../../../arm-none-eabi/lib/armv6-m\libnosys.a
LOAD _build/app_button.o
LOAD _build/app_error.o
LOAD _build/app_error_weak.o
LOAD _build/app_fifo.o
LOAD _build/app_timer.o
LOAD _build/app_util_platform.o
LOAD _build/crc16.o
LOAD _build/fds.o
LOAD _build/fstorage.o
LOAD _build/nrf_assert.o
LOAD _build/nrf_log.o
LOAD _build/retarget.o
LOAD _build/sdk_mapped_flags.o
LOAD _build/sensorsim.o
LOAD _build/RTT_Syscalls_GCC.o
LOAD _build/SEGGER_RTT.o
LOAD _build/SEGGER_RTT_printf.o
LOAD _build/app_uart_fifo.o
LOAD _build/nrf_adc.o
LOAD _build/nrf_delay.o
LOAD _build/nrf_drv_adc.o
LOAD _build/nrf_drv_common.o
LOAD _build/nrf_drv_gpiote.o
LOAD _build/nrf_drv_uart.o
LOAD _build/pstorage.o
LOAD _build/bsp.o
LOAD _build/bsp_btn_ble.o
LOAD _build/main.o
LOAD _build/ble_advdata.o
LOAD _build/ble_advertising.o
LOAD _build/ble_bas.o
LOAD _build/ble_conn_params.o
LOAD _build/ble_conn_state.o
LOAD _build/ble_db_discovery.o
LOAD _build/ble_ias.o
LOAD _build/ble_ias_c.o
LOAD _build/ble_lls.o
LOAD _build/ble_srv_common.o
LOAD _build/ble_tps.o
LOAD _build/gatt_cache_manager.o
LOAD _build/gattc_cache_manager.o
LOAD _build/gatts_cache_manager.o
LOAD _build/id_manager.o
LOAD _build/peer_data.o
LOAD _build/peer_data_storage.o
LOAD _build/peer_database.o
LOAD _build/peer_id.o
LOAD _build/peer_manager.o
LOAD _build/pm_buffer.o
LOAD _build/pm_mutex.o
LOAD _build/security_dispatcher.o
LOAD _build/security_manager.o
LOAD _build/system_nrf51.o
LOAD _build/softdevice_handler.o
LOAD _build/gcc_startup_nrf51.o
LOAD c:/program files (x86)/gnu tools arm embedded/4.9 2015q3/bin/../lib/gcc/arm-none-eabi/4.9.3/../../../../arm-none-eabi/lib/armv6-m\libm.a
START GROUP
LOAD c:/program files (x86)/gnu tools arm embedded/4.9 2015q3/bin/../lib/gcc/arm-none-eabi/4.9.3/armv6-m\libgcc.a
LOAD c:/program files (x86)/gnu tools arm embedded/4.9 2015q3/bin/../lib/gcc/arm-none-eabi/4.9.3/../../../../arm-none-eabi/lib/armv6-m\libc_nano.a
END GROUP
START GROUP
LOAD c:/program files (x86)/gnu tools arm embedded/4.9 2015q3/bin/../lib/gcc/arm-none-eabi/4.9.3/armv6-m\libgcc.a
LOAD c:/program files (x86)/gnu tools arm embedded/4.9 2015q3/bin/../lib/gcc/arm-none-eabi/4.9.3/../../../../arm-none-eabi/lib/armv6-m\libc_nano.a
END GROUP
LOAD c:/program files (x86)/gnu tools arm embedded/4.9 2015q3/bin/../lib/gcc/arm-none-eabi/4.9.3/armv6-m/crtend.o
LOAD c:/program files (x86)/gnu tools arm embedded/4.9 2015q3/bin/../lib/gcc/arm-none-eabi/4.9.3/armv6-m/crtn.o
START GROUP
LOAD c:/program files (x86)/gnu tools arm embedded/4.9 2015q3/bin/../lib/gcc/arm-none-eabi/4.9.3/armv6-m\libgcc.a
LOAD c:/program files (x86)/gnu tools arm embedded/4.9 2015q3/bin/../lib/gcc/arm-none-eabi/4.9.3/../../../../arm-none-eabi/lib/armv6-m\libc.a
LOAD c:/program files (x86)/gnu tools arm embedded/4.9 2015q3/bin/../lib/gcc/arm-none-eabi/4.9.3/../../../../arm-none-eabi/lib/armv6-m\libnosys.a
END GROUP

.igot.plt       0x20002184        0x0 load address 0x0002a244
 .igot.plt      0x00000000        0x0 c:/program files (x86)/gnu tools arm embedded/4.9 2015q3/bin/../lib/gcc/arm-none-eabi/4.9.3/armv6-m/crtbegin.o

.fs_data        0x20002184       0x10 load address 0x0002a244
                0x20002184                PROVIDE (__start_fs_data, .)
 *(.fs_data)
 .fs_data       0x20002184       0x10 _build/fds.o
                0x20002194                PROVIDE (__stop_fs_data, .)

.bss            0x20002194     0x13dc load address 0x0002a254
                0x20002194                . = ALIGN (0x4)
                0x20002194                __bss_start__ = .
 *(.bss*)
 .bss           0x20002194       0x1c c:/program files (x86)/gnu tools arm embedded/4.9 2015q3/bin/../lib/gcc/arm-none-eabi/4.9.3/armv6-m/crtbegin.o
 .bss.m_detection_delay
                0x200021b0        0x4 _build/app_button.o
 .bss.mp_buttons
                0x200021b4        0x4 _build/app_button.o
 .bss.m_button_count
                0x200021b8        0x1 _build/app_button.o
 *fill*         0x200021b9        0x3 
 .bss.m_detection_delay_timer_id_data
                0x200021bc       0x20 _build/app_button.o
 .bss.m_pin_state
                0x200021dc        0x4 _build/app_button.o
 .bss.m_pin_transition
                0x200021e0        0x4 _build/app_button.o
 .bss.m_ticks_latest
                0x200021e4        0x4 _build/app_timer.o
 .bss.mp_timer_id_head
                0x200021e8        0x4 _build/app_timer.o
 .bss.m_evt_schedule_func
                0x200021ec        0x4 _build/app_timer.o
 .bss.m_user_array_size
                0x200021f0        0x1 _build/app_timer.o
 *fill*         0x200021f1        0x3 
 .bss.mp_users  0x200021f4        0x4 _build/app_timer.o
 .bss.m_ticks_elapsed_q_read_ind
                0x200021f8        0x1 _build/app_timer.o
 .bss.m_ticks_elapsed_q_write_ind
                0x200021f9        0x1 _build/app_timer.o
 .bss.m_rtc1_reset
                0x200021fa        0x1 _build/app_timer.o
 *fill*         0x200021fb        0x1 
 .bss.m_ticks_elapsed
                0x200021fc        0x8 _build/app_timer.o
 .bss.m_rtc1_running
                0x20002204        0x1 _build/app_timer.o
 *fill*         0x20002205        0x3 
 .bss.m_chunk_queue
                0x20002208       0x48 _build/fds.o
 .bss.m_latest_rec_id
                0x20002250        0x4 _build/fds.o
 .bss.m_users   0x20002254        0x1 _build/fds.o
 *fill*         0x20002255        0x3 
 .bss.m_pages   0x20002258       0x20 _build/fds.o
 .bss.m_gc      0x20002278       0x10 _build/fds.o
 .bss.m_op_queue
                0x20002288       0x78 _build/fds.o
 .bss.tok.5539  0x20002300        0x8 _build/fds.o
 .bss.m_swap_page
                0x20002308        0x8 _build/fds.o
 .bss.desc.5633
                0x20002310        0xc _build/fds.o
 .bss.m_flags   0x2000231c        0x1 _build/fds.o
 *fill*         0x2000231d        0x3 
 .bss.m_cb_table
                0x20002320        0xc _build/fds.o
 .bss.m_flags   0x2000232c        0x1 _build/fstorage.o
 *fill*         0x2000232d        0x3 
 .bss.m_queue   0x20002330       0x58 _build/fstorage.o
 .bss.m_retry_count
                0x20002388        0x1 _build/fstorage.o
 .bss.initialized.6581
                0x20002389        0x1 _build/nrf_log.o
 *fill*         0x2000238a        0x2 
 .bss.tx_buf.6586
                0x2000238c      0x200 _build/nrf_log.o
 .bss.rx_buf.6585
                0x2000258c        0x1 _build/nrf_log.o
 *fill*         0x2000258d        0x3 
 .bss.tx_buffer
                0x20002590        0x1 _build/app_uart_fifo.o
 *fill*         0x20002591        0x3 
 .bss.m_event_handler
                0x20002594        0x4 _build/app_uart_fifo.o
 .bss.rx_buffer
                0x20002598        0x1 _build/app_uart_fifo.o
 *fill*         0x20002599        0x3 
 .bss.m_tx_fifo
                0x2000259c       0x10 _build/app_uart_fifo.o
 .bss.m_rx_fifo
                0x200025ac       0x10 _build/app_uart_fifo.o
 .bss.m_cb      0x200025bc       0x14 _build/nrf_drv_adc.o
 .bss.m_cb      0x200025d0       0x48 _build/nrf_drv_gpiote.o
 .bss.m_cb      0x20002618       0x1c _build/nrf_drv_uart.o
 .bss.m_cmd_queue
                0x20002634       0xcc _build/pstorage.o
 .bss.m_flags   0x20002700        0x4 _build/pstorage.o
 .bss.m_leds_timer_id_data
                0x20002704       0x20 _build/bsp.o
 .bss.m_alert_mask
                0x20002724        0x4 _build/bsp.o
 .bss.release_event_at_push.6063
                0x20002728        0x4 _build/bsp.o
 .bss.m_indication_type
                0x2000272c        0x4 _build/bsp.o
 .bss.current_long_push_pin_no.6062
                0x20002730        0x1 _build/bsp.o
 *fill*         0x20002731        0x3 
 .bss.m_app_ticks_per_100ms
                0x20002734        0x4 _build/bsp.o
 .bss.m_registered_callback
                0x20002738        0x4 _build/bsp.o
 .bss.m_button_timer_id_data
                0x2000273c       0x20 _build/bsp.o
 .bss.m_stable_state
                0x2000275c        0x1 _build/bsp.o
 *fill*         0x2000275d        0x3 
 .bss.m_alert_timer_id_data
                0x20002760       0x20 _build/bsp.o
 .bss.m_events_list
                0x20002780        0xc _build/bsp.o
 .bss.m_error_handler
                0x2000278c        0x4 _build/bsp_btn_ble.o
 .bss.m_num_connections
                0x20002790        0x4 _build/bsp_btn_ble.o
 .bss.APP_TIMER_BUF.9452
                0x20002794      0x258 _build/main.o
 .bss.m_is_ias_present
                0x200029ec        0x1 _build/main.o
 .bss.write_flag
                0x200029ed        0x1 _build/main.o
 *fill*         0x200029ee        0x2 
 .bss.adc_buf   0x200029f0        0x2 _build/main.o
 *fill*         0x200029f2        0x2 
 .bss.m_ias_c   0x200029f4       0x18 _build/main.o
 .bss.BLE_EVT_BUFFER.9614
                0x20002a0c       0x48 _build/main.o
 .bss.m_is_high_alert_signalled
                0x20002a54        0x1 _build/main.o
 *fill*         0x20002a55        0x3 
 .bss.m_ias     0x20002a58       0x10 _build/main.o
 .bss.m_lls     0x20002a68       0x14 _build/main.o
 .bss.m_ble_db_discovery
                0x20002a7c      0x1ac _build/main.o
 .bss.m_tps     0x20002c28        0xc _build/main.o
 .bss.m_battery_timer_id_data
                0x20002c34       0x20 _build/main.o
 .bss.m_bas     0x20002c54       0x18 _build/main.o
 .bss.m_advdata
                0x20002c6c       0x38 _build/ble_advertising.o
 .bss.m_manuf_specific_data
                0x20002ca4        0xc _build/ble_advertising.o
 .bss.m_evt_handler
                0x20002cb0        0x4 _build/ble_advertising.o
 .bss.m_advertising_start_pending
                0x20002cb4        0x1 _build/ble_advertising.o
 *fill*         0x20002cb5        0x3 
 .bss.m_manuf_data_array
                0x20002cb8       0x1f _build/ble_advertising.o
 .bss.m_whitelist_temporarily_disabled
                0x20002cd7        0x1 _build/ble_advertising.o
 .bss.m_error_handler
                0x20002cd8        0x4 _build/ble_advertising.o
 .bss.m_peer_address
                0x20002cdc        0x7 _build/ble_advertising.o
 *fill*         0x20002ce3        0x1 
 .bss.m_adv_modes_config
                0x20002ce4       0x24 _build/ble_advertising.o
 .bss.mp_whitelist_addr
                0x20002d08       0x20 _build/ble_advertising.o
 .bss.m_tx_power_level
                0x20002d28        0x1 _build/ble_advertising.o
 *fill*         0x20002d29        0x3 
 .bss.m_whitelist
                0x20002d2c       0x10 _build/ble_advertising.o
 .bss.m_adv_evt
                0x20002d3c        0x1 _build/ble_advertising.o
 *fill*         0x20002d3d        0x3 
 .bss.m_service_data_array
                0x20002d40       0x1f _build/ble_advertising.o
 .bss.m_whitelist_reply_expected
                0x20002d5f        0x1 _build/ble_advertising.o
 .bss.mp_whitelist_irk
                0x20002d60       0x20 _build/ble_advertising.o
 .bss.m_adv_mode_current
                0x20002d80        0x1 _build/ble_advertising.o
 .bss.m_peer_addr_reply_expected
                0x20002d81        0x1 _build/ble_advertising.o
 *fill*         0x20002d82        0x2 
 .bss.m_slave_conn_int
                0x20002d84        0x4 _build/ble_advertising.o
 .bss.m_service_data
                0x20002d88        0xc _build/ble_advertising.o
 .bss.m_change_param
                0x20002d94        0x1 _build/ble_conn_params.o
 *fill*         0x20002d95        0x3 
 .bss.m_current_conn_params
                0x20002d98        0x8 _build/ble_conn_params.o
 .bss.m_update_count
                0x20002da0        0x1 _build/ble_conn_params.o
 *fill*         0x20002da1        0x3 
 .bss.m_conn_params_config
                0x20002da4       0x1c _build/ble_conn_params.o
 .bss.m_conn_params_timer_id_data
                0x20002dc0       0x20 _build/ble_conn_params.o
 .bss.m_conn_handle
                0x20002de0        0x2 _build/ble_conn_params.o
 *fill*         0x20002de2        0x2 
 .bss.m_preferred_conn_params
                0x20002de4        0x8 _build/ble_conn_params.o
 .bss.m_bcs     0x20002dec       0x34 _build/ble_conn_state.o
 .bss.m_evt_handler
                0x20002e20        0x4 _build/ble_db_discovery.o
 .bss.m_pending_user_evts
                0x20002e24      0x1e0 _build/ble_db_discovery.o
 .bss.m_pending_usr_evt_index
                0x20003004        0x4 _build/ble_db_discovery.o
 .bss.m_registered_handlers
                0x20003008       0x18 _build/ble_db_discovery.o
 .bss.m_initialized
                0x20003020        0x1 _build/ble_db_discovery.o
 *fill*         0x20003021        0x3 
 .bss.m_num_of_handlers_reg
                0x20003024        0x4 _build/ble_db_discovery.o
 .bss.m_gcm     0x20003028        0x8 _build/gatt_cache_manager.o
 .bss.m_gccm    0x20003030        0x4 _build/gattc_cache_manager.o
 .bss.start_handle.7636
                0x20003034        0x2 _build/gatts_cache_manager.o
 *fill*         0x20003036        0x2 
 .bss.m_im      0x20003038      0x138 _build/id_manager.o
 .bss.m_pds     0x20003170       0x20 _build/peer_data_storage.o
 .bss.m_pdb     0x20003190       0xd0 _build/peer_database.o
 .bss.mutex_memory.7577
                0x20003260        0x1 _build/peer_database.o
 *fill*         0x20003261        0x3 
 .bss.buffer_memory.7576
                0x20003264      0x280 _build/peer_database.o
 .bss.m_pi      0x200034e4       0x40 _build/peer_id.o
 .bss.m_pm      0x20003524       0x20 _build/peer_manager.o
 .bss.m_softdevice_enabled
                0x20003544        0x1 _build/softdevice_handler.o
 *fill*         0x20003545        0x1 
 .bss.m_ble_evt_buffer_size
                0x20003546        0x2 _build/softdevice_handler.o
 .bss.mp_ble_evt_buffer
                0x20003548        0x4 _build/softdevice_handler.o
 .bss.m_sys_evt_handler
                0x2000354c        0x4 _build/softdevice_handler.o
 .bss.m_ble_evt_handler
                0x20003550        0x4 _build/softdevice_handler.o
 .bss.m_evt_schedule_func
                0x20003554        0x4 _build/softdevice_handler.o
 .bss.__malloc_sbrk_start
                0x20003558        0x4 c:/program files (x86)/gnu tools arm embedded/4.9 2015q3/bin/../lib/gcc/arm-none-eabi/4.9.3/../../../../arm-none-eabi/lib/armv6-m\libc_nano.a(lib_a-nano-mallocr.o)
                0x20003558                __malloc_sbrk_start
 .bss.__malloc_free_list
                0x2000355c        0x4 c:/program files (x86)/gnu tools arm embedded/4.9 2015q3/bin/../lib/gcc/arm-none-eabi/4.9.3/../../../../arm-none-eabi/lib/armv6-m\libc_nano.a(lib_a-nano-mallocr.o)
                0x2000355c                __malloc_free_list
 .bss.heap_end.4079
                0x20003560        0x4 c:/program files (x86)/gnu tools arm embedded/4.9 2015q3/bin/../lib/gcc/arm-none-eabi/4.9.3/../../../../arm-none-eabi/lib/armv6-m\libnosys.a(sbrk.o)
 *(COMMON)
 COMMON         0x20003564        0x8 _build/softdevice_handler.o
                0x20003564                nrf_nvic_state
 COMMON         0x2000356c        0x4 c:/program files (x86)/gnu tools arm embedded/4.9 2015q3/bin/../lib/gcc/arm-none-eabi/4.9.3/../../../../arm-none-eabi/lib/armv6-m\libc_nano.a(lib_a-reent.o)
                0x2000356c                errno
                0x20003570                . = ALIGN (0x4)
                0x20003570                __bss_end__ = .

.heap           0x20003570      0x800
                0x20003570                __end__ = .
                0x20003570                PROVIDE (end, .)
 *(.heap*)
 .heap          0x20003570      0x800 _build/gcc_startup_nrf51.o
                0x20003570                __HeapBase
                0x20003d70                __HeapLimit = .

.stack_dummy    0x20003570      0x800
 *(.stack*)
 .stack         0x20003570      0x800 _build/gcc_startup_nrf51.o
                0x20008000                __StackTop = (ORIGIN (RAM) + 0x5f80)
                0x20007800                __StackLimit = (__StackTop - SIZEOF (.stack_dummy))
                0x20008000                PROVIDE (__stack, __StackTop)
                0x00000001                ASSERT ((__StackLimit >= __HeapLimit), region RAM overflowed with stack)
OUTPUT(_build/nrf51422_xxac_s130.out elf32-littlearm)

.ARM.attributes
                0x00000000       0x28
 .ARM.attributes
                0x00000000       0x1e c:/program files (x86)/gnu tools arm embedded/4.9 2015q3/bin/../lib/gcc/arm-none-eabi/4.9.3/armv6-m/crti.o
 .ARM.attributes
                0x0000001e       0x2c c:/program files (x86)/gnu tools arm embedded/4.9 2015q3/bin/../lib/gcc/arm-none-eabi/4.9.3/armv6-m/crtbegin.o
 .ARM.attributes
                0x0000004a       0x1b c:/program files (x86)/gnu tools arm embedded/4.9 2015q3/bin/../lib/gcc/arm-none-eabi/4.9.3/../../../../arm-none-eabi/lib/armv6-m/crt0.o
 .ARM.attributes
                0x00000065       0x2c c:/program files (x86)/gnu tools arm embedded/4.9 2015q3/bin/../lib/gcc/arm-none-eabi/4.9.3/../../../../arm-none-eabi/lib/armv6-m\libc_nano.a(lib_a-exit.o)
 .ARM.attributes
                0x00000091       0x2c c:/program files (x86)/gnu tools arm embedded/4.9 2015q3/bin/../lib/gcc/arm-none-eabi/4.9.3/../../../../arm-none-eabi/lib/armv6-m\libc_nano.a(lib_a-impure.o)
 .ARM.attributes
                0x000000bd       0x2c c:/program files (x86)/gnu tools arm embedded/4.9 2015q3/bin/../lib/gcc/arm-none-eabi/4.9.3/../../../../arm-none-eabi/lib/armv6-m\libc_nano.a(lib_a-init.o)
 .ARM.attributes
                0x000000e9       0x2c c:/program files (x86)/gnu tools arm embedded/4.9 2015q3/bin/../lib/gcc/arm-none-eabi/4.9.3/../../../../arm-none-eabi/lib/armv6-m\libc_nano.a(lib_a-memset.o)
 .ARM.attributes
                0x00000115       0x2c c:/program files (x86)/gnu tools arm embedded/4.9 2015q3/bin/../lib/gcc/arm-none-eabi/4.9.3/../../../../arm-none-eabi/lib/armv6-m\libnosys.a(_exit.o)
 .ARM.attributes
                0x00000141       0x31 _build/app_button.o
 .ARM.attributes
                0x00000172       0x31 _build/app_error.o
 .ARM.attributes
                0x000001a3       0x31 _build/app_error_weak.o
 .ARM.attributes
                0x000001d4       0x31 _build/app_fifo.o
 .ARM.attributes
                0x00000205       0x31 _build/app_timer.o
 .ARM.attributes
                0x00000236       0x31 _build/app_util_platform.o
 .ARM.attributes
                0x00000267       0x31 _build/fds.o
 .ARM.attributes
                0x00000298       0x31 _build/fstorage.o
 .ARM.attributes
                0x000002c9       0x31 _build/nrf_log.o
 .ARM.attributes
                0x000002fa       0x31 _build/retarget.o
 .ARM.attributes
                0x0000032b       0x31 _build/sdk_mapped_flags.o
 .ARM.attributes
                0x0000035c       0x31 _build/app_uart_fifo.o
 .ARM.attributes
                0x0000038d       0x31 _build/nrf_drv_adc.o
 .ARM.attributes
                0x000003be       0x31 _build/nrf_drv_common.o
 .ARM.attributes
                0x000003ef       0x31 _build/nrf_drv_gpiote.o
 .ARM.attributes
                0x00000420       0x31 _build/nrf_drv_uart.o
 .ARM.attributes
                0x00000451       0x31 _build/pstorage.o
 .ARM.attributes
                0x00000482       0x31 _build/bsp.o
 .ARM.attributes
                0x000004b3       0x31 _build/bsp_btn_ble.o
 .ARM.attributes
                0x000004e4       0x31 _build/main.o
 .ARM.attributes
                0x00000515       0x31 _build/ble_advdata.o
 .ARM.attributes
                0x00000546       0x31 _build/ble_advertising.o
 .ARM.attributes
                0x00000577       0x31 _build/ble_bas.o
 .ARM.attributes
                0x000005a8       0x31 _build/ble_conn_params.o
 .ARM.attributes
                0x000005d9       0x31 _build/ble_conn_state.o
 .ARM.attributes
                0x0000060a       0x31 _build/ble_db_discovery.o
 .ARM.attributes
                0x0000063b       0x31 _build/ble_ias.o
 .ARM.attributes
                0x0000066c       0x31 _build/ble_ias_c.o
 .ARM.attributes
                0x0000069d       0x31 _build/ble_lls.o
 .ARM.attributes
                0x000006ce       0x31 _build/ble_srv_common.o
 .ARM.attributes
                0x000006ff       0x31 _build/ble_tps.o
 .ARM.attributes
                0x00000730       0x31 _build/gatt_cache_manager.o
 .ARM.attributes
                0x00000761       0x31 _build/gattc_cache_manager.o
 .ARM.attributes
                0x00000792       0x31 _build/gatts_cache_manager.o
 .ARM.attributes
                0x000007c3       0x31 _build/id_manager.o
 .ARM.attributes
                0x000007f4       0x31 _build/peer_data.o
 .ARM.attributes
                0x00000825       0x31 _build/peer_data_storage.o
 .ARM.attributes
                0x00000856       0x31 _build/peer_database.o
 .ARM.attributes
                0x00000887       0x31 _build/peer_id.o
 .ARM.attributes
                0x000008b8       0x31 _build/peer_manager.o
 .ARM.attributes
                0x000008e9       0x31 _build/pm_buffer.o
 .ARM.attributes
                0x0000091a       0x31 _build/pm_mutex.o
 .ARM.attributes
                0x0000094b       0x31 _build/security_dispatcher.o
 .ARM.attributes
                0x0000097c       0x31 _build/security_manager.o
 .ARM.attributes
                0x000009ad       0x31 _build/system_nrf51.o
 .ARM.attributes
                0x000009de       0x31 _build/softdevice_handler.o
 .ARM.attributes
                0x00000a0f       0x1b _build/gcc_startup_nrf51.o
 .ARM.attributes
                0x00000a2a       0x1e c:/program files (x86)/gnu tools arm embedded/4.9 2015q3/bin/../lib/gcc/arm-none-eabi/4.9.3/armv6-m\libgcc.a(_udivsi3.o)
 .ARM.attributes
                0x00000a48       0x1e c:/program files (x86)/gnu tools arm embedded/4.9 2015q3/bin/../lib/gcc/arm-none-eabi/4.9.3/armv6-m\libgcc.a(_divsi3.o)
 .ARM.attributes
                0x00000a66       0x1e c:/program files (x86)/gnu tools arm embedded/4.9 2015q3/bin/../lib/gcc/arm-none-eabi/4.9.3/armv6-m\libgcc.a(_dvmd_tls.o)
 .ARM.attributes
                0x00000a84       0x2c c:/program files (x86)/gnu tools arm embedded/4.9 2015q3/bin/../lib/gcc/arm-none-eabi/4.9.3/../../../../arm-none-eabi/lib/armv6-m\libc_nano.a(lib_a-memcmp.o)
 .ARM.attributes
                0x00000ab0       0x2c c:/program files (x86)/gnu tools arm embedded/4.9 2015q3/bin/../lib/gcc/arm-none-eabi/4.9.3/../../../../arm-none-eabi/lib/armv6-m\libc_nano.a(lib_a-memcpy.o)
 .ARM.attributes
                0x00000adc       0x2c c:/program files (x86)/gnu tools arm embedded/4.9 2015q3/bin/../lib/gcc/arm-none-eabi/4.9.3/../../../../arm-none-eabi/lib/armv6-m\libc_nano.a(lib_a-strlen.o)
 .ARM.attributes
                0x00000b08       0x2c c:/program files (x86)/gnu tools arm embedded/4.9 2015q3/bin/../lib/gcc/arm-none-eabi/4.9.3/../../../../arm-none-eabi/lib/armv6-m\libc_nano.a(lib_a-vprintf.o)
 .ARM.attributes
                0x00000b34       0x2c c:/program files (x86)/gnu tools arm embedded/4.9 2015q3/bin/../lib/gcc/arm-none-eabi/4.9.3/../../../../arm-none-eabi/lib/armv6-m\libc_nano.a(lib_a-findfp.o)
 .ARM.attributes
                0x00000b60       0x2c c:/program files (x86)/gnu tools arm embedded/4.9 2015q3/bin/../lib/gcc/arm-none-eabi/4.9.3/../../../../arm-none-eabi/lib/armv6-m\libc_nano.a(lib_a-fwalk.o)
 .ARM.attributes
                0x00000b8c       0x2c c:/program files (x86)/gnu tools arm embedded/4.9 2015q3/bin/../lib/gcc/arm-none-eabi/4.9.3/../../../../arm-none-eabi/lib/armv6-m\libc_nano.a(lib_a-nano-mallocr.o)
 .ARM.attributes
                0x00000bb8       0x2c c:/program files (x86)/gnu tools arm embedded/4.9 2015q3/bin/../lib/gcc/arm-none-eabi/4.9.3/../../../../arm-none-eabi/lib/armv6-m\libc_nano.a(lib_a-nano-vfprintf.o)
 .ARM.attributes
                0x00000be4       0x2c c:/program files (x86)/gnu tools arm embedded/4.9 2015q3/bin/../lib/gcc/arm-none-eabi/4.9.3/../../../../arm-none-eabi/lib/armv6-m\libc_nano.a(lib_a-nano-vfprintf_i.o)
 .ARM.attributes
                0x00000c10       0x2c c:/program files (x86)/gnu tools arm embedded/4.9 2015q3/bin/../lib/gcc/arm-none-eabi/4.9.3/../../../../arm-none-eabi/lib/armv6-m\libc_nano.a(lib_a-sbrkr.o)
 .ARM.attributes
                0x00000c3c       0x2c c:/program files (x86)/gnu tools arm embedded/4.9 2015q3/bin/../lib/gcc/arm-none-eabi/4.9.3/../../../../arm-none-eabi/lib/armv6-m\libc_nano.a(lib_a-stdio.o)
 .ARM.attributes
                0x00000c68       0x2c c:/program files (x86)/gnu tools arm embedded/4.9 2015q3/bin/../lib/gcc/arm-none-eabi/4.9.3/../../../../arm-none-eabi/lib/armv6-m\libc_nano.a(lib_a-wbuf.o)
 .ARM.attributes
                0x00000c94       0x2c c:/program files (x86)/gnu tools arm embedded/4.9 2015q3/bin/../lib/gcc/arm-none-eabi/4.9.3/../../../../arm-none-eabi/lib/armv6-m\libc_nano.a(lib_a-writer.o)
 .ARM.attributes
                0x00000cc0       0x2c c:/program files (x86)/gnu tools arm embedded/4.9 2015q3/bin/../lib/gcc/arm-none-eabi/4.9.3/../../../../arm-none-eabi/lib/armv6-m\libc_nano.a(lib_a-wsetup.o)
 .ARM.attributes
                0x00000cec       0x2c c:/program files (x86)/gnu tools arm embedded/4.9 2015q3/bin/../lib/gcc/arm-none-eabi/4.9.3/../../../../arm-none-eabi/lib/armv6-m\libc_nano.a(lib_a-closer.o)
 .ARM.attributes
                0x00000d18       0x2c c:/program files (x86)/gnu tools arm embedded/4.9 2015q3/bin/../lib/gcc/arm-none-eabi/4.9.3/../../../../arm-none-eabi/lib/armv6-m\libc_nano.a(lib_a-fflush.o)
 .ARM.attributes
                0x00000d44       0x2c c:/program files (x86)/gnu tools arm embedded/4.9 2015q3/bin/../lib/gcc/arm-none-eabi/4.9.3/../../../../arm-none-eabi/lib/armv6-m\libc_nano.a(lib_a-lseekr.o)
 .ARM.attributes
                0x00000d70       0x2c c:/program files (x86)/gnu tools arm embedded/4.9 2015q3/bin/../lib/gcc/arm-none-eabi/4.9.3/../../../../arm-none-eabi/lib/armv6-m\libc_nano.a(lib_a-makebuf.o)
 .ARM.attributes
                0x00000d9c       0x2c c:/program files (x86)/gnu tools arm embedded/4.9 2015q3/bin/../lib/gcc/arm-none-eabi/4.9.3/../../../../arm-none-eabi/lib/armv6-m\libc_nano.a(lib_a-memchr.o)
 .ARM.attributes
                0x00000dc8       0x2c c:/program files (x86)/gnu tools arm embedded/4.9 2015q3/bin/../lib/gcc/arm-none-eabi/4.9.3/../../../../arm-none-eabi/lib/armv6-m\libc_nano.a(lib_a-nano-freer.o)
 .ARM.attributes
                0x00000df4       0x2c c:/program files (x86)/gnu tools arm embedded/4.9 2015q3/bin/../lib/gcc/arm-none-eabi/4.9.3/../../../../arm-none-eabi/lib/armv6-m\libc_nano.a(lib_a-readr.o)
 .ARM.attributes
                0x00000e20       0x2c c:/program files (x86)/gnu tools arm embedded/4.9 2015q3/bin/../lib/gcc/arm-none-eabi/4.9.3/../../../../arm-none-eabi/lib/armv6-m\libc_nano.a(lib_a-reent.o)
 .ARM.attributes
                0x00000e4c       0x2c c:/program files (x86)/gnu tools arm embedded/4.9 2015q3/bin/../lib/gcc/arm-none-eabi/4.9.3/../../../../arm-none-eabi/lib/armv6-m\libc_nano.a(lib_a-fstatr.o)
 .ARM.attributes
                0x00000e78       0x2c c:/program files (x86)/gnu tools arm embedded/4.9 2015q3/bin/../lib/gcc/arm-none-eabi/4.9.3/../../../../arm-none-eabi/lib/armv6-m\libc_nano.a(lib_a-isattyr.o)
 .ARM.attributes
                0x00000ea4       0x2c c:/program files (x86)/gnu tools arm embedded/4.9 2015q3/bin/../lib/gcc/arm-none-eabi/4.9.3/armv6-m/crtend.o
 .ARM.attributes
                0x00000ed0       0x1e c:/program files (x86)/gnu tools arm embedded/4.9 2015q3/bin/../lib/gcc/arm-none-eabi/4.9.3/armv6-m/crtn.o
 .ARM.attributes
                0x00000eee       0x2c c:/program files (x86)/gnu tools arm embedded/4.9 2015q3/bin/../lib/gcc/arm-none-eabi/4.9.3/../../../../arm-none-eabi/lib/armv6-m\libnosys.a(close.o)
 .ARM.attributes
                0x00000f1a       0x2c c:/program files (x86)/gnu tools arm embedded/4.9 2015q3/bin/../lib/gcc/arm-none-eabi/4.9.3/../../../../arm-none-eabi/lib/armv6-m\libnosys.a(fstat.o)
 .ARM.attributes
                0x00000f46       0x2c c:/program files (x86)/gnu tools arm embedded/4.9 2015q3/bin/../lib/gcc/arm-none-eabi/4.9.3/../../../../arm-none-eabi/lib/armv6-m\libnosys.a(isatty.o)
 .ARM.attributes
                0x00000f72       0x2c c:/program files (x86)/gnu tools arm embedded/4.9 2015q3/bin/../lib/gcc/arm-none-eabi/4.9.3/../../../../arm-none-eabi/lib/armv6-m\libnosys.a(lseek.o)
 .ARM.attributes
                0x00000f9e       0x2c c:/program files (x86)/gnu tools arm embedded/4.9 2015q3/bin/../lib/gcc/arm-none-eabi/4.9.3/../../../../arm-none-eabi/lib/armv6-m\libnosys.a(sbrk.o)

.comment        0x00000000       0x70
 .comment       0x00000000       0x70 _build/app_button.o
                                 0x71 (size before relaxing)
 .comment       0x00000000       0x71 _build/app_error.o
 .comment       0x00000000       0x71 _build/app_error_weak.o
 .comment       0x00000000       0x71 _build/app_fifo.o
 .comment       0x00000000       0x71 _build/app_timer.o
 .comment       0x00000000       0x71 _build/app_util_platform.o
 .comment       0x00000000       0x71 _build/fds.o
 .comment       0x00000000       0x71 _build/fstorage.o
 .comment       0x00000000       0x71 _build/nrf_log.o
 .comment       0x00000000       0x71 _build/retarget.o
 .comment       0x00000000       0x71 _build/sdk_mapped_flags.o
 .comment       0x00000000       0x71 _build/app_uart_fifo.o
 .comment       0x00000000       0x71 _build/nrf_drv_adc.o
 .comment       0x00000000       0x71 _build/nrf_drv_common.o
 .comment       0x00000000       0x71 _build/nrf_drv_gpiote.o
 .comment       0x00000000       0x71 _build/nrf_drv_uart.o
 .comment       0x00000000       0x71 _build/pstorage.o
 .comment       0x00000000       0x71 _build/bsp.o
 .comment       0x00000000       0x71 _build/bsp_btn_ble.o
 .comment       0x00000000       0x71 _build/main.o
 .comment       0x00000000       0x71 _build/ble_advdata.o
 .comment       0x00000000       0x71 _build/ble_advertising.o
 .comment       0x00000000       0x71 _build/ble_bas.o
 .comment       0x00000000       0x71 _build/ble_conn_params.o
 .comment       0x00000000       0x71 _build/ble_conn_state.o
 .comment       0x00000000       0x71 _build/ble_db_discovery.o
 .comment       0x00000000       0x71 _build/ble_ias.o
 .comment       0x00000000       0x71 _build/ble_ias_c.o
 .comment       0x00000000       0x71 _build/ble_lls.o
 .comment       0x00000000       0x71 _build/ble_srv_common.o