Component: ARM Compiler 5.06 update 3 (build 300) Tool: armlink [4d35c9]

==============================================================================

Section Cross References

    main.o(i.adc_configure) refers to nrf_drv_saadc.o(i.nrf_drv_saadc_init) for nrf_drv_saadc_init
    main.o(i.adc_configure) refers to app_error.o(i.app_error_handler) for app_error_handler
    main.o(i.adc_configure) refers to nrf_drv_saadc.o(i.nrf_drv_saadc_channel_init) for nrf_drv_saadc_channel_init
    main.o(i.adc_configure) refers to nrf_drv_saadc.o(i.nrf_drv_saadc_buffer_convert) for nrf_drv_saadc_buffer_convert
    main.o(i.adc_configure) refers to main.o(i.saadc_event_handler) for saadc_event_handler
    main.o(i.adc_configure) refers to main.o(.constdata) for .constdata
    main.o(i.adc_configure) refers to main.o(.data) for adc_buf
    main.o(i.advertising_init) refers to memseta.o(.text) for __aeabi_memclr4
    main.o(i.advertising_init) refers to ble_advertising.o(i.ble_advertising_init) for ble_advertising_init
    main.o(i.advertising_init) refers to app_error.o(i.app_error_handler) for app_error_handler
    main.o(i.advertising_init) refers to main.o(.data) for m_adv_uuids
    main.o(i.advertising_init) refers to main.o(i.on_adv_evt) for on_adv_evt
    main.o(i.advertising_start) refers to ble_advertising.o(i.ble_advertising_start) for ble_advertising_start
    main.o(i.advertising_start) refers to app_error.o(i.app_error_handler) for app_error_handler
    main.o(i.alert_signal) refers to bsp.o(i.bsp_indication_set) for bsp_indication_set
    main.o(i.alert_signal) refers to app_error.o(i.app_error_handler) for app_error_handler
    main.o(i.assert_nrf_callback) refers to app_error.o(i.app_error_handler) for app_error_handler
    main.o(i.bas_init) refers to memseta.o(.text) for __aeabi_memclr4
    main.o(i.bas_init) refers to ble_bas.o(i.ble_bas_init) for ble_bas_init
    main.o(i.bas_init) refers to app_error.o(i.app_error_handler) for app_error_handler
    main.o(i.bas_init) refers to main.o(i.on_bas_evt) for on_bas_evt
    main.o(i.bas_init) refers to main.o(.bss) for m_bas
    main.o(i.battery_level_meas_timeout_handler) refers to nrf_drv_saadc.o(i.nrf_drv_saadc_sample) for nrf_drv_saadc_sample
    main.o(i.battery_level_meas_timeout_handler) refers to app_error.o(i.app_error_handler) for app_error_handler
    main.o(i.ble_evt_dispatch) refers to ble_conn_state.o(i.ble_conn_state_on_ble_evt) for ble_conn_state_on_ble_evt
    main.o(i.ble_evt_dispatch) refers to peer_manager.o(i.pm_on_ble_evt) for pm_on_ble_evt
    main.o(i.ble_evt_dispatch) refers to ble_db_discovery.o(i.ble_db_discovery_on_ble_evt) for ble_db_discovery_on_ble_evt
    main.o(i.ble_evt_dispatch) refers to ble_conn_params.o(i.ble_conn_params_on_ble_evt) for ble_conn_params_on_ble_evt
    main.o(i.ble_evt_dispatch) refers to ble_ias.o(i.ble_ias_on_ble_evt) for ble_ias_on_ble_evt
    main.o(i.ble_evt_dispatch) refers to ble_lls.o(i.ble_lls_on_ble_evt) for ble_lls_on_ble_evt
    main.o(i.ble_evt_dispatch) refers to ble_bas.o(i.ble_bas_on_ble_evt) for ble_bas_on_ble_evt
    main.o(i.ble_evt_dispatch) refers to ble_ias_c.o(i.ble_ias_c_on_ble_evt) for ble_ias_c_on_ble_evt
    main.o(i.ble_evt_dispatch) refers to ble_tps.o(i.ble_tps_on_ble_evt) for ble_tps_on_ble_evt
    main.o(i.ble_evt_dispatch) refers to bsp_btn_ble.o(i.bsp_btn_ble_on_ble_evt) for bsp_btn_ble_on_ble_evt
    main.o(i.ble_evt_dispatch) refers to main.o(i.on_ble_evt) for on_ble_evt
    main.o(i.ble_evt_dispatch) refers to ble_advertising.o(i.ble_advertising_on_ble_evt) for ble_advertising_on_ble_evt
    main.o(i.ble_evt_dispatch) refers to main.o(.bss) for m_ble_db_discovery
    main.o(i.ble_stack_init) refers to softdevice_handler.o(i.softdevice_handler_init) for softdevice_handler_init
    main.o(i.ble_stack_init) refers to app_error.o(i.app_error_handler) for app_error_handler
    main.o(i.ble_stack_init) refers to softdevice_handler.o(i.softdevice_enable_get_default_config) for softdevice_enable_get_default_config
    main.o(i.ble_stack_init) refers to softdevice_handler.o(i.sd_check_ram_start) for sd_check_ram_start
    main.o(i.ble_stack_init) refers to softdevice_handler.o(i.softdevice_enable) for softdevice_enable
    main.o(i.ble_stack_init) refers to softdevice_handler.o(i.softdevice_ble_evt_handler_set) for softdevice_ble_evt_handler_set
    main.o(i.ble_stack_init) refers to softdevice_handler.o(i.softdevice_sys_evt_handler_set) for softdevice_sys_evt_handler_set
    main.o(i.ble_stack_init) refers to main.o(.constdata) for .constdata
    main.o(i.ble_stack_init) refers to main.o(.bss) for BLE_EVT_BUFFER
    main.o(i.ble_stack_init) refers to main.o(i.ble_evt_dispatch) for ble_evt_dispatch
    main.o(i.ble_stack_init) refers to main.o(i.sys_evt_dispatch) for sys_evt_dispatch
    main.o(i.bsp_event_handler) refers to main.o(i.sleep_mode_enter) for sleep_mode_enter
    main.o(i.bsp_event_handler) refers to app_error.o(i.app_error_handler) for app_error_handler
[...]
    ble_lls_alert_level_get                  0x0001f877   Thumb Code    36  ble_lls.o(i.ble_lls_alert_level_get)
    ble_lls_init                             0x0001f89b   Thumb Code    68  ble_lls.o(i.ble_lls_init)
    ble_lls_on_ble_evt                       0x0001f8df   Thumb Code    58  ble_lls.o(i.ble_lls_on_ble_evt)
    ble_srv_report_ref_encode                0x0001f919   Thumb Code    64  ble_srv_common.o(i.ble_srv_report_ref_encode)
    ble_tps_init                             0x0001fa9d   Thumb Code    50  ble_tps.o(i.ble_tps_init)
    ble_tps_on_ble_evt                       0x0001facf   Thumb Code    28  ble_tps.o(i.ble_tps_on_ble_evt)
    bsp_btn_ble_init                         0x0001faed   Thumb Code    48  bsp_btn_ble.o(i.bsp_btn_ble_init)
    bsp_btn_ble_on_ble_evt                   0x0001fb25   Thumb Code   110  bsp_btn_ble.o(i.bsp_btn_ble_on_ble_evt)
    bsp_btn_ble_sleep_mode_prepare           0x0001fb9d   Thumb Code    28  bsp_btn_ble.o(i.bsp_btn_ble_sleep_mode_prepare)
    bsp_button_is_pressed                    0x0001fc95   Thumb Code    46  bsp.o(i.bsp_button_is_pressed)
    bsp_event_to_button_action_assign        0x0001fdad   Thumb Code    86  bsp.o(i.bsp_event_to_button_action_assign)
    bsp_indication_set                       0x0001fe09   Thumb Code    28  bsp.o(i.bsp_indication_set)
    bsp_init                                 0x0001fe29   Thumb Code   164  bsp.o(i.bsp_init)
    bsp_wakeup_buttons_set                   0x00020495   Thumb Code    70  bsp.o(i.bsp_wakeup_buttons_set)
    chunk_queue_next                         0x00020719   Thumb Code    26  fds.o(i.chunk_queue_next)
    fds_descriptor_from_rec_id               0x000211c9   Thumb Code    22  fds.o(i.fds_descriptor_from_rec_id)
    fds_file_delete                          0x00021301   Thumb Code    72  fds.o(i.fds_file_delete)
    fds_gc                                   0x00021349   Thumb Code    60  fds.o(i.fds_gc)
    fds_init                                 0x00021389   Thumb Code   178  fds.o(i.fds_init)
    fds_record_close                         0x000214f5   Thumb Code    84  fds.o(i.fds_record_close)
    fds_record_delete                        0x0002154d   Thumb Code    66  fds.o(i.fds_record_delete)
    fds_record_find                          0x0002158f   Thumb Code    22  fds.o(i.fds_record_find)
    fds_record_find_by_key                   0x000215a5   Thumb Code    20  fds.o(i.fds_record_find_by_key)
    fds_record_find_in_file                  0x000215b9   Thumb Code    20  fds.o(i.fds_record_find_in_file)
    fds_record_id_from_desc                  0x000215cd   Thumb Code    18  fds.o(i.fds_record_id_from_desc)
    fds_record_open                          0x000215e1   Thumb Code    72  fds.o(i.fds_record_open)
    fds_record_update                        0x0002162d   Thumb Code    26  fds.o(i.fds_record_update)
    fds_record_write                         0x00021647   Thumb Code    20  fds.o(i.fds_record_write)
    fds_record_write_reserved                0x0002165b   Thumb Code    28  fds.o(i.fds_record_write_reserved)
    fds_register                             0x00021679   Thumb Code    38  fds.o(i.fds_register)
    fds_reserve                              0x000216a9   Thumb Code    48  fds.o(i.fds_reserve)
    fds_reserve_cancel                       0x000216d9   Thumb Code    74  fds.o(i.fds_reserve_cancel)
    fputc                                    0x00021a5f   Thumb Code    16  retarget.o(i.fputc)
    fs_erase                                 0x00021a71   Thumb Code   118  fstorage.o(i.fs_erase)
    fs_init                                  0x00021b15   Thumb Code   128  fstorage.o(i.fs_init)
    fs_queued_op_count_get                   0x00021ba1   Thumb Code    18  fstorage.o(i.fs_queued_op_count_get)
    fs_store                                 0x00021bb9   Thumb Code   128  fstorage.o(i.fs_store)
    fs_sys_event_handler                     0x00021c3d   Thumb Code   100  fstorage.o(i.fs_sys_event_handler)
    gccm_init                                0x00022065   Thumb Code    34  gattc_cache_manager.o(i.gccm_init)
    gcm_ble_evt_handler                      0x00022091   Thumb Code   112  gatt_cache_manager.o(i.gcm_ble_evt_handler)
    gcm_init                                 0x000221c5   Thumb Code   166  gatt_cache_manager.o(i.gcm_init)
    gcm_local_database_has_changed           0x00022281   Thumb Code    70  gatt_cache_manager.o(i.gcm_local_database_has_changed)
    get_connection_by_conn_handle            0x000222cd   Thumb Code    54  id_manager.o(i.get_connection_by_conn_handle)
    get_free_connection                      0x00022309   Thumb Code    44  id_manager.o(i.get_free_connection)
    gscm_db_change_notification_done         0x000223b9   Thumb Code    38  gatts_cache_manager.o(i.gscm_db_change_notification_done)
    gscm_init                                0x00022465   Thumb Code    34  gatts_cache_manager.o(i.gscm_init)
    gscm_local_database_has_changed          0x00022491   Thumb Code    34  gatts_cache_manager.o(i.gscm_local_database_has_changed)
    gscm_local_db_cache_apply                0x000224b9   Thumb Code   160  gatts_cache_manager.o(i.gscm_local_db_cache_apply)
    gscm_local_db_cache_update               0x0002255d   Thumb Code   164  gatts_cache_manager.o(i.gscm_local_db_cache_update)
    gscm_service_changed_ind_needed          0x00022605   Thumb Code    44  gatts_cache_manager.o(i.gscm_service_changed_ind_needed)
    gscm_service_changed_ind_send            0x00022631   Thumb Code    54  gatts_cache_manager.o(i.gscm_service_changed_ind_send)
    im_address_resolve                       0x00022725   Thumb Code    72  id_manager.o(i.im_address_resolve)
    im_ble_addr_get                          0x0002276d   Thumb Code    76  id_manager.o(i.im_ble_addr_get)
    im_ble_evt_handler                       0x000227bd   Thumb Code   228  id_manager.o(i.im_ble_evt_handler)
    im_conn_handle_get                       0x000228a5   Thumb Code    46  id_manager.o(i.im_conn_handle_get)
    im_master_id_is_valid                    0x00022961   Thumb Code    34  id_manager.o(i.im_master_id_is_valid)
    im_master_ids_compare                    0x00022983   Thumb Code    50  id_manager.o(i.im_master_ids_compare)
    im_new_peer_id                           0x000229b5   Thumb Code    16  id_manager.o(i.im_new_peer_id)
    im_peer_free                             0x000229c5   Thumb Code    58  id_manager.o(i.im_peer_free)
    im_peer_id_get_by_conn_handle            0x00022a05   Thumb Code    44  id_manager.o(i.im_peer_id_get_by_conn_handle)
    im_peer_id_get_by_master_id              0x00022a35   Thumb Code    98  id_manager.o(i.im_peer_id_get_by_master_id)
    im_register                              0x00022a99   Thumb Code    96  id_manager.o(i.im_register)
    intern_softdevice_events_execute         0x00022c15   Thumb Code   150  softdevice_handler.o(i.intern_softdevice_events_execute)
    is_duplicate_bonding_data                0x00022e2f   Thumb Code    70  id_manager.o(i.is_duplicate_bonding_data)
    is_valid_irk                             0x00022e75   Thumb Code    24  id_manager.o(i.is_valid_irk)
    log_uart_init                            0x00023695   Thumb Code    70  nrf_log.o(i.log_uart_init)
    log_uart_printf                          0x000236f1   Thumb Code    26  nrf_log.o(i.log_uart_printf)
    log_uart_write_string                    0x0002370b   Thumb Code    22  nrf_log.o(i.log_uart_write_string)
    log_uart_write_string_many               0x00023721   Thumb Code    42  nrf_log.o(i.log_uart_write_string_many)
    main                                     0x0002374d   Thumb Code   208  main.o(i.main)
    new_connection                           0x000239a1   Thumb Code   108  id_manager.o(i.new_connection)
    next_id_get                              0x00023a11   Thumb Code    52  peer_id.o(i.next_id_get)
    nrf_drv_common_irq_enable                0x00023a45   Thumb Code    84  nrf_drv_common.o(i.nrf_drv_common_irq_enable)
    nrf_drv_gpiote_in_event_enable           0x00023aa5   Thumb Code   170  nrf_drv_gpiote.o(i.nrf_drv_gpiote_in_event_enable)
    nrf_drv_gpiote_in_init                   0x00023b5d   Thumb Code   198  nrf_drv_gpiote.o(i.nrf_drv_gpiote_in_init)
    nrf_drv_gpiote_in_is_set                 0x00023c35   Thumb Code    24  nrf_drv_gpiote.o(i.nrf_drv_gpiote_in_is_set)
    nrf_drv_gpiote_init                      0x00023c51   Thumb Code    78  nrf_drv_gpiote.o(i.nrf_drv_gpiote_init)
    nrf_drv_gpiote_is_init                   0x00023ca5   Thumb Code    16  nrf_drv_gpiote.o(i.nrf_drv_gpiote_is_init)
    nrf_drv_saadc_buffer_convert             0x00023cb9   Thumb Code   134  nrf_drv_saadc.o(i.nrf_drv_saadc_buffer_convert)
    nrf_drv_saadc_channel_init               0x00023d45   Thumb Code    84  nrf_drv_saadc.o(i.nrf_drv_saadc_channel_init)
    nrf_drv_saadc_init                       0x00023d9d   Thumb Code   114  nrf_drv_saadc.o(i.nrf_drv_saadc_init)
    nrf_drv_saadc_sample                     0x00023e1d   Thumb Code    26  nrf_drv_saadc.o(i.nrf_drv_saadc_sample)
    nrf_drv_uart_init                        0x00023e3d   Thumb Code   202  nrf_drv_uart.o(i.nrf_drv_uart_init)
    nrf_drv_uart_rx                          0x00023f21   Thumb Code   168  nrf_drv_uart.o(i.nrf_drv_uart_rx)
    nrf_drv_uart_rx_enable                   0x00023fd1   Thumb Code    26  nrf_drv_uart.o(i.nrf_drv_uart_rx_enable)
    nrf_drv_uart_tx                          0x00024159   Thumb Code    66  nrf_drv_uart.o(i.nrf_drv_uart_tx)
    nrf_drv_uart_tx_in_progress              0x0002429d   Thumb Code    14  nrf_drv_uart.o(i.nrf_drv_uart_tx_in_progress)
    nrf_saadc_channel_init                   0x000243bd   Thumb Code    98  nrf_saadc.o(i.nrf_saadc_channel_init)
    pdb_next_peer_id_get                     0x000255b5   Thumb Code    26  peer_database.o(i.pdb_next_peer_id_get)
    pdb_peer_allocate                        0x000255d5   Thumb Code    22  peer_database.o(i.pdb_peer_allocate)
    pdb_peer_free                            0x000255f1   Thumb Code   104  peer_database.o(i.pdb_peer_free)
    pdb_raw_read                             0x0002565d   Thumb Code    38  peer_database.o(i.pdb_raw_read)
    pdb_raw_store                            0x00025689   Thumb Code    42  peer_database.o(i.pdb_raw_store)
    pdb_read_buf_get                         0x000256b9   Thumb Code    44  peer_database.o(i.pdb_read_buf_get)
    pdb_register                             0x000256e9   Thumb Code   116  peer_database.o(i.pdb_register)
    pdb_write_buf_get                        0x0002576d   Thumb Code   326  peer_database.o(i.pdb_write_buf_get)
    pdb_write_buf_release                    0x000258b9   Thumb Code    70  peer_database.o(i.pdb_write_buf_release)
    pdb_write_buf_store                      0x00025905   Thumb Code   290  peer_database.o(i.pdb_write_buf_store)
    pdb_write_buf_store_prepare              0x00025a2d   Thumb Code   136  peer_database.o(i.pdb_write_buf_store_prepare)
    pds_next_peer_id_get                     0x00025cb1   Thumb Code    40  peer_data_storage.o(i.pds_next_peer_id_get)
    pds_peer_data_read                       0x00025cdd   Thumb Code   154  peer_data_storage.o(i.pds_peer_data_read)
    pds_peer_data_read_ptr_get               0x00025d79   Thumb Code   148  peer_data_storage.o(i.pds_peer_data_read_ptr_get)
    pds_peer_data_update                     0x00025e11   Thumb Code   206  peer_data_storage.o(i.pds_peer_data_update)
    pds_peer_data_write                      0x00025ee5   Thumb Code   192  peer_data_storage.o(i.pds_peer_data_write)
    pds_peer_data_write_prepare              0x00025fa9   Thumb Code   122  peer_data_storage.o(i.pds_peer_data_write_prepare)
    pds_peer_data_write_prepare_cancel       0x00026029   Thumb Code    58  peer_data_storage.o(i.pds_peer_data_write_prepare_cancel)
    pds_peer_data_write_prepared             0x00026069   Thumb Code   198  peer_data_storage.o(i.pds_peer_data_write_prepared)
    pds_peer_id_allocate                     0x00026135   Thumb Code    40  peer_data_storage.o(i.pds_peer_id_allocate)
    pds_peer_id_free                         0x00026161   Thumb Code    60  peer_data_storage.o(i.pds_peer_id_free)
    pds_peer_id_is_allocated                 0x000261a1   Thumb Code    38  peer_data_storage.o(i.pds_peer_id_is_allocated)
    pds_register                             0x000261cd   Thumb Code    96  peer_data_storage.o(i.pds_register)
    peer_data_deserialize                    0x00026305   Thumb Code    56  peer_data.o(i.peer_data_deserialize)
    peer_data_parts_get                      0x00026347   Thumb Code    26  peer_data.o(i.peer_data_parts_get)
    peer_id_allocate                         0x0002637d   Thumb Code    14  peer_id.o(i.peer_id_allocate)
    peer_id_delete                           0x00026391   Thumb Code    38  peer_id.o(i.peer_id_delete)
    peer_id_free                             0x000263bd   Thumb Code    24  peer_id.o(i.peer_id_free)
    peer_id_get_next_deleted                 0x000263d9   Thumb Code    14  peer_id.o(i.peer_id_get_next_deleted)
    peer_id_get_next_used                    0x000263ed   Thumb Code    14  peer_id.o(i.peer_id_get_next_used)
    peer_id_init                             0x00026401   Thumb Code    32  peer_id.o(i.peer_id_init)
    peer_id_is_allocated                     0x00026425   Thumb Code    22  peer_id.o(i.peer_id_is_allocated)
    pm_buffer_block_acquire                  0x00026695   Thumb Code    98  pm_buffer.o(i.pm_buffer_block_acquire)
    pm_buffer_init                           0x000266f7   Thumb Code    78  pm_buffer.o(i.pm_buffer_init)
    pm_buffer_ptr_get                        0x00026745   Thumb Code    48  pm_buffer.o(i.pm_buffer_ptr_get)
    pm_buffer_release                        0x00026775   Thumb Code    40  pm_buffer.o(i.pm_buffer_release)
    pm_conn_sec_config_reply                 0x0002679d   Thumb Code    16  peer_manager.o(i.pm_conn_sec_config_reply)
    pm_conn_secure                           0x000267ad   Thumb Code    38  peer_manager.o(i.pm_conn_secure)
    pm_init                                  0x000269c1   Thumb Code   136  peer_manager.o(i.pm_init)
    pm_local_database_has_changed            0x00026a5d   Thumb Code    26  peer_manager.o(i.pm_local_database_has_changed)
    pm_mutex_init                            0x00026a7d   Thumb Code    20  pm_mutex.o(i.pm_mutex_init)
    pm_mutex_lock                            0x00026a91   Thumb Code    32  pm_mutex.o(i.pm_mutex_lock)
    pm_mutex_lock_first_available            0x00026ab1   Thumb Code    48  pm_mutex.o(i.pm_mutex_lock_first_available)
    pm_mutex_lock_status_get                 0x00026ae1   Thumb Code    36  pm_mutex.o(i.pm_mutex_lock_status_get)
    pm_mutex_unlock                          0x00026b05   Thumb Code    56  pm_mutex.o(i.pm_mutex_unlock)
    pm_on_ble_evt                            0x00026b3d   Thumb Code    42  peer_manager.o(i.pm_on_ble_evt)
    pm_peer_delete                           0x00026b6d   Thumb Code    30  peer_manager.o(i.pm_peer_delete)
    pm_peer_rank_highest                     0x00026b91   Thumb Code   190  peer_manager.o(i.pm_peer_rank_highest)
    pm_peer_ranks_get                        0x00026c59   Thumb Code   212  peer_manager.o(i.pm_peer_ranks_get)
    pm_peers_delete                          0x00026d35   Thumb Code    82  peer_manager.o(i.pm_peers_delete)
    pm_register                              0x00026d8d   Thumb Code    56  peer_manager.o(i.pm_register)
    pm_sec_params_set                        0x00026dc9   Thumb Code    40  peer_manager.o(i.pm_sec_params_set)
    pstorage_access_status_get               0x00026e25   Thumb Code    36  pstorage.o(i.pstorage_access_status_get)
    saadc_event_handler                      0x0002762d   Thumb Code   144  main.o(i.saadc_event_handler)
    sd_check_ram_start                       0x000276d1   Thumb Code    22  softdevice_handler.o(i.sd_check_ram_start)
    sdk_mapped_flags_bulk_update_by_key      0x0002783d   Thumb Code   118  sdk_mapped_flags.o(i.sdk_mapped_flags_bulk_update_by_key)
    sdk_mapped_flags_first_key_index_get     0x000278b3   Thumb Code    36  sdk_mapped_flags.o(i.sdk_mapped_flags_first_key_index_get)
    sdk_mapped_flags_get_by_key              0x000278e9   Thumb Code    46  sdk_mapped_flags.o(i.sdk_mapped_flags_get_by_key)
    sdk_mapped_flags_key_list_get            0x00027917   Thumb Code    66  sdk_mapped_flags.o(i.sdk_mapped_flags_key_list_get)
    sdk_mapped_flags_update_by_key           0x00027959   Thumb Code    26  sdk_mapped_flags.o(i.sdk_mapped_flags_update_by_key)
    sm_ble_evt_handler                       0x00027f65   Thumb Code    36  security_manager.o(i.sm_ble_evt_handler)
    sm_conn_sec_config_reply                 0x00027f8d   Thumb Code    30  security_manager.o(i.sm_conn_sec_config_reply)
    sm_link_secure                           0x0002815d   Thumb Code    40  security_manager.o(i.sm_link_secure)
    sm_register                              0x00028189   Thumb Code   168  security_manager.o(i.sm_register)
    sm_sec_params_set                        0x0002823d   Thumb Code    64  security_manager.o(i.sm_sec_params_set)
    smd_ble_evt_handler                      0x00028281   Thumb Code    88  security_dispatcher.o(i.smd_ble_evt_handler)
    smd_link_secure                          0x00028391   Thumb Code    72  security_dispatcher.o(i.smd_link_secure)
    smd_params_reply                         0x000283dd   Thumb Code   302  security_dispatcher.o(i.smd_params_reply)
    smd_register                             0x00028595   Thumb Code   100  security_dispatcher.o(i.smd_register)
    softdevice_ble_evt_handler_set           0x00028601   Thumb Code    20  softdevice_handler.o(i.softdevice_ble_evt_handler_set)
    softdevice_enable                        0x00028619   Thumb Code    24  softdevice_handler.o(i.softdevice_enable)
    softdevice_enable_get_default_config     0x00028635   Thumb Code    44  softdevice_handler.o(i.softdevice_enable_get_default_config)
    softdevice_fault_handler                 0x00028661   Thumb Code    20  softdevice_handler.o(i.softdevice_fault_handler)
    softdevice_handler_init                  0x00028675   Thumb Code    80  softdevice_handler.o(i.softdevice_handler_init)
    softdevice_sys_evt_handler_set           0x000286d9   Thumb Code    20  softdevice_handler.o(i.softdevice_sys_evt_handler_set)
    uart_error_cb                            0x00028d11   Thumb Code    46  nrf_log.o(i.uart_error_cb)
    Region$$Table$$Base                      0x00029a3c   Number         0  anon$$obj.o(Region$$Table)
    Region$$Table$$Limit                     0x00029a5c   Number         0  anon$$obj.o(Region$$Table)
    Image$$RW_IRAM1$$Base                    0x20002080   Number         0  anon$$obj.o ABSOLUTE
    __stdout                                 0x20002218   Data           4  retarget.o(.data)
    __stdin                                  0x2000221c   Data           4  retarget.o(.data)
    SystemCoreClock                          0x20002238   Data           4  system_nrf52.o(.data)
    fs_data$$Base                            0x2000223c   Number         0  fds.o(fs_data)
    fs_data$$Limit                           0x2000224c   Number         0  fds.o(fs_data)
    nrf_nvic_state                           0x20003560   Data          12  softdevice_handler.o(.bss)
    __initial_sp                             0x20005570   Data           0  arm_startup_nrf52.o(STACK)



==============================================================================

Memory Map of the image

  Image Entry point : 0x0001c401

  Load Region LR_IROM1 (Base: 0x0001c000, Size: 0x0000dc28, Max: 0x00064000, ABSOLUTE, COMPRESSED[0x0000da88])

    Execution Region ER_IROM1 (Base: 0x0001c000, Size: 0x0000da5c, Max: 0x00064000, ABSOLUTE)

    Base Addr    Size         Type   Attr      Idx    E Section Name        Object

    0x0001c000   0x00000400   Data   RO         5846    RESET               arm_startup_nrf52.o
    0x0001c400   0x00000000   Code   RO         5926  * .ARM.Collect$$$$00000000  mc_w.l(entry.o)
    0x0001c400   0x00000004   Code   RO         5969    .ARM.Collect$$$$00000001  mc_w.l(entry2.o)
    0x0001c404   0x00000004   Code   RO         5972    .ARM.Collect$$$$00000004  mc_w.l(entry5.o)
    0x0001c408   0x00000000   Code   RO         5974    .ARM.Collect$$$$00000008  mc_w.l(entry7b.o)
    0x0001c408   0x00000000   Code   RO         5976    .ARM.Collect$$$$0000000A  mc_w.l(entry8b.o)
    0x0001c408   0x00000008   Code   RO         5977    .ARM.Collect$$$$0000000B  mc_w.l(entry9a.o)
    0x0001c410   0x00000000   Code   RO         5979    .ARM.Collect$$$$0000000D  mc_w.l(entry10a.o)
    0x0001c410   0x00000000   Code   RO         5981    .ARM.Collect$$$$0000000F  mc_w.l(entry11a.o)
    0x0001c410   0x00000004   Code   RO         5970    .ARM.Collect$$$$00002712  mc_w.l(entry2.o)
    0x0001c414   0x00000076   Code   RO         4511    .emb_text           app_timer.o
    0x0001c48a   0x00000002   PAD
    0x0001c48c   0x00000024   Code   RO         5847    .text               arm_startup_nrf52.o
    0x0001c4b0   0x00000024   Code   RO         5929    .text               mc_w.l(memcpya.o)
    0x0001c4d4   0x00000024   Code   RO         5931    .text               mc_w.l(memseta.o)
    0x0001c4f8   0x0000001a   Code   RO         5935    .text               mc_w.l(memcmp.o)
    0x0001c512   0x0000002c   Code   RO         5983    .text               mc_w.l(uidiv.o)
    0x0001c53e   0x00000062   Code   RO         5985    .text               mc_w.l(uldiv.o)
    0x0001c5a0   0x00000000   Code   RO         5987    .text               mc_w.l(iusefp.o)
    0x0001c5a0   0x0000014e   Code   RO         5988    .text               mf_w.l(dadd.o)
    0x0001c6ee   0x000000e4   Code   RO         5990    .text               mf_w.l(dmul.o)
    0x0001c7d2   0x000000de   Code   RO         5992    .text               mf_w.l(ddiv.o)
    0x0001c8b0   0x00000030   Code   RO         5994    .text               mf_w.l(dfixul.o)
    0x0001c8e0   0x00000030   Code   RO         5996    .text               mf_w.l(cdrcmple.o)
    0x0001c910   0x00000024   Code   RO         5998    .text               mc_w.l(init.o)
    0x0001c934   0x0000001e   Code   RO         6000    .text               mc_w.l(llshl.o)
    0x0001c952   0x00000020   Code   RO         6002    .text               mc_w.l(llushr.o)
    0x0001c972   0x00000024   Code   RO         6004    .text               mc_w.l(llsshr.o)
    0x0001c996   0x000000ba   Code   RO         6006    .text               mf_w.l(depilogue.o)
    0x0001ca50   0x00000056   Code   RO         6016    .text               mc_w.l(__dczerorl2.o)
    0x0001caa6   0x00000002   PAD
    0x0001caa8   0x000001b8   Code   RO         3289    i.GPIOTE_IRQHandler  nrf_drv_gpiote.o
    0x0001cc60   0x00000018   Code   RO         4512    i.NVIC_ClearPendingIRQ  app_timer.o
    0x0001cc78   0x00000016   Code   RO         4513    i.NVIC_EnableIRQ    app_timer.o
    0x0001cc8e   0x00000002   PAD
    0x0001cc90   0x00000018   Code   RO         4514    i.NVIC_SetPendingIRQ  app_timer.o
    0x0001cca8   0x00000028   Code   RO         4515    i.NVIC_SetPriority  app_timer.o
    0x0001ccd0   0x00000034   Code   RO         4516    i.RTC1_IRQHandler   app_timer.o
    0x0001cd04   0x000000d8   Code   RO         3528    i.SAADC_IRQHandler  nrf_drv_saadc.o
    0x0001cddc   0x00000008   Code   RO         4517    i.SWI0_EGU0_IRQHandler  app_timer.o
    0x0001cde4   0x00000038   Code   RO         5745    i.SWI2_EGU2_IRQHandler  softdevice_handler.o
    0x0001ce1c   0x00000010   Code   RO         5854    i.SystemCoreClockUpdate  system_nrf52.o
    0x0001ce2c   0x00000234   Code   RO         5855    i.SystemInit        system_nrf52.o
    0x0001d060   0x00000018   Code   RO         3668    i.UARTE0_UART0_IRQHandler  nrf_drv_uart.o
    0x0001d078   0x00000010   Code   RO         5946    i.__0vprintf        mc_w.l(printfa.o)
    0x0001d088   0x0000000e   Code   RO         6010    i.__scatterload_copy  mc_w.l(handlers.o)
    0x0001d096   0x00000002   Code   RO         6011    i.__scatterload_null  mc_w.l(handlers.o)
    0x0001d098   0x0000000e   Code   RO         6012    i.__scatterload_zeroinit  mc_w.l(handlers.o)
    0x0001d0a6   0x0000000c   Code   RO         4739    i.__sd_nvic_irq_disable  app_util_platform.o
    0x0001d0b2   0x00000002   PAD
    0x0001d0b4   0x00000184   Code   RO         5949    i._fp_digits        mc_w.l(printfa.o)
    0x0001d238   0x000006dc   Code   RO         5950    i._printf_core      mc_w.l(printfa.o)
    0x0001d914   0x00000024   Code   RO         5951    i._printf_post_padding  mc_w.l(printfa.o)
    0x0001d938   0x0000002e   Code   RO         5952    i._printf_pre_padding  mc_w.l(printfa.o)
    0x0001d966   0x00000002   PAD
    0x0001d968   0x000000b4   Code   RO            4    i.adc_configure     main.o
    0x0001da1c   0x0000002e   Code   RO         1886    i.addr_compare      id_manager.o
    0x0001da4a   0x00000002   PAD
    0x0001da4c   0x0000002c   Code   RO         4815    i.address_is_valid  fds.o
    0x0001da78   0x000001c6   Code   RO          661    i.adv_data_encode   ble_advdata.o
    0x0001dc3e   0x00000012   Code   RO          662    i.advdata_check     ble_advdata.o
    0x0001dc50   0x00000054   Code   RO          608    i.advertising_buttons_configure  bsp_btn_ble.o
    0x0001dca4   0x00000084   Code   RO            5    i.advertising_init  main.o
    0x0001dd28   0x00000034   Code   RO            6    i.advertising_start  main.o
    0x0001dd5c   0x00000058   Code   RO         1887    i.ah                id_manager.o
    0x0001ddb4   0x000000e4   Code   RO         1321    i.alert_level_char_add  ble_ias.o
    0x0001de98   0x000000c6   Code   RO         1438    i.alert_level_char_add  ble_lls.o
    0x0001df5e   0x00000002   PAD
    0x0001df60   0x0000008c   Code   RO            7    i.alert_signal      main.o
    0x0001dfec   0x00000024   Code   RO          493    i.alert_timer_handler  bsp.o
    0x0001e010   0x0000002c   Code   RO         4306    i.app_button_enable  app_button.o
    0x0001e03c   0x000000a8   Code   RO         4307    i.app_button_init   app_button.o
    0x0001e0e4   0x0000001a   Code   RO         4407    i.app_error_fault_handler  app_error_weak.o
    0x0001e0fe   0x00000020   Code   RO         4367    i.app_error_handler  app_error.o
    0x0001e11e   0x00000002   PAD
    0x0001e120   0x00000088   Code   RO         4369    i.app_error_save_and_stop  app_error.o
    0x0001e1a8   0x0000001e   Code   RO         4432    i.app_fifo_get      app_fifo.o
    0x0001e1c6   0x00000024   Code   RO         4433    i.app_fifo_init     app_fifo.o
    0x0001e1ea   0x00000022   Code   RO         4435    i.app_fifo_put      app_fifo.o
    0x0001e20c   0x0000003c   Code   RO         4520    i.app_timer_create  app_timer.o
    0x0001e248   0x000000b8   Code   RO         4521    i.app_timer_init    app_timer.o
    0x0001e300   0x00000058   Code   RO         4522    i.app_timer_start   app_timer.o
    0x0001e358   0x00000034   Code   RO         4523    i.app_timer_stop    app_timer.o
    0x0001e38c   0x000000cc   Code   RO         3140    i.app_uart_init     app_uart_fifo.o
    0x0001e458   0x00000038   Code   RO         3141    i.app_uart_put      app_uart_fifo.o
    0x0001e490   0x0000000c   Code   RO         4740    i.app_util_critical_region_enter  app_util_platform.o
    0x0001e49c   0x00000048   Code   RO         4741    i.app_util_critical_region_exit  app_util_platform.o
    0x0001e4e4   0x00000052   Code   RO          663    i.appearance_encode  ble_advdata.o
    0x0001e536   0x00000002   PAD
    0x0001e538   0x000000bc   Code   RO         3669    i.apply_config      nrf_drv_uart.o
    0x0001e5f4   0x00000058   Code   RO         1587    i.apply_pending_flags_check  gatt_cache_manager.o
    0x0001e64c   0x00000014   Code   RO         2856    i.auth_status_failure_process  security_dispatcher.o
    0x0001e660   0x0000001c   Code   RO         2857    i.auth_status_process  security_dispatcher.o
    0x0001e67c   0x000000b8   Code   RO         2858    i.auth_status_success_process  security_dispatcher.o
    0x0001e734   0x000000dc   Code   RO            9    i.bas_init          main.o
    0x0001e810   0x000001d4   Code   RO          878    i.battery_level_char_add  ble_bas.o
    0x0001e9e4   0x0000009c   Code   RO           10    i.battery_level_in_percent  main.o
    0x0001ea80   0x00000034   Code   RO           11    i.battery_level_meas_timeout_handler  main.o
    0x0001eab4   0x00000094   Code   RO          664    i.ble_advdata_set   ble_advdata.o
    0x0001eb48   0x0000017c   Code   RO          783    i.ble_advertising_init  ble_advertising.o
    0x0001ecc4   0x000000f8   Code   RO          784    i.ble_advertising_on_ble_evt  ble_advertising.o
    0x0001edbc   0x0000004c   Code   RO          785    i.ble_advertising_on_sys_evt  ble_advertising.o
    0x0001ee08   0x00000010   Code   RO          787    i.ble_advertising_peer_address_clear  ble_advertising.o
    0x0001ee18   0x00000288   Code   RO          789    i.ble_advertising_start  ble_advertising.o
    0x0001f0a0   0x0000008c   Code   RO          879    i.ble_bas_battery_level_update  ble_bas.o
    0x0001f12c   0x0000004c   Code   RO          880    i.ble_bas_init      ble_bas.o
    0x0001f178   0x00000042   Code   RO          881    i.ble_bas_on_ble_evt  ble_bas.o
    0x0001f1ba   0x00000002   PAD
    0x0001f1bc   0x00000070   Code   RO          945    i.ble_conn_params_init  ble_conn_params.o
    0x0001f22c   0x0000003e   Code   RO          946    i.ble_conn_params_on_ble_evt  ble_conn_params.o
    0x0001f26a   0x00000002   PAD
    0x0001f26c   0x00000018   Code   RO         1037    i.ble_conn_state_conn_handles  ble_conn_state.o
    0x0001f284   0x00000018   Code   RO         1038    i.ble_conn_state_encrypted  ble_conn_state.o
    0x0001f29c   0x00000018   Code   RO         1040    i.ble_conn_state_mitm_protected  ble_conn_state.o
    0x0001f2b4   0x000000dc   Code   RO         1044    i.ble_conn_state_on_ble_evt  ble_conn_state.o
    0x0001f390   0x00000038   Code   RO         1046    i.ble_conn_state_role  ble_conn_state.o
    0x0001f3c8   0x00000024   Code   RO         1048    i.ble_conn_state_user_flag_acquire  ble_conn_state.o
    0x0001f3ec   0x0000001c   Code   RO         1049    i.ble_conn_state_user_flag_collection  ble_conn_state.o
    0x0001f408   0x00000024   Code   RO         1050    i.ble_conn_state_user_flag_get  ble_conn_state.o
    0x0001f42c   0x00000024   Code   RO         1051    i.ble_conn_state_user_flag_set  ble_conn_state.o
    0x0001f450   0x00000034   Code   RO         1194    i.ble_db_discovery_evt_register  ble_db_discovery.o
    0x0001f484   0x00000038   Code   RO         1195    i.ble_db_discovery_init  ble_db_discovery.o
    0x0001f4bc   0x0000006c   Code   RO         1196    i.ble_db_discovery_on_ble_evt  ble_db_discovery.o
    0x0001f528   0x000000a4   Code   RO         1197    i.ble_db_discovery_start  ble_db_discovery.o
    0x0001f5cc   0x00000074   Code   RO          665    i.ble_device_addr_encode  ble_advdata.o
    0x0001f640   0x00000074   Code   RO           12    i.ble_evt_dispatch  main.o
    0x0001f6b4   0x00000014   Code   RO         1372    i.ble_ias_c_handles_assign  ble_ias_c.o
    0x0001f6c8   0x0000005c   Code   RO         1373    i.ble_ias_c_init    ble_ias_c.o
    0x0001f724   0x0000000e   Code   RO         1374    i.ble_ias_c_is_discovered  ble_ias_c.o
    0x0001f732   0x0000002a   Code   RO         1375    i.ble_ias_c_on_ble_evt  ble_ias_c.o
    0x0001f75c   0x00000094   Code   RO         1376    i.ble_ias_c_on_db_disc_evt  ble_ias_c.o
    0x0001f7f0   0x0000001e   Code   RO         1377    i.ble_ias_c_send_alert_level  ble_ias_c.o
    0x0001f80e   0x0000003c   Code   RO         1323    i.ble_ias_init      ble_ias.o
    0x0001f84a   0x0000002c   Code   RO         1324    i.ble_ias_on_ble_evt  ble_ias.o
    0x0001f876   0x00000024   Code   RO         1439    i.ble_lls_alert_level_get  ble_lls.o
    0x0001f89a   0x00000044   Code   RO         1440    i.ble_lls_init      ble_lls.o
    0x0001f8de   0x0000003a   Code   RO         1441    i.ble_lls_on_ble_evt  ble_lls.o
    0x0001f918   0x0000007c   Code   RO         1495    i.ble_srv_report_ref_encode  ble_srv_common.o
    0x0001f994   0x00000108   Code   RO           13    i.ble_stack_init    main.o
    0x0001fa9c   0x00000032   Code   RO         1541    i.ble_tps_init      ble_tps.o
    0x0001face   0x0000001c   Code   RO         1542    i.ble_tps_on_ble_evt  ble_tps.o
    0x0001faea   0x00000002   PAD
    0x0001faec   0x00000038   Code   RO          609    i.bsp_btn_ble_init  bsp_btn_ble.o
    0x0001fb24   0x00000078   Code   RO          610    i.bsp_btn_ble_on_ble_evt  bsp_btn_ble.o
    0x0001fb9c   0x0000001c   Code   RO          611    i.bsp_btn_ble_sleep_mode_prepare  bsp_btn_ble.o
    0x0001fbb8   0x000000dc   Code   RO          494    i.bsp_button_event_handler  bsp.o
    0x0001fc94   0x00000038   Code   RO          495    i.bsp_button_is_pressed  bsp.o
    0x0001fccc   0x000000e0   Code   RO           14    i.bsp_event_handler  main.o
    0x0001fdac   0x0000005c   Code   RO          499    i.bsp_event_to_button_action_assign  bsp.o
    0x0001fe08   0x00000020   Code   RO          500    i.bsp_indication_set  bsp.o
    0x0001fe28   0x000000d0   Code   RO          502    i.bsp_init          bsp.o
    0x0001fef8   0x0000059c   Code   RO          503    i.bsp_led_indication  bsp.o
    0x00020494   0x00000050   Code   RO          504    i.bsp_wakeup_buttons_set  bsp.o
    0x000204e4   0x0000000e   Code   RO          505    i.button_timer_handler  bsp.o
    0x000204f2   0x00000002   PAD
    0x000204f4   0x00000074   Code   RO           15    i.buttons_leds_init  main.o
    0x00020568   0x00000020   Code   RO         1588    i.cccd_written      gatt_cache_manager.o
    0x00020588   0x00000020   Code   RO         3290    i.channel_free      nrf_drv_gpiote.o
    0x000205a8   0x00000010   Code   RO         3291    i.channel_handler_get  nrf_drv_gpiote.o
    0x000205b8   0x00000080   Code   RO         3292    i.channel_port_alloc  nrf_drv_gpiote.o
    0x00020638   0x0000000c   Code   RO         3293    i.channel_port_get  nrf_drv_gpiote.o
    0x00020644   0x00000060   Code   RO         1198    i.characteristics_discover  ble_db_discovery.o
    0x000206a4   0x00000020   Code   RO         5244    i.check_config      fstorage.o
    0x000206c4   0x00000022   Code   RO         4816    i.chunk_is_aligned  fds.o
    0x000206e6   0x00000002   PAD
    0x000206e8   0x00000030   Code   RO         4817    i.chunk_queue_get_and_advance  fds.o
    0x00020718   0x00000020   Code   RO         4818    i.chunk_queue_next  fds.o
    0x00020738   0x0000002c   Code   RO         4819    i.chunk_queue_skip  fds.o
    0x00020764   0x0000004a   Code   RO         2433    i.claim             peer_id.o
    0x000207ae   0x00000002   PAD
    0x000207b0   0x00000090   Code   RO         4525    i.compare_reg_update  app_timer.o
    0x00020840   0x0000005a   Code   RO          666    i.conn_int_check    ble_advdata.o
    0x0002089a   0x00000068   Code   RO          667    i.conn_int_encode   ble_advdata.o
    0x00020902   0x00000002   PAD
    0x00020904   0x00000028   Code   RO           16    i.conn_params_error_handler  main.o
    0x0002092c   0x00000070   Code   RO           17    i.conn_params_init  main.o
    0x0002099c   0x00000084   Code   RO          948    i.conn_params_negotiation  ble_conn_params.o
    0x00020a20   0x00000054   Code   RO         2859    i.conn_sec_update_process  security_dispatcher.o
    0x00020a74   0x00000054   Code   RO          612    i.connection_buttons_configure  bsp_btn_ble.o
    0x00020ac8   0x00000014   Code   RO           18    i.db_disc_handler   main.o
    0x00020adc   0x00000038   Code   RO           19    i.db_discovery_init  main.o
    0x00020b14   0x0000004a   Code   RO         4820    i.delete_execute    fds.o
    0x00020b5e   0x000000b6   Code   RO         1199    i.descriptors_discover  ble_db_discovery.o
    0x00020c14   0x0000008c   Code   RO         4309    i.detection_delay_timeout_handler  app_button.o
    0x00020ca0   0x00000022   Code   RO         2860    i.disconnect_process  security_dispatcher.o
    0x00020cc2   0x00000002   PAD
    0x00020cc4   0x000000b8   Code   RO         1200    i.discovery_complete_evt_trigger  ble_db_discovery.o
    0x00020d7c   0x0000003e   Code   RO         1201    i.discovery_error_evt_trigger  ble_db_discovery.o
    0x00020dba   0x00000002   PAD
    0x00020dbc   0x00000064   Code   RO         4526    i.elapsed_ticks_acquire  app_timer.o
    0x00020e20   0x00000038   Code   RO         2861    i.encryption_failure  security_dispatcher.o
    0x00020e58   0x0000000a   Code   RO         5245    i.erase_execute     fstorage.o
    0x00020e62   0x00000002   PAD
    0x00020e64   0x00000030   Code   RO         5856    i.errata_16         system_nrf52.o
    0x00020e94   0x00000054   Code   RO         5857    i.errata_31         system_nrf52.o
    0x00020ee8   0x00000030   Code   RO         5858    i.errata_32         system_nrf52.o
    0x00020f18   0x00000054   Code   RO         5859    i.errata_36         system_nrf52.o
    0x00020f6c   0x00000030   Code   RO         5860    i.errata_37         system_nrf52.o
    0x00020f9c   0x00000030   Code   RO         5861    i.errata_57         system_nrf52.o
    0x00020fcc   0x00000030   Code   RO         5862    i.errata_66         system_nrf52.o
    0x00020ffc   0x00000076   Code   RO         4822    i.event_prepare     fds.o
    0x00021072   0x00000002   PAD
    0x00021074   0x00000028   Code   RO         4823    i.event_send        fds.o
    0x0002109c   0x00000042   Code   RO         3004    i.events_send_from_err_code  security_manager.o
    0x000210de   0x00000002   PAD
    0x000210e0   0x00000024   Code   RO         1888    i.evt_send          id_manager.o
    0x00021104   0x00000024   Code   RO         2528    i.evt_send          peer_manager.o
    0x00021128   0x00000024   Code   RO         2862    i.evt_send          security_dispatcher.o
    0x0002114c   0x00000024   Code   RO         3005    i.evt_send          security_manager.o
    0x00021170   0x00000058   Code   RO         4527    i.expired_timers_handler  app_timer.o
    0x000211c8   0x00000016   Code   RO         4824    i.fds_descriptor_from_rec_id  fds.o
    0x000211de   0x00000002   PAD
    0x000211e0   0x00000120   Code   RO         2085    i.fds_evt_handler   peer_data_storage.o
    0x00021300   0x00000048   Code   RO         4825    i.fds_file_delete   fds.o
    0x00021348   0x00000040   Code   RO         4826    i.fds_gc            fds.o
    0x00021388   0x000000b2   Code   RO         4827    i.fds_init          fds.o
    0x0002143a   0x00000002   PAD
    0x0002143c   0x000000b8   Code   RO           20    i.fds_read          main.o
    0x000214f4   0x00000058   Code   RO         4828    i.fds_record_close  fds.o
    0x0002154c   0x00000042   Code   RO         4829    i.fds_record_delete  fds.o
    0x0002158e   0x00000016   Code   RO         4830    i.fds_record_find   fds.o
    0x000215a4   0x00000014   Code   RO         4831    i.fds_record_find_by_key  fds.o
    0x000215b8   0x00000014   Code   RO         4832    i.fds_record_find_in_file  fds.o
    0x000215cc   0x00000012   Code   RO         4833    i.fds_record_id_from_desc  fds.o
    0x000215de   0x00000002   PAD
    0x000215e0   0x0000004c   Code   RO         4835    i.fds_record_open   fds.o
    0x0002162c   0x0000001a   Code   RO         4836    i.fds_record_update  fds.o
    0x00021646   0x00000014   Code   RO         4837    i.fds_record_write  fds.o
    0x0002165a   0x0000001c   Code   RO         4838    i.fds_record_write_reserved  fds.o
    0x00021676   0x00000002   PAD
    0x00021678   0x00000030   Code   RO         4839    i.fds_register      fds.o
    0x000216a8   0x00000030   Code   RO         4840    i.fds_reserve       fds.o
    0x000216d8   0x00000050   Code   RO         4841    i.fds_reserve_cancel  fds.o
    0x00021728   0x0000005c   Code   RO           21    i.fds_test_find_and_delete  main.o
    0x00021784   0x00000024   Code   RO           22    i.fds_test_init     main.o
    0x000217a8   0x00000064   Code   RO           23    i.fds_test_write    main.o
    0x0002180c   0x00000018   Code   RO         4438    i.fifo_get          app_fifo.o
    0x00021824   0x0000000a   Code   RO         3142    i.fifo_length       app_uart_fifo.o
    0x0002182e   0x0000000a   Code   RO         4439    i.fifo_length       app_fifo.o
    0x00021838   0x00000012   Code   RO         4440    i.fifo_peek         app_fifo.o
    0x0002184a   0x00000012   Code   RO         4441    i.fifo_put          app_fifo.o
    0x0002185c   0x00000040   Code   RO         4843    i.file_find_and_delete  fds.o
    0x0002189c   0x0000000a   Code   RO         2086    i.file_id_to_peer_id  peer_data_storage.o
    0x000218a6   0x0000005c   Code   RO         2087    i.find_fds_item     peer_data_storage.o
    0x00021902   0x00000002   PAD
    0x00021904   0x00000010   Code   RO         4844    i.flag_clear        fds.o
    0x00021914   0x00000012   Code   RO         2863    i.flag_id_init      security_dispatcher.o
    0x00021926   0x00000012   Code   RO         3006    i.flag_id_init      security_manager.o
    0x00021938   0x00000018   Code   RO         4845    i.flag_is_set       fds.o
    0x00021950   0x00000010   Code   RO         4846    i.flag_set          fds.o
    0x00021960   0x00000036   Code   RO          668    i.flags_encode      ble_advdata.o
    0x00021996   0x00000002   PAD
    0x00021998   0x00000090   Code   RO         3007    i.flags_set_from_err_code  security_manager.o
    0x00021a28   0x00000036   Code   RO          791    i.flash_access_in_progress  ble_advertising.o
    0x00021a5e   0x00000010   Code   RO         5471    i.fputc             retarget.o
    0x00021a6e   0x00000002   PAD
    0x00021a70   0x0000007c   Code   RO         5246    i.fs_erase          fstorage.o
    0x00021aec   0x0000000e   Code   RO         4847    i.fs_event_handler  fds.o
    0x00021afa   0x00000018   Code   RO         5247    i.fs_flash_page_end_addr  fstorage.o
    0x00021b12   0x00000002   PAD
    0x00021b14   0x0000008c   Code   RO         5248    i.fs_init           fstorage.o
    0x00021ba0   0x00000018   Code   RO         5249    i.fs_queued_op_count_get  fstorage.o
    0x00021bb8   0x00000084   Code   RO         5250    i.fs_store          fstorage.o
    0x00021c3c   0x0000006c   Code   RO         5251    i.fs_sys_event_handler  fstorage.o
    0x00021ca8   0x000000e0   Code   RO           24    i.gap_params_init   main.o
    0x00021d88   0x00000070   Code   RO         4848    i.gc_execute        fds.o
    0x00021df8   0x0000003c   Code   RO         4849    i.gc_init           fds.o
    0x00021e34   0x00000028   Code   RO         4850    i.gc_next_page      fds.o
    0x00021e5c   0x00000040   Code   RO         4851    i.gc_page_erase     fds.o
    0x00021e9c   0x00000048   Code   RO         4852    i.gc_page_next      fds.o
    0x00021ee4   0x0000003c   Code   RO         4853    i.gc_record_copy    fds.o
    0x00021f20   0x00000024   Code   RO         4854    i.gc_record_find_next  fds.o
    0x00021f44   0x00000058   Code   RO         4855    i.gc_state_advance  fds.o
    0x00021f9c   0x00000028   Code   RO         4856    i.gc_swap_erase     fds.o
    0x00021fc4   0x00000044   Code   RO         4857    i.gc_swap_pages     fds.o
    0x00022008   0x00000020   Code   RO         4858    i.gc_swap_promote   fds.o
    0x00022028   0x00000018   Code   RO         4859    i.gc_tag_new_swap   fds.o
    0x00022040   0x00000020   Code   RO         4860    i.gc_update_swap_offset  fds.o
    0x00022060   0x00000002   Code   RO         1589    i.gccm_evt_handler  gatt_cache_manager.o
    0x00022062   0x00000002   PAD
    0x00022064   0x0000002c   Code   RO         1748    i.gccm_init         gattc_cache_manager.o
    0x00022090   0x00000074   Code   RO         1590    i.gcm_ble_evt_handler  gatt_cache_manager.o
    0x00022104   0x000000be   Code   RO         2529    i.gcm_evt_handler   peer_manager.o
    0x000221c2   0x00000002   PAD
    0x000221c4   0x000000bc   Code   RO         1591    i.gcm_init          gatt_cache_manager.o
    0x00022280   0x0000004c   Code   RO         1592    i.gcm_local_database_has_changed  gatt_cache_manager.o
    0x000222cc   0x0000003c   Code   RO         1889    i.get_connection_by_conn_handle  id_manager.o
    0x00022308   0x00000030   Code   RO         1890    i.get_free_connection  id_manager.o
    0x00022338   0x00000080   Code   RO         4310    i.gpiote_event_handler  app_button.o
    0x000223b8   0x00000030   Code   RO         1796    i.gscm_db_change_notification_done  gatts_cache_manager.o
    0x000223e8   0x0000007c   Code   RO         1598    i.gscm_evt_handler  gatt_cache_manager.o
    0x00022464   0x0000002c   Code   RO         1797    i.gscm_init         gatts_cache_manager.o
    0x00022490   0x00000028   Code   RO         1798    i.gscm_local_database_has_changed  gatts_cache_manager.o
    0x000224b8   0x000000a4   Code   RO         1799    i.gscm_local_db_cache_apply  gatts_cache_manager.o
    0x0002255c   0x000000a8   Code   RO         1802    i.gscm_local_db_cache_update  gatts_cache_manager.o
    0x00022604   0x0000002c   Code   RO         1803    i.gscm_service_changed_ind_needed  gatts_cache_manager.o
    0x00022630   0x0000003c   Code   RO         1804    i.gscm_service_changed_ind_send  gatts_cache_manager.o
    0x0002266c   0x00000018   Code   RO         4861    i.header_is_valid   fds.o
    0x00022684   0x00000058   Code   RO           25    i.ias_client_init   main.o
    0x000226dc   0x00000048   Code   RO           26    i.ias_init          main.o
    0x00022724   0x00000048   Code   RO         1891    i.im_address_resolve  id_manager.o
    0x0002276c   0x00000050   Code   RO         1892    i.im_ble_addr_get   id_manager.o
    0x000227bc   0x000000e8   Code   RO         1893    i.im_ble_evt_handler  id_manager.o
    0x000228a4   0x00000034   Code   RO         1894    i.im_conn_handle_get  id_manager.o
    0x000228d8   0x00000030   Code   RO         1599    i.im_evt_handler    gatt_cache_manager.o
    0x00022908   0x00000058   Code   RO         2530    i.im_evt_handler    peer_manager.o
    0x00022960   0x00000022   Code   RO         1895    i.im_master_id_is_valid  id_manager.o
    0x00022982   0x00000032   Code   RO         1896    i.im_master_ids_compare  id_manager.o
    0x000229b4   0x00000010   Code   RO         1897    i.im_new_peer_id    id_manager.o
    0x000229c4   0x00000040   Code   RO         1898    i.im_peer_free      id_manager.o
    0x00022a04   0x00000030   Code   RO         1899    i.im_peer_id_get_by_conn_handle  id_manager.o
    0x00022a34   0x00000062   Code   RO         1901    i.im_peer_id_get_by_master_id  id_manager.o
    0x00022a96   0x00000002   PAD
    0x00022a98   0x00000068   Code   RO         1902    i.im_register       id_manager.o
    0x00022b00   0x00000114   Code   RO         4862    i.init_execute      fds.o
    0x00022c14   0x000000b0   Code   RO         5746    i.intern_softdevice_events_execute  softdevice_handler.o
    0x00022cc4   0x00000008   Code   RO         1600    i.internal_state_reset  gatt_cache_manager.o
    0x00022ccc   0x00000006   Code   RO         1751    i.internal_state_reset  gattc_cache_manager.o
    0x00022cd2   0x0000000e   Code   RO         1805    i.internal_state_reset  gatts_cache_manager.o
    0x00022ce0   0x00000040   Code   RO         1905    i.internal_state_reset  id_manager.o
    0x00022d20   0x0000000e   Code   RO         2088    i.internal_state_reset  peer_data_storage.o
    0x00022d2e   0x00000028   Code   RO         2257    i.internal_state_reset  peer_database.o
    0x00022d56   0x0000000e   Code   RO         2434    i.internal_state_reset  peer_id.o
    0x00022d64   0x00000024   Code   RO         2531    i.internal_state_reset  peer_manager.o
    0x00022d88   0x00000022   Code   RO         1202    i.is_char_discovery_reqd  ble_db_discovery.o
    0x00022daa   0x00000002   PAD
    0x00022dac   0x00000024   Code   RO          949    i.is_conn_params_ok  ble_conn_params.o
    0x00022dd0   0x0000005e   Code   RO         1203    i.is_desc_discovery_reqd  ble_db_discovery.o
    0x00022e2e   0x00000046   Code   RO         1906    i.is_duplicate_bonding_data  id_manager.o
    0x00022e74   0x00000018   Code   RO         1907    i.is_valid_irk      id_manager.o
    0x00022e8c   0x00000010   Code   RO         4863    i.is_word_aligned   fds.o
    0x00022e9c   0x0000006a   Code   RO          669    i.le_role_encode    ble_advdata.o
    0x00022f06   0x00000002   PAD
    0x00022f08   0x00000020   Code   RO          506    i.leds_timer_handler  bsp.o
    0x00022f28   0x000000b8   Code   RO         3008    i.link_secure       security_manager.o
    0x00022fe0   0x0000008e   Code   RO         2864    i.link_secure_central  security_dispatcher.o
    0x0002306e   0x000000ea   Code   RO         2865    i.link_secure_central_existing_peer  security_dispatcher.o
    0x00023158   0x0000007c   Code   RO         2866    i.link_secure_central_new_peer  security_dispatcher.o
    0x000231d4   0x00000054   Code   RO         2867    i.link_secure_failure  security_dispatcher.o
    0x00023228   0x0000007c   Code   RO         3009    i.link_secure_pending_process  security_manager.o
    0x000232a4   0x0000001c   Code   RO         2868    i.link_secure_peripheral  security_dispatcher.o
    0x000232c0   0x00000098   Code   RO         4528    i.list_deletions_handler  app_timer.o
    0x00023358   0x0000010c   Code   RO         4529    i.list_insertions_handler  app_timer.o
    0x00023464   0x00000098   Code   RO           27    i.lls_init          main.o
    0x000234fc   0x000000a4   Code   RO         1601    i.local_db_apply_in_evt  gatt_cache_manager.o
    0x000235a0   0x000000c0   Code   RO         1602    i.local_db_update_in_evt  gatt_cache_manager.o
    0x00023660   0x00000034   Code   RO         2803    i.lock_by_mask      pm_mutex.o
    0x00023694   0x0000005c   Code   RO         5377    i.log_uart_init     nrf_log.o
    0x000236f0   0x0000001a   Code   RO         5378    i.log_uart_printf   nrf_log.o
    0x0002370a   0x00000016   Code   RO         5439    i.log_uart_write_string  nrf_log.o
    0x00023720   0x0000002a   Code   RO         5445    i.log_uart_write_string_many  nrf_log.o
    0x0002374a   0x00000002   PAD
    0x0002374c   0x000000f4   Code   RO           28    i.main              main.o
    0x00023840   0x00000076   Code   RO          670    i.manuf_specific_data_encode  ble_advdata.o
    0x000238b6   0x00000002   PAD
    0x000238b8   0x00000024   Code   RO           29    i.my_fds_evt_handler  main.o
    0x000238dc   0x000000c2   Code   RO          671    i.name_encode       ble_advdata.o
    0x0002399e   0x00000002   PAD
    0x000239a0   0x00000070   Code   RO         1908    i.new_connection    id_manager.o
    0x00023a10   0x00000034   Code   RO         2435    i.next_id_get       peer_id.o
    0x00023a44   0x00000060   Code   RO         3258    i.nrf_drv_common_irq_enable  nrf_drv_common.o
    0x00023aa4   0x000000b8   Code   RO         3296    i.nrf_drv_gpiote_in_event_enable  nrf_drv_gpiote.o
    0x00023b5c   0x000000d8   Code   RO         3297    i.nrf_drv_gpiote_in_init  nrf_drv_gpiote.o
    0x00023c34   0x0000001c   Code   RO         3298    i.nrf_drv_gpiote_in_is_set  nrf_drv_gpiote.o
    0x00023c50   0x00000054   Code   RO         3300    i.nrf_drv_gpiote_init  nrf_drv_gpiote.o
    0x00023ca4   0x00000014   Code   RO         3301    i.nrf_drv_gpiote_is_init  nrf_drv_gpiote.o
    0x00023cb8   0x0000008c   Code   RO         3530    i.nrf_drv_saadc_buffer_convert  nrf_drv_saadc.o
    0x00023d44   0x00000058   Code   RO         3531    i.nrf_drv_saadc_channel_init  nrf_drv_saadc.o
    0x00023d9c   0x00000080   Code   RO         3533    i.nrf_drv_saadc_init  nrf_drv_saadc.o
    0x00023e1c   0x00000020   Code   RO         3536    i.nrf_drv_saadc_sample  nrf_drv_saadc.o
    0x00023e3c   0x000000e4   Code   RO         3671    i.nrf_drv_uart_init  nrf_drv_uart.o
    0x00023f20   0x000000b0   Code   RO         3672    i.nrf_drv_uart_rx   nrf_drv_uart.o
    0x00023fd0   0x00000020   Code   RO         3675    i.nrf_drv_uart_rx_enable  nrf_drv_uart.o
    0x00023ff0   0x000000b4   Code   RO         3676    i.nrf_drv_uart_rx_for_uart  nrf_drv_uart.o
    0x000240a4   0x000000b4   Code   RO         3677    i.nrf_drv_uart_rx_for_uarte  nrf_drv_uart.o
    0x00024158   0x00000048   Code   RO         3678    i.nrf_drv_uart_tx   nrf_drv_uart.o
    0x000241a0   0x0000008c   Code   RO         3680    i.nrf_drv_uart_tx_for_uart  nrf_drv_uart.o
    0x0002422c   0x00000070   Code   RO         3681    i.nrf_drv_uart_tx_for_uarte  nrf_drv_uart.o
    0x0002429c   0x00000014   Code   RO         3682    i.nrf_drv_uart_tx_in_progress  nrf_drv_uart.o
    0x000242b0   0x00000024   Code   RO         3313    i.nrf_gpio_cfg      nrf_drv_gpiote.o
    0x000242d4   0x00000024   Code   RO         3684    i.nrf_gpio_cfg      nrf_drv_uart.o
    0x000242f8   0x0000001a   Code   RO         3686    i.nrf_gpio_cfg_input  nrf_drv_uart.o
    0x00024312   0x00000018   Code   RO         3687    i.nrf_gpio_cfg_output  nrf_drv_uart.o
    0x0002432a   0x00000002   PAD
    0x0002432c   0x00000024   Code   RO         3315    i.nrf_gpio_cfg_sense_set  nrf_drv_gpiote.o
    0x00024350   0x00000010   Code   RO         3688    i.nrf_gpio_pin_set  nrf_drv_uart.o
    0x00024360   0x0000000c   Code   RO         3318    i.nrf_gpiote_event_addr_get  nrf_drv_gpiote.o
    0x0002436c   0x0000001c   Code   RO         3319    i.nrf_gpiote_event_clear  nrf_drv_gpiote.o
    0x00024388   0x00000016   Code   RO         3320    i.nrf_gpiote_event_is_set  nrf_drv_gpiote.o
    0x0002439e   0x00000002   PAD
    0x000243a0   0x0000000c   Code   RO         3321    i.nrf_gpiote_int_enable  nrf_drv_gpiote.o
    0x000243ac   0x00000010   Code   RO         3539    i.nrf_saadc_buffer_init  nrf_drv_saadc.o
    0x000243bc   0x00000068   Code   RO         3947    i.nrf_saadc_channel_init  nrf_saadc.o
    0x00024424   0x00000018   Code   RO         3540    i.nrf_saadc_channel_input_set  nrf_drv_saadc.o
    0x0002443c   0x00000014   Code   RO         3541    i.nrf_saadc_event_check  nrf_drv_saadc.o
    0x00024450   0x0000000c   Code   RO         3542    i.nrf_saadc_event_clear  nrf_drv_saadc.o
    0x0002445c   0x0000000c   Code   RO         3543    i.nrf_saadc_int_disable  nrf_drv_saadc.o
    0x00024468   0x0000000c   Code   RO         3544    i.nrf_saadc_int_enable  nrf_drv_saadc.o
    0x00024474   0x0000000c   Code   RO         3546    i.nrf_saadc_task_trigger  nrf_drv_saadc.o
    0x00024480   0x0000000c   Code   RO         3689    i.nrf_uart_errorsrc_get_and_clear  nrf_drv_uart.o
    0x0002448c   0x0000000e   Code   RO         3690    i.nrf_uart_event_check  nrf_drv_uart.o
    0x0002449a   0x00000006   Code   RO         3691    i.nrf_uart_event_clear  nrf_drv_uart.o
    0x000244a0   0x0000000a   Code   RO         3692    i.nrf_uart_hwfc_pins_set  nrf_drv_uart.o
    0x000244aa   0x00000006   Code   RO         3693    i.nrf_uart_int_disable  nrf_drv_uart.o
    0x000244b0   0x00000006   Code   RO         3694    i.nrf_uart_int_enable  nrf_drv_uart.o
    0x000244b6   0x00000012   Code   RO         3695    i.nrf_uart_int_enable_check  nrf_drv_uart.o
    0x000244c8   0x00000006   Code   RO         3696    i.nrf_uart_task_trigger  nrf_drv_uart.o
    0x000244ce   0x0000000a   Code   RO         3697    i.nrf_uart_txrx_pins_set  nrf_drv_uart.o
    0x000244d8   0x0000000c   Code   RO         3698    i.nrf_uarte_errorsrc_get_and_clear  nrf_drv_uart.o
    0x000244e4   0x0000000e   Code   RO         3699    i.nrf_uarte_event_check  nrf_drv_uart.o
    0x000244f2   0x00000006   Code   RO         3700    i.nrf_uarte_event_clear  nrf_drv_uart.o
    0x000244f8   0x0000000c   Code   RO         3701    i.nrf_uarte_hwfc_pins_set  nrf_drv_uart.o
    0x00024504   0x00000006   Code   RO         3702    i.nrf_uarte_int_disable  nrf_drv_uart.o
    0x0002450a   0x00000006   Code   RO         3703    i.nrf_uarte_int_enable  nrf_drv_uart.o
    0x00024510   0x0000000a   Code   RO         3704    i.nrf_uarte_rx_amount_get  nrf_drv_uart.o
    0x0002451a   0x00000006   Code   RO         3705    i.nrf_uarte_task_trigger  nrf_drv_uart.o
    0x00024520   0x0000000e   Code   RO         3706    i.nrf_uarte_txrx_pins_set  nrf_drv_uart.o
    0x0002452e   0x00000002   PAD
    0x00024530   0x00000048   Code   RO           30    i.on_adv_evt        main.o
    0x00024578   0x00000020   Code   RO         1442    i.on_auth_status    ble_lls.o
    0x00024598   0x0000007c   Code   RO           31    i.on_bas_evt        main.o
    0x00024614   0x00000144   Code   RO           32    i.on_ble_evt        main.o
    0x00024758   0x00000164   Code   RO         1204    i.on_characteristic_discovery_rsp  ble_db_discovery.o
    0x000248bc   0x00000018   Code   RO          950    i.on_conn_params_update  ble_conn_params.o
    0x000248d4   0x00000006   Code   RO          882    i.on_connect        ble_bas.o
    0x000248da   0x00000002   PAD
    0x000248dc   0x00000038   Code   RO          951    i.on_connect        ble_conn_params.o
    0x00024914   0x00000006   Code   RO         1325    i.on_connect        ble_ias.o
    0x0002491a   0x0000001e   Code   RO         1443    i.on_connect        ble_lls.o
    0x00024938   0x00000006   Code   RO         1544    i.on_connect        ble_tps.o
    0x0002493e   0x00000002   PAD
    0x00024940   0x000000f0   Code   RO         1205    i.on_descriptor_discovery_rsp  ble_db_discovery.o
    0x00024a30   0x00000008   Code   RO          883    i.on_disconnect     ble_bas.o
    0x00024a38   0x00000040   Code   RO          952    i.on_disconnect     ble_conn_params.o
    0x00024a78   0x0000002a   Code   RO         1378    i.on_disconnect     ble_ias_c.o
    0x00024aa2   0x00000038   Code   RO         1444    i.on_disconnect     ble_lls.o
    0x00024ada   0x00000012   Code   RO         1206    i.on_disconnected   ble_db_discovery.o
    0x00024aec   0x0000006c   Code   RO           33    i.on_ias_c_evt      main.o
    0x00024b58   0x00000018   Code   RO           34    i.on_ias_evt        main.o
    0x00024b70   0x00000018   Code   RO           35    i.on_lls_evt        main.o
    0x00024b88   0x0000002c   Code   RO         5252    i.on_operation_failure  fstorage.o
    0x00024bb4   0x00000078   Code   RO         5253    i.on_operation_success  fstorage.o
    0x00024c2c   0x000000cc   Code   RO         1207    i.on_primary_srv_discovery_rsp  ble_db_discovery.o
    0x00024cf8   0x000000ac   Code   RO         1208    i.on_srv_disc_completion  ble_db_discovery.o
    0x00024da4   0x0000004a   Code   RO          884    i.on_write          ble_bas.o
    0x00024dee   0x00000002   PAD
    0x00024df0   0x00000058   Code   RO          953    i.on_write          ble_conn_params.o
    0x00024e48   0x0000002e   Code   RO         1326    i.on_write          ble_ias.o
    0x00024e76   0x00000002   PAD
    0x00024e78   0x000000a4   Code   RO         4864    i.op_enqueue        fds.o
    0x00024f1c   0x00000040   Code   RO         4865    i.page_from_record  fds.o
    0x00024f5c   0x0000002c   Code   RO         4866    i.page_has_space    fds.o
    0x00024f88   0x0000002c   Code   RO         4867    i.page_identify     fds.o
    0x00024fb4   0x0000001e   Code   RO         4868    i.page_is_erased    fds.o
    0x00024fd2   0x00000012   Code   RO         4869    i.page_offsets_update  fds.o
    0x00024fe4   0x00000068   Code   RO         4870    i.page_scan         fds.o
    0x0002504c   0x0000001c   Code   RO         4871    i.page_tag_write_data  fds.o
    0x00025068   0x00000020   Code   RO         4872    i.page_tag_write_swap  fds.o
    0x00025088   0x000000ec   Code   RO         4873    i.pages_init        fds.o
    0x00025174   0x00000080   Code   RO         2869    i.pairing_failure   security_dispatcher.o
    0x000251f4   0x00000048   Code   RO         3010    i.params_reply_pending_process  security_manager.o
    0x0002523c   0x00000020   Code   RO         1752    i.pdb_evt_handler   gattc_cache_manager.o
    0x0002525c   0x0000005c   Code   RO         1806    i.pdb_evt_handler   gatts_cache_manager.o
    0x000252b8   0x0000008e   Code   RO         1909    i.pdb_evt_handler   id_manager.o
    0x00025346   0x00000002   PAD
    0x00025348   0x000001c0   Code   RO         2532    i.pdb_evt_handler   peer_manager.o
    0x00025508   0x00000034   Code   RO         2870    i.pdb_evt_handler   security_dispatcher.o
    0x0002553c   0x00000054   Code   RO         3011    i.pdb_evt_handler   security_manager.o
    0x00025590   0x00000024   Code   RO         2259    i.pdb_evt_send      peer_database.o
    0x000255b4   0x00000020   Code   RO         2261    i.pdb_next_peer_id_get  peer_database.o
    0x000255d4   0x0000001c   Code   RO         2262    i.pdb_peer_allocate  peer_database.o
    0x000255f0   0x0000006c   Code   RO         2263    i.pdb_peer_free     peer_database.o
    0x0002565c   0x0000002c   Code   RO         2264    i.pdb_raw_read      peer_database.o
    0x00025688   0x00000030   Code   RO         2265    i.pdb_raw_store     peer_database.o
    0x000256b8   0x00000030   Code   RO         2266    i.pdb_read_buf_get  peer_database.o
    0x000256e8   0x00000084   Code   RO         2267    i.pdb_register      peer_database.o
    0x0002576c   0x0000014c   Code   RO         2268    i.pdb_write_buf_get  peer_database.o
    0x000258b8   0x0000004c   Code   RO         2269    i.pdb_write_buf_release  peer_database.o
    0x00025904   0x00000128   Code   RO         2270    i.pdb_write_buf_store  peer_database.o
    0x00025a2c   0x0000008c   Code   RO         2271    i.pdb_write_buf_store_prepare  peer_database.o
    0x00025ab8   0x000001d4   Code   RO         2272    i.pds_evt_handler   peer_database.o
    0x00025c8c   0x00000024   Code   RO         2089    i.pds_evt_send      peer_data_storage.o
    0x00025cb0   0x0000002c   Code   RO         2091    i.pds_next_peer_id_get  peer_data_storage.o
    0x00025cdc   0x0000009a   Code   RO         2094    i.pds_peer_data_read  peer_data_storage.o
    0x00025d76   0x00000002   PAD
    0x00025d78   0x00000098   Code   RO         2095    i.pds_peer_data_read_ptr_get  peer_data_storage.o
    0x00025e10   0x000000d4   Code   RO         2096    i.pds_peer_data_update  peer_data_storage.o
    0x00025ee4   0x000000c4   Code   RO         2098    i.pds_peer_data_write  peer_data_storage.o
    0x00025fa8   0x00000080   Code   RO         2099    i.pds_peer_data_write_prepare  peer_data_storage.o
    0x00026028   0x00000040   Code   RO         2100    i.pds_peer_data_write_prepare_cancel  peer_data_storage.o
    0x00026068   0x000000cc   Code   RO         2101    i.pds_peer_data_write_prepared  peer_data_storage.o
    0x00026134   0x0000002c   Code   RO         2102    i.pds_peer_id_allocate  peer_data_storage.o
    0x00026160   0x00000040   Code   RO         2103    i.pds_peer_id_free  peer_data_storage.o
    0x000261a0   0x0000002c   Code   RO         2104    i.pds_peer_id_is_allocated  peer_data_storage.o
    0x000261cc   0x00000068   Code   RO         2105    i.pds_register      peer_data_storage.o
    0x00026234   0x00000018   Code   RO          792    i.peer_address_exists  ble_advertising.o
    0x0002624c   0x0000009c   Code   RO         2106    i.peer_data_clear   peer_data_storage.o
    0x000262e8   0x0000001c   Code   RO         2273    i.peer_data_const_point_to_buffer  peer_database.o
    0x00026304   0x00000038   Code   RO         2052    i.peer_data_deserialize  peer_data.o
    0x0002633c   0x0000000a   Code   RO         2107    i.peer_data_id_to_record_key  peer_data_storage.o
    0x00026346   0x0000001a   Code   RO         2053    i.peer_data_parts_get  peer_data.o
    0x00026360   0x0000001a   Code   RO         2274    i.peer_data_point_to_buffer  peer_database.o
    0x0002637a   0x00000002   PAD
    0x0002637c   0x00000014   Code   RO         2436    i.peer_id_allocate  peer_id.o
    0x00026390   0x0000002c   Code   RO         2437    i.peer_id_delete    peer_id.o
    0x000263bc   0x0000001c   Code   RO         2438    i.peer_id_free      peer_id.o
    0x000263d8   0x00000014   Code   RO         2439    i.peer_id_get_next_deleted  peer_id.o
    0x000263ec   0x00000014   Code   RO         2440    i.peer_id_get_next_used  peer_id.o
    0x00026400   0x00000024   Code   RO         2441    i.peer_id_init      peer_id.o
    0x00026424   0x0000001c   Code   RO         2442    i.peer_id_is_allocated  peer_id.o
    0x00026440   0x00000024   Code   RO         1910    i.peer_id_set       id_manager.o
    0x00026464   0x0000000a   Code   RO         2108    i.peer_id_to_file_id  peer_data_storage.o
    0x0002646e   0x00000002   PAD
    0x00026470   0x00000058   Code   RO         2109    i.peer_ids_init     peer_data_storage.o
    0x000264c8   0x00000130   Code   RO           36    i.peer_manager_init  main.o
    0x000265f8   0x0000003c   Code   RO         1209    i.pending_user_evts_send  ble_db_discovery.o
    0x00026634   0x0000001c   Code   RO         3323    i.pin_in_use_by_gpiote  nrf_drv_gpiote.o
    0x00026650   0x00000018   Code   RO         3324    i.pin_in_use_by_port  nrf_drv_gpiote.o
    0x00026668   0x00000020   Code   RO         3325    i.pin_in_use_by_te  nrf_drv_gpiote.o
    0x00026688   0x0000000c   Code   RO         3326    i.pin_in_use_clear  nrf_drv_gpiote.o
    0x00026694   0x00000062   Code   RO         2770    i.pm_buffer_block_acquire  pm_buffer.o
    0x000266f6   0x0000004e   Code   RO         2771    i.pm_buffer_init    pm_buffer.o
    0x00026744   0x00000030   Code   RO         2772    i.pm_buffer_ptr_get  pm_buffer.o
    0x00026774   0x00000028   Code   RO         2773    i.pm_buffer_release  pm_buffer.o
    0x0002679c   0x00000010   Code   RO         2534    i.pm_conn_sec_config_reply  peer_manager.o
    0x000267ac   0x0000002c   Code   RO         2536    i.pm_conn_secure    peer_manager.o
    0x000267d8   0x000001e8   Code   RO           37    i.pm_evt_handler    main.o
    0x000269c0   0x0000009c   Code   RO         2537    i.pm_init           peer_manager.o
    0x00026a5c   0x00000020   Code   RO         2539    i.pm_local_database_has_changed  peer_manager.o
    0x00026a7c   0x00000014   Code   RO         2804    i.pm_mutex_init     pm_mutex.o
    0x00026a90   0x00000020   Code   RO         2805    i.pm_mutex_lock     pm_mutex.o
    0x00026ab0   0x00000030   Code   RO         2806    i.pm_mutex_lock_first_available  pm_mutex.o
    0x00026ae0   0x00000024   Code   RO         2807    i.pm_mutex_lock_status_get  pm_mutex.o
    0x00026b04   0x00000038   Code   RO         2808    i.pm_mutex_unlock   pm_mutex.o
    0x00026b3c   0x00000030   Code   RO         2541    i.pm_on_ble_evt     peer_manager.o
    0x00026b6c   0x00000024   Code   RO         2552    i.pm_peer_delete    peer_manager.o
    0x00026b90   0x000000c8   Code   RO         2555    i.pm_peer_rank_highest  peer_manager.o
    0x00026c58   0x000000dc   Code   RO         2556    i.pm_peer_ranks_get  peer_manager.o
    0x00026d34   0x00000058   Code   RO         2557    i.pm_peers_delete   peer_manager.o
    0x00026d8c   0x0000003c   Code   RO         2558    i.pm_register       peer_manager.o
    0x00026dc8   0x0000002c   Code   RO         2560    i.pm_sec_params_set  peer_manager.o
    0x00026df4   0x00000030   Code   RO           38    i.power_manage      main.o
    0x00026e24   0x0000002c   Code   RO         3998    i.pstorage_access_status_get  pstorage.o
    0x00026e50   0x00000048   Code   RO         4874    i.queue_advance     fds.o
    0x00026e98   0x00000034   Code   RO         5254    i.queue_advance     fstorage.o
    0x00026ecc   0x0000005c   Code   RO         5255    i.queue_get_next_free  fstorage.o
    0x00026f28   0x000000a4   Code   RO         4875    i.queue_process     fds.o
    0x00026fcc   0x0000006c   Code   RO         5256    i.queue_process     fstorage.o
    0x00027038   0x00000018   Code   RO         4876    i.queue_start       fds.o
    0x00027050   0x0000002c   Code   RO         5257    i.queue_start       fstorage.o
    0x0002707c   0x00000030   Code   RO         2563    i.rank_init         peer_manager.o
    0x000270ac   0x0000004c   Code   RO         1053    i.record_activate   ble_conn_state.o
    0x000270f8   0x00000088   Code   RO         4877    i.record_find       fds.o
    0x00027180   0x00000048   Code   RO         4878    i.record_find_and_delete  fds.o
    0x000271c8   0x0000007c   Code   RO         4879    i.record_find_by_desc  fds.o
    0x00027244   0x00000060   Code   RO         4880    i.record_find_next  fds.o
    0x000272a4   0x00000024   Code   RO         4881    i.record_header_flag_dirty  fds.o
    0x000272c8   0x00000028   Code   RO         4882    i.record_header_write_begin  fds.o
    0x000272f0   0x00000034   Code   RO         4883    i.record_header_write_finalize  fds.o
    0x00027324   0x00000034   Code   RO         4884    i.record_header_write_id  fds.o
    0x00027358   0x00000014   Code   RO         4885    i.record_id_new     fds.o
    0x0002736c   0x0000001c   Code   RO         1054    i.record_invalidate  ble_conn_state.o
    0x00027388   0x00000006   Code   RO         2110    i.record_key_to_peer_data_id  peer_data_storage.o
    0x0002738e   0x00000002   PAD
    0x00027390   0x00000044   Code   RO         1055    i.record_purge_disconnected  ble_conn_state.o
    0x000273d4   0x00000018   Code   RO         1056    i.record_set_disconnected  ble_conn_state.o
    0x000273ec   0x0000004c   Code   RO         4886    i.record_write_chunk  fds.o
    0x00027438   0x00000040   Code   RO         1210    i.registered_handler_get  ble_db_discovery.o
    0x00027478   0x00000044   Code   RO         1211    i.registered_handler_set  ble_db_discovery.o
    0x000274bc   0x00000014   Code   RO         2445    i.release           peer_id.o
    0x000274d0   0x0000000c   Code   RO         4530    i.rtc1_compare0_set  app_timer.o
    0x000274dc   0x0000000c   Code   RO         4531    i.rtc1_counter_get  app_timer.o
    0x000274e8   0x00000018   Code   RO         4532    i.rtc1_init         app_timer.o
    0x00027500   0x0000003c   Code   RO         4533    i.rtc1_start        app_timer.o
    0x0002753c   0x00000058   Code   RO         4534    i.rtc1_stop         app_timer.o
    0x00027594   0x00000050   Code   RO         3708    i.rx_byte           nrf_drv_uart.o
    0x000275e4   0x00000024   Code   RO         3709    i.rx_done_event     nrf_drv_uart.o
    0x00027608   0x00000024   Code   RO         3710    i.rx_enable         nrf_drv_uart.o
    0x0002762c   0x000000a4   Code   RO           39    i.saadc_event_handler  main.o
    0x000276d0   0x0000001c   Code   RO         5747    i.sd_check_ram_start  softdevice_handler.o
    0x000276ec   0x000000d0   Code   RO         5748    i.sd_nvic_EnableIRQ  softdevice_handler.o
    0x000277bc   0x00000068   Code   RO         4744    i.sd_nvic_critical_region_enter  app_util_platform.o
    0x00027824   0x0000000c   Code   RO         1603    i.sdk_mapped_flags_any_set  gatt_cache_manager.o
    0x00027830   0x0000000c   Code   RO         3012    i.sdk_mapped_flags_any_set  security_manager.o
    0x0002783c   0x00000076   Code   RO         5507    i.sdk_mapped_flags_bulk_update_by_key  sdk_mapped_flags.o
    0x000278b2   0x00000024   Code   RO         5508    i.sdk_mapped_flags_first_key_index_get  sdk_mapped_flags.o
    0x000278d6   0x00000012   Code   RO         5509    i.sdk_mapped_flags_get_by_index  sdk_mapped_flags.o
    0x000278e8   0x0000002e   Code   RO         5510    i.sdk_mapped_flags_get_by_key  sdk_mapped_flags.o
    0x00027916   0x00000042   Code   RO         5511    i.sdk_mapped_flags_key_list_get  sdk_mapped_flags.o
    0x00027958   0x0000001a   Code   RO         5513    i.sdk_mapped_flags_update_by_key  sdk_mapped_flags.o
    0x00027972   0x000000da   Code   RO         2871    i.sec_info_request_process  security_dispatcher.o
    0x00027a4c   0x00000036   Code   RO          672    i.sec_mgr_oob_flags_encode  ble_advdata.o
    0x00027a82   0x0000001a   Code   RO         2872    i.sec_params_request_process  security_dispatcher.o
    0x00027a9c   0x000000e8   Code   RO         3013    i.sec_params_verify  security_manager.o
    0x00027b84   0x00000054   Code   RO         2873    i.sec_proc_start    security_dispatcher.o
    0x00027bd8   0x00000034   Code   RO         2874    i.sec_request_process  security_dispatcher.o
    0x00027c0c   0x00000024   Code   RO         2875    i.sec_start_send    security_dispatcher.o
    0x00027c30   0x0000001e   Code   RO         3014    i.send_config_req   security_manager.o
    0x00027c4e   0x00000056   Code   RO         5258    i.send_event        fstorage.o
    0x00027ca4   0x00000068   Code   RO         1604    i.service_changed_pending_flags_check  gatt_cache_manager.o
    0x00027d0c   0x0000005c   Code   RO         1807    i.service_changed_pending_set  gatts_cache_manager.o
    0x00027d68   0x000000b8   Code   RO         1605    i.service_changed_send_in_evt  gatt_cache_manager.o
    0x00027e20   0x00000096   Code   RO          673    i.service_data_encode  ble_advdata.o
    0x00027eb6   0x00000002   PAD
    0x00027eb8   0x00000024   Code   RO           40    i.service_error_handler  main.o
    0x00027edc   0x00000018   Code   RO           41    i.services_init     main.o
    0x00027ef4   0x00000070   Code   RO           42    i.sleep_mode_enter  main.o
    0x00027f64   0x00000028   Code   RO         3015    i.sm_ble_evt_handler  security_manager.o
    0x00027f8c   0x00000024   Code   RO         3016    i.sm_conn_sec_config_reply  security_manager.o
    0x00027fb0   0x000001ac   Code   RO         2564    i.sm_evt_handler    peer_manager.o
    0x0002815c   0x0000002c   Code   RO         3018    i.sm_link_secure    security_manager.o
    0x00028188   0x000000b4   Code   RO         3019    i.sm_register       security_manager.o
    0x0002823c   0x00000044   Code   RO         3021    i.sm_sec_params_set  security_manager.o
    0x00028280   0x00000058   Code   RO         2876    i.smd_ble_evt_handler  security_dispatcher.o
    0x000282d8   0x00000018   Code   RO         1606    i.smd_evt_handler   gatt_cache_manager.o
    0x000282f0   0x000000a0   Code   RO         3022    i.smd_evt_handler   security_manager.o
    0x00028390   0x0000004c   Code   RO         2877    i.smd_link_secure   security_dispatcher.o
    0x000283dc   0x00000134   Code   RO         2878    i.smd_params_reply  security_dispatcher.o
    0x00028510   0x00000084   Code   RO         3023    i.smd_params_reply_perform  security_manager.o
    0x00028594   0x0000006c   Code   RO         2879    i.smd_register      security_dispatcher.o
    0x00028600   0x00000018   Code   RO         5749    i.softdevice_ble_evt_handler_set  softdevice_handler.o
    0x00028618   0x0000001c   Code   RO         5750    i.softdevice_enable  softdevice_handler.o
    0x00028634   0x0000002c   Code   RO         5751    i.softdevice_enable_get_default_config  softdevice_handler.o
    0x00028660   0x00000014   Code   RO         5752    i.softdevice_fault_handler  softdevice_handler.o
    0x00028674   0x00000064   Code   RO         5753    i.softdevice_handler_init  softdevice_handler.o
    0x000286d8   0x00000018   Code   RO         5756    i.softdevice_sys_evt_handler_set  softdevice_handler.o
    0x000286f0   0x0000000e   Code   RO          674    i.srdata_check      ble_advdata.o
    0x000286fe   0x0000004c   Code   RO          613    i.startup_event_extract  bsp_btn_ble.o
    0x0002874a   0x00000032   Code   RO         5259    i.store_execute     fstorage.o
    0x0002877c   0x00000012   Code   RO           43    i.sys_evt_dispatch  main.o
    0x0002878e   0x0000000a   Code   RO         4535    i.ticks_diff_get    app_timer.o
    0x00028798   0x00000078   Code   RO         4536    i.timeout_handler_exec  app_timer.o
    0x00028810   0x00000054   Code   RO         4537    i.timer_list_handler  app_timer.o
    0x00028864   0x0000000a   Code   RO         4538    i.timer_list_handler_sched  app_timer.o
    0x0002886e   0x00000002   PAD
    0x00028870   0x00000068   Code   RO         4539    i.timer_list_insert  app_timer.o
    0x000288d8   0x0000006c   Code   RO         4540    i.timer_list_remove  app_timer.o
    0x00028944   0x0000005c   Code   RO         4541    i.timer_start_op_schedule  app_timer.o
    0x000289a0   0x00000040   Code   RO         4543    i.timer_stop_op_schedule  app_timer.o
    0x000289e0   0x00000098   Code   RO         4544    i.timer_timeouts_check  app_timer.o
    0x00028a78   0x0000000a   Code   RO         4545    i.timer_timeouts_check_sched  app_timer.o
    0x00028a82   0x00000002   PAD
    0x00028a84   0x00000070   Code   RO           44    i.timers_init       main.o
    0x00028af4   0x00000046   Code   RO          675    i.tk_value_encode   ble_advdata.o
    0x00028b3a   0x00000002   PAD
    0x00028b3c   0x00000080   Code   RO           45    i.tps_init          main.o
    0x00028bbc   0x00000038   Code   RO         3711    i.tx_byte           nrf_drv_uart.o
    0x00028bf4   0x0000002c   Code   RO         3712    i.tx_done_event     nrf_drv_uart.o
    0x00028c20   0x000000b8   Code   RO         1545    i.tx_power_level_char_add  ble_tps.o
    0x00028cd8   0x00000036   Code   RO          676    i.tx_power_level_encode  ble_advdata.o
    0x00028d0e   0x00000002   PAD
    0x00028d10   0x00000068   Code   RO         5382    i.uart_error_cb     nrf_log.o
    0x00028d78   0x000000c0   Code   RO         3143    i.uart_event_handler  app_uart_fifo.o
    0x00028e38   0x00000160   Code   RO         3713    i.uart_irq_handler  nrf_drv_uart.o
    0x00028f98   0x0000012c   Code   RO         3714    i.uarte_irq_handler  nrf_drv_uart.o
    0x000290c4   0x0000000c   Code   RO          677    i.uint16_encode     ble_advdata.o
    0x000290d0   0x00000058   Code   RO         1607    i.update_pending_flags_check  gatt_cache_manager.o
    0x00029128   0x00000090   Code   RO          954    i.update_timeout_handler  ble_conn_params.o
    0x000291b8   0x00000014   Code   RO         1057    i.user_flag_acquire  ble_conn_state.o
    0x000291cc   0x0000001c   Code   RO         1058    i.user_flag_is_acquired  ble_conn_state.o
    0x000291e8   0x00000058   Code   RO         4546    i.user_id_get       app_timer.o
    0x00029240   0x00000030   Code   RO         4547    i.user_op_alloc     app_timer.o
    0x00029270   0x00000004   Code   RO         4548    i.user_op_enque     app_timer.o
    0x00029274   0x0000004e   Code   RO          678    i.uuid_list_encode  ble_advdata.o
    0x000292c2   0x000000dc   Code   RO          679    i.uuid_list_sized_encode  ble_advdata.o
    0x0002939e   0x00000012   Code   RO          793    i.whitelist_has_entries  ble_advertising.o
    0x000293b0   0x00000038   Code   RO         2275    i.write_buf_length_words_set  peer_database.o
    0x000293e8   0x00000032   Code   RO         2276    i.write_buffer_record_find  peer_database.o
    0x0002941a   0x00000002   PAD
    0x0002941c   0x00000034   Code   RO         2277    i.write_buffer_record_find_next  peer_database.o
    0x00029450   0x0000000e   Code   RO         2278    i.write_buffer_record_find_unused  peer_database.o
    0x0002945e   0x00000024   Code   RO         2279    i.write_buffer_record_get  peer_database.o
    0x00029482   0x0000002e   Code   RO         2280    i.write_buffer_record_invalidate  peer_database.o
    0x000294b0   0x00000028   Code   RO         2281    i.write_buffer_record_release  peer_database.o
    0x000294d8   0x00000030   Code   RO         1379    i.write_characteristic_value  ble_ias_c.o
    0x00029508   0x00000104   Code   RO         4887    i.write_enqueue     fds.o
    0x0002960c   0x000000b8   Code   RO         4888    i.write_execute     fds.o
    0x000296c4   0x00000068   Code   RO         2282    i.write_or_update   peer_database.o
    0x0002972c   0x0000001c   Code   RO         4889    i.write_space_free  fds.o
    0x00029748   0x0000006c   Code   RO         4890    i.write_space_reserve  fds.o
    0x000297b4   0x00000018   Data   RO           47    .constdata          main.o
    0x000297cc   0x0000003c   Data   RO          508    .constdata          bsp.o
    0x00029808   0x00000004   Data   RO          956    .constdata          ble_conn_params.o
    0x0002980c   0x00000018   Data   RO         1808    .constdata          gatts_cache_manager.o
    0x00029824   0x00000010   Data   RO         2566    .constdata          peer_manager.o
    0x00029834   0x0000003c   Data   RO         2880    .constdata          security_dispatcher.o
    0x00029870   0x00000020   Data   RO         3145    .constdata          app_uart_fifo.o
    0x00029890   0x00000003   Data   RO         3548    .constdata          nrf_drv_saadc.o
    0x00029893   0x00000001   PAD
    0x00029894   0x00000020   Data   RO         3716    .constdata          nrf_drv_uart.o
    0x000298b4   0x00000008   Data   RO         4312    .constdata          app_button.o
    0x000298bc   0x00000014   Data   RO         4892    .constdata          fds.o
    0x000298d0   0x0000000c   Data   RO         5384    .constdata          nrf_log.o
    0x000298dc   0x00000107   Data   RO         1213    .conststring        ble_db_discovery.o
    0x000299e3   0x00000001   PAD
    0x000299e4   0x00000057   Data   RO         5758    .conststring        softdevice_handler.o
    0x00029a3b   0x00000001   PAD
    0x00029a3c   0x00000020   Data   RO         6008    Region$$Table       anon$$obj.o


    Execution Region RW_IRAM1 (Base: 0x20002080, Size: 0x000034f0, Max: 0x0000df80, ABSOLUTE, COMPRESSED[0x0000002c])

    Base Addr    Size         Type   Attr      Idx    E Section Name        Object

    0x20002080   0x00000018   Data   RW           48    .data               main.o
    0x20002098   0x00000019   Data   RW          509    .data               bsp.o
    0x200020b1   0x00000003   PAD
    0x200020b4   0x00000008   Data   RW          614    .data               bsp_btn_ble.o
    0x200020bc   0x00000020   Data   RW          795    .data               ble_advertising.o
    0x200020dc   0x00000015   Data   RW          957    .data               ble_conn_params.o
    0x200020f1   0x00000003   PAD
    0x200020f4   0x0000000d   Data   RW         1214    .data               ble_db_discovery.o
    0x20002101   0x00000003   PAD
    0x20002104   0x00000008   Data   RW         1608    .data               gatt_cache_manager.o
    0x2000210c   0x00000004   Data   RW         1753    .data               gattc_cache_manager.o
    0x20002110   0x0000000a   Data   RW         1809    .data               gatts_cache_manager.o
    0x2000211a   0x00000001   Data   RW         2284    .data               peer_database.o
    0x2000211b   0x00000001   PAD
    0x2000211c   0x00000050   Data   RW         2881    .data               security_dispatcher.o
    0x2000216c   0x00000020   Data   RW         3024    .data               security_manager.o
    0x2000218c   0x00000006   Data   RW         3146    .data               app_uart_fifo.o
    0x20002192   0x00000002   PAD
    0x20002194   0x00000028   Data   RW         4034    .data               pstorage.o
    0x200021bc   0x00000014   Data   RW         4313    .data               app_button.o
    0x200021d0   0x00000022   Data   RW         4549    .data               app_timer.o
    0x200021f2   0x00000002   PAD
    0x200021f4   0x00000018   Data   RW         4893    .data               fds.o
    0x2000220c   0x00000002   Data   RW         5261    .data               fstorage.o
    0x2000220e   0x00000007   Data   RW         5385    .data               nrf_log.o
    0x20002215   0x00000003   PAD
    0x20002218   0x00000008   Data   RW         5472    .data               retarget.o
    0x20002220   0x00000018   Data   RW         5759    .data               softdevice_handler.o
    0x20002238   0x00000004   Data   RW         5863    .data               system_nrf52.o
    0x2000223c   0x00000010   Data   RW         4894    fs_data             fds.o
    0x2000224c   0x000004cc   Zero   RW           46    .bss                main.o
    0x20002718   0x0000006c   Zero   RW          507    .bss                bsp.o
    0x20002784   0x00000103   Zero   RW          794    .bss                ble_advertising.o
    0x20002887   0x00000001   PAD
    0x20002888   0x0000003c   Zero   RW          955    .bss                ble_conn_params.o
    0x200028c4   0x00000034   Zero   RW         1059    .bss                ble_conn_state.o
    0x200028f8   0x000001f8   Zero   RW         1212    .bss                ble_db_discovery.o
    0x20002af0   0x00000138   Zero   RW         1911    .bss                id_manager.o
    0x20002c28   0x00000020   Zero   RW         2111    .bss                peer_data_storage.o
    0x20002c48   0x00000350   Zero   RW         2283    .bss                peer_database.o
    0x20002f98   0x00000040   Zero   RW         2446    .bss                peer_id.o
    0x20002fd8   0x00000020   Zero   RW         2565    .bss                peer_manager.o
    0x20002ff8   0x00000020   Zero   RW         3144    .bss                app_uart_fifo.o
    0x20003018   0x00000058   Zero   RW         3327    .bss                nrf_drv_gpiote.o
    0x20003070   0x0000002c   Zero   RW         3547    .bss                nrf_drv_saadc.o
    0x2000309c   0x00000020   Zero   RW         3715    .bss                nrf_drv_uart.o
    0x200030bc   0x000000d8   Zero   RW         4032    .bss                pstorage.o
    0x20003194   0x00000020   Zero   RW         4311    .bss                app_button.o
    0x200031b4   0x00000020   Zero   RW         4370    .bss                app_error.o
    0x200031d4   0x00000128   Zero   RW         4891    .bss                fds.o
    0x200032fc   0x00000058   Zero   RW         5260    .bss                fstorage.o
    0x20003354   0x0000020b   Zero   RW         5383    .bss                nrf_log.o
    0x2000355f   0x00000001   PAD
    0x20003560   0x0000000c   Zero   RW         5757    .bss                softdevice_handler.o
    0x2000356c   0x00000004   PAD
    0x20003570   0x00002000   Zero   RW         5844    STACK               arm_startup_nrf52.o


==============================================================================

Image component sizes


      Code (inc. data)   RO Data    RW Data    ZI Data      Debug   Object Name

       480         80          8         20         32      10186   app_button.o
       168          4          0          0         32       4202   app_error.o
        26          0          0          0          0        810   app_error_weak.o
       170          0          0          0          0       5770   app_fifo.o
      2514        336          0         34          0      62783   app_timer.o
       462         58         32          6         32      12335   app_uart_fifo.o
       200         24          0          0          0      10222   app_util_platform.o
        36          8       1024          0       8192        952   arm_startup_nrf52.o
      2136          0          0          0          0      25400   ble_advdata.o
      1464        140          0         32        259      14685   ble_advertising.o
       838          0          0          0          0      18643   ble_bas.o
       718        122          4         21         60       9536   ble_conn_params.o
       728        132          0          0         52      12842   ble_conn_state.o
      2214        198        263         13        504      18467   ble_db_discovery.o
       384          0          0          0          0       4768   ble_ias.o
       436          0          0          0          0       8847   ble_ias_c.o
       478          0          0          0          0       6550   ble_lls.o
       124         60          0          0          0       1628   ble_srv_common.o
       268          0          0          0          0       3880   ble_tps.o
      2206        182         60         25        108      14009   bsp.o
       448         18          0          8          0       6217   bsp_btn_ble.o
      4816        428         20         40        296      60787   fds.o
      1190         78          0          2         88      15231   fstorage.o
      1450         74          0          8          0      21162   gatt_cache_manager.o
        82         16          0          4          0       3368   gattc_cache_manager.o
       766         54         24         10          0      10384   gatts_cache_manager.o
      1576         64          0          0        312      20739   id_manager.o
      5218        952         24         24       1228     169909   main.o
        96         12          0          0          0      29015   nrf_drv_common.o
      1402        130          0          0         88      27624   nrf_drv_gpiote.o
       712         74          3          0         44      19519   nrf_drv_saadc.o
      2532        184         32          0         32      44357   nrf_drv_uart.o
       286         80         12          7        523       7176   nrf_log.o
       104          6          0          0          0       6481   nrf_saadc.o
        82          0          0          0          0       2258   peer_data.o
      2120         84          0          0         32      22396   peer_data_storage.o
      2280        102          0          1        848      27280   peer_database.o
       356         38          0          0         64       9214   peer_id.o
      2218        140         16          0         32      20182   peer_manager.o
       264          0          0          0          0       4439   pm_buffer.o
       244          0          0          0          0       5649   pm_mutex.o
        44          8          0         40        216       9673   pstorage.o
        16          0          0          8          0       2954   retarget.o
       310          0          0          0          0       6572   sdk_mapped_flags.o
      2248         72         60         80          0      24826   security_dispatcher.o
      1662         84          0         32          0      19783   security_manager.o
       708         90         87         24         12      40505   softdevice_handler.o
       988        102          0          4          0      32866   system_nrf52.o

    ----------------------------------------------------------------------
     50374       4234       1704        460      13092     917081   Object Totals
         0          0         32          0          0          0   (incl. Generated)
       106          0          3         17          6          0   (incl. Padding)

    ----------------------------------------------------------------------

      Code (inc. data)   RO Data    RW Data    ZI Data      Debug   Library Member Name

        86          0          0          0          0          0   __dczerorl2.o
         0          0          0          0          0          0   entry.o
         0          0          0          0          0          0   entry10a.o
         0          0          0          0          0          0   entry11a.o
         8          4          0          0          0          0   entry2.o
         4          0          0          0          0          0   entry5.o
         0          0          0          0          0          0   entry7b.o
         0          0          0          0          0          0   entry8b.o
         8          4          0          0          0          0   entry9a.o
        30          0          0          0          0          0   handlers.o
        36          8          0          0          0         68   init.o
         0          0          0          0          0          0   iusefp.o
        30          0          0          0          0         68   llshl.o
        36          0          0          0          0         68   llsshr.o
        32          0          0          0          0         68   llushr.o
        26          0          0          0          0         80   memcmp.o
        36          0          0          0          0         68   memcpya.o
        36          0          0          0          0        108   memseta.o
      2242         88          0          0          0        436   printfa.o
        44          0          0          0          0         80   uidiv.o
        98          0          0          0          0         92   uldiv.o
        48          0          0          0          0         68   cdrcmple.o
       334          0          0          0          0        148   dadd.o
       222          0          0          0          0        100   ddiv.o
       186          0          0          0          0        176   depilogue.o
        48          0          0          0          0         68   dfixul.o
       228          0          0          0          0         96   dmul.o

    ----------------------------------------------------------------------
      3822        104          0          0          0       1792   Library Totals
         4          0          0          0          0          0   (incl. Padding)

    ----------------------------------------------------------------------

      Code (inc. data)   RO Data    RW Data    ZI Data      Debug   Library Name

      2752        104          0          0          0       1136   mc_w.l
      1066          0          0          0          0        656   mf_w.l

    ----------------------------------------------------------------------
      3822        104          0          0          0       1792   Library Totals

    ----------------------------------------------------------------------

==============================================================================


      Code (inc. data)   RO Data    RW Data    ZI Data      Debug   

     54196       4338       1704        460      13092     859921   Grand Totals
     54196       4338       1704         44      13092     859921   ELF Image Totals (compressed)
     54196       4338       1704         44          0          0   ROM Totals

==============================================================================

    Total RO  Size (Code + RO Data)                55900 (  54.59kB)
    Total RW  Size (RW Data + ZI Data)             13552 (  13.23kB)
    Total ROM Size (Code + RO Data + RW Data)      55944 (  54.63kB)

==============================================================================

