<html>
<body>
<pre>
<h1>µVision Build Log</h1>
<h2>Tool Versions:</h2>
IDE-Version: µVision V5.21.1.0
Copyright (C) 2016 ARM Ltd and ARM Germany GmbH. All rights reserved.
License Information: Stefan Sverrisson, Nordic Semiconductor ASA, LIC=50D15-0GRXL-HVE5R-I5TLE-X9RMT-7KG3C
 
Tool Versions:
Toolchain:       MDK-ARM Professional  Version: 5.21a
Toolchain Path:  C:\Keil_v5\ARM\ARMCC\Bin
C Compiler:      Armcc.exe V5.06 update 3 (build 300)
Assembler:       Armasm.exe V5.06 update 3 (build 300)
Linker/Locator:  ArmLink.exe V5.06 update 3 (build 300)
Library Manager: ArmAr.exe V5.06 update 3 (build 300)
Hex Converter:   FromElf.exe V5.06 update 3 (build 300)
CPU DLL:         
Dialog DLL:      
Target DLL:      Segger\JL2CM3.dll V2.99.23.0
Dialog DLL:      TCM.DLL V1.14.14.0
 
<h2>Project:</h2>
Z:\nRF51_SDK_zip\Nordic\nRF5_SDK_11.0.0_89a8197\examples\ble_peripheral_received\nRF52-fds-example-master\pca10040\s132\arm5_no_packs\ble_app_proximity_s132_pca10040.uvprojx
Project File Date:  09/28/2016

<h2>Output:</h2>
*** Using Compiler 'V5.06 update 3 (build 300)', folder: 'C:\Keil_v5\ARM\ARMCC\Bin'
Build target 'nrf52832_xxaa_s132'
compiling ble_bas.c...
compiling bsp.c...
compiling bsp_btn_ble.c...
compiling ble_advertising.c...
compiling main.c...
compiling ble_advdata.c...
compiling ble_ias_c.c...
compiling ble_conn_params.c...
compiling ble_ias.c...
compiling ble_conn_state.c...
compiling ble_db_discovery.c...
compiling ble_lls.c...
compiling gattc_cache_manager.c...
compiling ble_tps.c...
compiling ble_srv_common.c...
compiling gatt_cache_manager.c...
compiling gatts_cache_manager.c...
compiling pm_buffer.c...
compiling id_manager.c...
compiling pm_mutex.c...
compiling peer_database.c...
compiling peer_data_storage.c...
compiling peer_id.c...
compiling peer_data.c...
compiling peer_manager.c...
compiling nrf_delay.c...
compiling nrf_drv_common.c...
compiling app_uart_fifo.c...
compiling security_dispatcher.c...
compiling nrf_drv_gpiote.c...
compiling security_manager.c...
compiling nrf_drv_saadc.c...
compiling app_fifo.c...
compiling app_error.c...
compiling app_error_weak.c...
compiling crc16.c...
compiling nrf_saadc.c...
compiling pstorage.c...
compiling nrf_drv_uart.c...
compiling app_button.c...
compiling nrf_assert.c...
compiling fstorage.c...
compiling retarget.c...
compiling RTT_Syscalls_KEIL.c...
compiling fds.c...
compiling sensorsim.c...
compiling SEGGER_RTT_printf.c...
compiling SEGGER_RTT.c...
compiling app_util_platform.c...
assembling arm_startup_nrf52.s...
compiling app_timer.c...
compiling nrf_log.c...
compiling sdk_mapped_flags.c...
compiling system_nrf52.c...
compiling softdevice_handler.c...
linking...
Program Size: Code=54196 RO-data=1704 RW-data=460 ZI-data=13092  
FromELF: creating hex file...
".\_build\nrf52832_xxaa_s132.axf" - 0 Error(s), 0 Warning(s).

<h2>Software Packages used:</h2>

Package Vendor: ARM
                http://www.keil.com/pack/ARM.CMSIS.4.5.0.pack
                ARM::CMSIS:CORE:4.3.0
                CMSIS (Cortex Microcontroller Software Interface Standard)
   * Component: CORE Version: 4.3.0

Package Vendor: NordicSemiconductor
                http://developer.nordicsemi.com/nRF5_SDK/pieces/nRF_DeviceFamilyPack/NordicSemiconductor.nRF_DeviceFamilyPack.8.5.0.pack
                NordicSemiconductor::Device:Startup:8.5.0
                Nordic Semiconductor nRF ARM devices Device Family Pack.
   * Component: Startup Version: 8.5.0

<h2>Collection of Component include folders:</h2>
  Z:\nRF51_SDK_zip\Nordic\nRF5_SDK_11.0.0_89a8197\examples\ble_peripheral_received\nRF52-fds-example-master\pca10040\s132\arm5_no_packs\RTE
  C:\Keil_v5\ARM\PACK\ARM\CMSIS\4.5.0\CMSIS\Include
  C:\Keil_v5\ARM\PACK\NordicSemiconductor\nRF_DeviceFamilyPack\8.5.0\Device\Include
  C:\Keil_v5\ARM\PACK\NordicSemiconductor\nRF_DeviceFamilyPack\8.7.1\Device\Include

<h2>Collection of Component Files used:</h2>

   * Component: ARM::CMSIS:CORE:4.3.0

   * Component: NordicSemiconductor::Device:Startup:8.5.0
      Source file:   Device\Source\arm\arm_startup_nrf52.s
      Source file:   Device\Source\system_nrf52.c
      Include file:  Device\Include\system_nrf52.h
Build Time Elapsed:  00:00:23
</pre>
</body>
</html>
